[Driver] Matrix read start: ../0_florida/af_shell3.mtx
[Driver] Matrix read done elapsed=4.27172 seconds vertices=504855 edges=8542010
[Driver] Binary edge-weight conversion start
[Driver] Binary edge-weight conversion done elapsed=0.0245777 seconds
[Driver] BuildLeidenGraphStats start
[Driver] BuildLeidenGraphStats done elapsed=0.0347903 seconds
[Leiden] graph copy start
[Leiden] graph copy done elapsed=0.0404375 seconds
[Leiden] stats copy start
[Leiden] stats copy done elapsed=0.000542 seconds
[Leiden] singleton partition start
[Leiden] singleton partition done elapsed=0.0174344 seconds
[Leiden] original mapping initialization start
[Leiden] original mapping initialization done elapsed=4.5375e-05 seconds
[Leiden] level 1 start
[Leiden] current number of vertices: 504855
[Leiden] current number of edges: 8542010
[Leiden] MoveNodesFast start
[MoveNodesFast Stage4B.4] sweep=1 processed=1589760 moves=536507 failed_validations=5 neighbor_scans=53820265 candidate_evaluations=13620899 enqueue_attempts=13802687 successful_enqueues=1084905 duplicate_suppressions=12717782 duplicate_rate=0.921399 queue_thread_time=7.69857 wall_time=1.31807
[MoveNodesFast Stage4B.4] sweep=2 processed=504855 moves=0 failed_validations=0 neighbor_scans=17084020 candidate_evaluations=1410480 enqueue_attempts=0 successful_enqueues=0 duplicate_suppressions=0 duplicate_rate=0 queue_thread_time=1.57748 wall_time=0.268012
[Leiden] MoveNodesFast done
[Leiden] num_moves: 536507
[Leiden] num_visits: 2094615
[Leiden] elapsed time: 1.62897 seconds
[Leiden] RefinePartition start
[RefinePartition] done processed_parent_communities=15184 total_parent_communities=15184 processed_vertices=504855
[RefinePartition profile] member construction: 0.00573062 s
[RefinePartition profile] subset processing: 2.00121 s
[RefinePartition profile] local result storage: 2.00121 s (included in subset processing)
[RefinePartition profile] global ID prefix: 0.000615666 s
[RefinePartition profile] global assignment reconstruction: 0.00150725 s
[RefinePartition profile] MakePartition rebuild: 0.0223063 s
[RefinePartition profile] total: 2.05843 s
[RefineDetailed] level=1 n=504855 m=8542010 community_slots=504851 active_parents=15184 empty_slots=489667 min_id=5 max_id=504850 member_vectors=504851
[RefineDetailed] wall_times member_construction=0.00573062 subset_processing=2.00121 global_id_prefix=0.000615666 global_assignment=0.00150725 make_partition=0.0223063 total=2.05843
[RefineDetailed] subsets=15184 vertices=504855 min_size=15 max_size=120 avg_size=33.2491 adjacency_volume=17084020 max_adjacency_volume=3910 avg_adjacency_volume=1125.13
[RefineDetailed] size_bins=0,0,15172,12,0
[RefineDetailed] candidates=504855 processed=504855 singleton_skips=31101 neighbor_builds=473754 neighbor_adjacency_scans=16031291 touched=9220617 active_iterations=10135363 sparse_iterations=5812763 sparse_full_ratio=0.573513 exceptional_additions=0 max_sparse_targets=35 delta_evaluations=5339009 nondecreasing=5812763 selections=473754 moves=473754
[RefineDetailed] stats_build_calls=15184 stats_build_vertices=504855 stats_build_adjacency_scans=17084020 stats_update_calls=473754 stats_update_adjacency_scans=16031291
[RefineDetailed refresh] initial_calls=15184 move_calls=0 total_time=0.0202728 avg_time=1.33514e-06 max_time=0.0001185 entries_scanned=504855 active_produced=504855 sort_elements=504855 refine_ratio=0.00984865
[RefineDetailed active_update] calls=473754 activations=0 deactivations=473754 no_change=0 total_time=0.0186026
[RefineDetailed] cpu_times reset=0.0166641 mass=0.00234057 candidate_scan=0.0759531 shuffle=0.011575 scratch_init=11.5204 stats_build=0.137118 candidate_processing=0.769315 compaction=2.33682 subset_total=14.8975
[RefineDetailed] local_communities_total=31101 average=2.04827 max=8 local_result_vertices=504855 local_assignment_entries=504855
[RefineDetailed] threads=8 init_total_cpu=0.0195998 init_max_wall_proxy=0.00304496 init_avg=0.00244998 scratch_bytes_per_thread=14640795 scratch_bytes_total=117126360
[RefineDetailed] thread_work_min=1.66652 max=1.98522 avg=1.86749 max_avg=1.06304
[RefineDetailed top] rank=1 parent=446435 size=30 adjacency_volume=1020 time=0.00518417 local_communities=2 max_active_communities=30 avg_sparse_targets=11.3929 max_sparse_targets=22 delta_evaluations=291 refinement_moves=28 refresh_calls=1 refresh_time=2.458e-06
[RefineDetailed top] rank=2 parent=132575 size=40 adjacency_volume=1360 time=0.00506071 local_communities=2 max_active_communities=40 avg_sparse_targets=13.0526 max_sparse_targets=34 delta_evaluations=458 refinement_moves=38 refresh_calls=1 refresh_time=3.458e-06
[RefineDetailed top] rank=3 parent=454435 size=35 adjacency_volume=1190 time=0.00502946 local_communities=4 max_active_communities=35 avg_sparse_targets=12.3226 max_sparse_targets=23 delta_evaluations=351 refinement_moves=31 refresh_calls=1 refresh_time=2.208e-06
[RefineDetailed top] rank=4 parent=84825 size=50 adjacency_volume=1700 time=0.00453904 local_communities=3 max_active_communities=50 avg_sparse_targets=13.6383 max_sparse_targets=34 delta_evaluations=594 refinement_moves=47 refresh_calls=1 refresh_time=3.167e-06
[RefineDetailed top] rank=5 parent=103805 size=30 adjacency_volume=1020 time=0.00448279 local_communities=2 max_active_communities=30 avg_sparse_targets=11.5714 max_sparse_targets=22 delta_evaluations=296 refinement_moves=28 refresh_calls=1 refresh_time=2.5e-06
[Leiden] RefinePartition done
[Leiden] number of refined communities: 31101
[Leiden] elapsed time: 2.07166 seconds
[Leiden] AggregateGraph start
[Leiden] AggregateGraph done
[Leiden] aggregate vertices: 31101
[Leiden] aggregate edges: 143882
[Leiden] elapsed time: 0.0201447 seconds
[Leiden] BuildCoarsePartition start
[Leiden] BuildCoarsePartition done
[Leiden] elapsed time: 0.00190746 seconds
[Leiden] total level time: 3.76423 seconds
[Leiden] level 2 start
[Leiden] current number of vertices: 31101
[Leiden] current number of edges: 143882
[Leiden] MoveNodesFast start
[MoveNodesFast Stage4B.4] sweep=1 processed=99141 moves=22463 failed_validations=44 neighbor_scans=742108 candidate_evaluations=388883 enqueue_attempts=165201 successful_enqueues=68040 duplicate_suppressions=97161 duplicate_rate=0.588138 queue_thread_time=0.415148 wall_time=0.0635473
[MoveNodesFast Stage4B.4] sweep=2 processed=31233 moves=31 failed_validations=0 neighbor_scans=226582 candidate_evaluations=92399 enqueue_attempts=193 successful_enqueues=132 duplicate_suppressions=61 duplicate_rate=0.316062 queue_thread_time=0.0828008 wall_time=0.0124583
[MoveNodesFast Stage4B.4] sweep=3 processed=31101 moves=0 failed_validations=0 neighbor_scans=225562 candidate_evaluations=91948 enqueue_attempts=0 successful_enqueues=0 duplicate_suppressions=0 duplicate_rate=0 queue_thread_time=0.0841157 wall_time=0.0125019
[Leiden] MoveNodesFast done
[Leiden] num_moves: 22494
[Leiden] num_visits: 161475
[Leiden] elapsed time: 0.0906325 seconds
[Leiden] RefinePartition start
[RefinePartition] done processed_parent_communities=4409 total_parent_communities=4409 processed_vertices=31101
[RefinePartition profile] member construction: 0.000628125 s
[RefinePartition profile] subset processing: 0.0281609 s
[RefinePartition profile] local result storage: 0.0281609 s (included in subset processing)
[RefinePartition profile] global ID prefix: 1.275e-05 s
[RefinePartition profile] global assignment reconstruction: 7.875e-05 s
[RefinePartition profile] MakePartition rebuild: 0.000782167 s
[RefinePartition profile] total: 0.0305598 s
[RefineDetailed] level=2 n=31101 m=143882 community_slots=15182 active_parents=4409 empty_slots=10773 min_id=1 max_id=15181 member_vectors=15182
[RefineDetailed] wall_times member_construction=0.000628125 subset_processing=0.0281609 global_id_prefix=1.275e-05 global_assignment=7.875e-05 make_partition=0.000782167 total=0.0305598
[RefineDetailed] subsets=4409 vertices=31101 min_size=2 max_size=43 avg_size=7.05398 adjacency_volume=256663 max_adjacency_volume=368 avg_adjacency_volume=58.2134
[RefineDetailed] size_bins=0,3704,705,0,0
[RefineDetailed] candidates=31101 processed=31101 singleton_skips=9235 neighbor_builds=21866 neighbor_adjacency_scans=168678 touched=118465 active_iterations=153015 sparse_iterations=79960 sparse_full_ratio=0.522563 exceptional_additions=0 max_sparse_targets=13 delta_evaluations=58094 nondecreasing=79960 selections=21866 moves=21866
[RefineDetailed] stats_build_calls=4409 stats_build_vertices=31101 stats_build_adjacency_scans=256663 stats_update_calls=21866 stats_update_adjacency_scans=168678
[RefineDetailed refresh] initial_calls=4409 move_calls=0 total_time=0.00142158 avg_time=3.22427e-07 max_time=1.075e-05 entries_scanned=31101 active_produced=31101 sort_elements=31101 refine_ratio=0.0465181
[RefineDetailed active_update] calls=21866 activations=0 deactivations=21866 no_change=0 total_time=0.00098263
[RefineDetailed] cpu_times reset=0.000298449 mass=0.00015966 candidate_scan=0.00218528 shuffle=0.000614758 scratch_init=0.0556829 stats_build=0.0054187 candidate_processing=0.0194279 compaction=0.0430368 subset_total=0.128913
[RefineDetailed] local_communities_total=9235 average=2.09458 max=13 local_result_vertices=31101 local_assignment_entries=31101
[RefineDetailed] threads=8 init_total_cpu=0.000722375 init_max_wall_proxy=0.00015675 init_avg=9.02969e-05 scratch_bytes_per_thread=901929 scratch_bytes_total=7215432
[RefineDetailed] thread_work_min=0.0132283 max=0.0242253 avg=0.0174846 max_avg=1.38552
[RefineDetailed top] rank=1 parent=9997 size=5 adjacency_volume=50 time=0.000183042 local_communities=2 max_active_communities=5 avg_sparse_targets=3.66667 max_sparse_targets=4 delta_evaluations=8 refinement_moves=3 refresh_calls=1 refresh_time=2.92e-07
[RefineDetailed top] rank=2 parent=13293 size=7 adjacency_volume=58 time=0.000151917 local_communities=3 max_active_communities=7 avg_sparse_targets=3 max_sparse_targets=3 delta_evaluations=8 refinement_moves=4 refresh_calls=1 refresh_time=1.291e-06
[RefineDetailed top] rank=3 parent=9491 size=5 adjacency_volume=43 time=0.00013575 local_communities=1 max_active_communities=5 avg_sparse_targets=2.75 max_sparse_targets=4 delta_evaluations=7 refinement_moves=4 refresh_calls=1 refresh_time=1.667e-06
[RefineDetailed top] rank=4 parent=13415 size=19 adjacency_volume=145 time=0.000127083 local_communities=6 max_active_communities=19 avg_sparse_targets=4.30769 max_sparse_targets=7 delta_evaluations=43 refinement_moves=13 refresh_calls=1 refresh_time=8.33e-07
[RefineDetailed top] rank=5 parent=11388 size=11 adjacency_volume=87 time=0.000122875 local_communities=4 max_active_communities=11 avg_sparse_targets=3.85714 max_sparse_targets=6 delta_evaluations=20 refinement_moves=7 refresh_calls=1 refresh_time=1.209e-06
[Leiden] RefinePartition done
[Leiden] number of refined communities: 9235
[Leiden] elapsed time: 0.0316028 seconds
[Leiden] AggregateGraph start
[Leiden] AggregateGraph done
[Leiden] aggregate vertices: 9235
[Leiden] aggregate edges: 36560
[Leiden] elapsed time: 0.00194821 seconds
[Leiden] BuildCoarsePartition start
[Leiden] BuildCoarsePartition done
[Leiden] elapsed time: 0.0003705 seconds
[Leiden] total level time: 0.126624 seconds
[Leiden] level 3 start
[Leiden] current number of vertices: 9235
[Leiden] current number of edges: 36560
[Leiden] MoveNodesFast start
[MoveNodesFast Stage4B.4] sweep=1 processed=26664 moves=6112 failed_validations=11 neighbor_scans=161548 candidate_evaluations=96021 enqueue_attempts=36098 successful_enqueues=17429 duplicate_suppressions=18669 duplicate_rate=0.517175 queue_thread_time=0.114932 wall_time=0.0177026
[MoveNodesFast Stage4B.4] sweep=2 processed=9310 moves=20 failed_validations=0 neighbor_scans=55126 candidate_evaluations=25377 enqueue_attempts=105 successful_enqueues=75 duplicate_suppressions=30 duplicate_rate=0.285714 queue_thread_time=0.0277833 wall_time=0.00417788
[MoveNodesFast Stage4B.4] sweep=3 processed=9240 moves=1 failed_validations=0 neighbor_scans=54679 candidate_evaluations=25149 enqueue_attempts=9 successful_enqueues=5 duplicate_suppressions=4 duplicate_rate=0.444444 queue_thread_time=0.0254951 wall_time=0.00382637
[MoveNodesFast Stage4B.4] sweep=4 processed=9235 moves=0 failed_validations=0 neighbor_scans=54650 candidate_evaluations=25133 enqueue_attempts=0 successful_enqueues=0 duplicate_suppressions=0 duplicate_rate=0 queue_thread_time=0.0219389 wall_time=0.00332358
[Leiden] MoveNodesFast done
[Leiden] num_moves: 6133
[Leiden] num_visits: 54449
[Leiden] elapsed time: 0.0297138 seconds
[Leiden] RefinePartition start
[RefinePartition] done processed_parent_communities=1323 total_parent_communities=1323 processed_vertices=9235
[RefinePartition profile] member construction: 0.000183333 s
[RefinePartition profile] subset processing: 0.00481158 s
[RefinePartition profile] local result storage: 0.00481158 s (included in subset processing)
[RefinePartition profile] global ID prefix: 6.834e-06 s
[RefinePartition profile] global assignment reconstruction: 2.3375e-05 s
[RefinePartition profile] MakePartition rebuild: 0.000210416 s
[RefinePartition profile] total: 0.00539758 s
[RefineDetailed] level=3 n=9235 m=36560 community_slots=4407 active_parents=1323 empty_slots=3084 min_id=0 max_id=4406 member_vectors=4407
[RefineDetailed] wall_times member_construction=0.000183333 subset_processing=0.00481158 global_id_prefix=6.834e-06 global_assignment=2.3375e-05 make_partition=0.000210416 total=0.00539758
[RefineDetailed] subsets=1323 vertices=9235 min_size=2 max_size=32 avg_size=6.98035 adjacency_volume=63885 max_adjacency_volume=218 avg_adjacency_volume=48.288
[RefineDetailed] size_bins=0,1081,242,0,0
[RefineDetailed] candidates=9235 processed=9235 singleton_skips=3047 neighbor_builds=6188 neighbor_adjacency_scans=42444 touched=31208 active_iterations=43244 sparse_iterations=22448 sparse_full_ratio=0.519101 exceptional_additions=0 max_sparse_targets=11 delta_evaluations=16260 nondecreasing=22448 selections=6188 moves=6188
[RefineDetailed] stats_build_calls=1323 stats_build_vertices=9235 stats_build_adjacency_scans=63885 stats_update_calls=6188 stats_update_adjacency_scans=42444
[RefineDetailed refresh] initial_calls=1323 move_calls=0 total_time=0.000332121 avg_time=2.51036e-07 max_time=1.583e-06 entries_scanned=9235 active_produced=9235 sort_elements=9235 refine_ratio=0.0615314
[RefineDetailed active_update] calls=6188 activations=0 deactivations=6188 no_change=0 total_time=0.000263483
[RefineDetailed] cpu_times reset=8.2374e-05 mass=4.1711e-05 candidate_scan=0.000606223 shuffle=0.000184347 scratch_init=0.0056883 stats_build=0.00147374 candidate_processing=0.00541447 compaction=0.00415272 subset_total=0.0181938
[RefineDetailed] local_communities_total=3047 average=2.3031 max=12 local_result_vertices=9235 local_assignment_entries=9235
[RefineDetailed] threads=8 init_total_cpu=0.000136959 init_max_wall_proxy=2.5208e-05 init_avg=1.71199e-05 scratch_bytes_per_thread=267815 scratch_bytes_total=2142520
[RefineDetailed] thread_work_min=0.00177178 max=0.00348454 avg=0.00263533 max_avg=1.32224
[RefineDetailed top] rank=1 parent=3861 size=12 adjacency_volume=80 time=6.4709e-05 local_communities=5 max_active_communities=12 avg_sparse_targets=4.14286 max_sparse_targets=6 delta_evaluations=22 refinement_moves=7 refresh_calls=1 refresh_time=7.09e-07
[RefineDetailed top] rank=2 parent=3881 size=30 adjacency_volume=210 time=6.4334e-05 local_communities=9 max_active_communities=30 avg_sparse_targets=4.80952 max_sparse_targets=7 delta_evaluations=80 refinement_moves=21 refresh_calls=1 refresh_time=1.583e-06
[RefineDetailed top] rank=3 parent=3368 size=25 adjacency_volume=174 time=5.0959e-05 local_communities=8 max_active_communities=25 avg_sparse_targets=4.23529 max_sparse_targets=7 delta_evaluations=55 refinement_moves=17 refresh_calls=1 refresh_time=1.084e-06
[RefineDetailed top] rank=4 parent=3323 size=18 adjacency_volume=120 time=4.3875e-05 local_communities=4 max_active_communities=18 avg_sparse_targets=4.28571 max_sparse_targets=6 delta_evaluations=46 refinement_moves=14 refresh_calls=1 refresh_time=7.08e-07
[RefineDetailed top] rank=5 parent=812 size=25 adjacency_volume=172 time=4.3291e-05 local_communities=8 max_active_communities=25 avg_sparse_targets=4.52941 max_sparse_targets=7 delta_evaluations=60 refinement_moves=17 refresh_calls=1 refresh_time=9.59e-07
[Leiden] RefinePartition done
[Leiden] number of refined communities: 3047
[Leiden] elapsed time: 0.0057315 seconds
[Leiden] AggregateGraph start
[Leiden] AggregateGraph done
[Leiden] aggregate vertices: 3047
[Leiden] aggregate edges: 11895
[Leiden] elapsed time: 0.000741708 seconds
[Leiden] BuildCoarsePartition start
[Leiden] BuildCoarsePartition done
[Leiden] elapsed time: 0.000133709 seconds
[Leiden] total level time: 0.0370494 seconds
[Leiden] level 4 start
[Leiden] current number of vertices: 3047
[Leiden] current number of edges: 11895
[Leiden] MoveNodesFast start
[MoveNodesFast Stage4B.4] sweep=1 processed=8236 moves=1807 failed_validations=3 neighbor_scans=49198 candidate_evaluations=28992 enqueue_attempts=10385 successful_enqueues=5189 duplicate_suppressions=5196 duplicate_rate=0.500337 queue_thread_time=0.0340327 wall_time=0.00525663
[MoveNodesFast Stage4B.4] sweep=2 processed=3047 moves=0 failed_validations=0 neighbor_scans=17696 candidate_evaluations=8170 enqueue_attempts=0 successful_enqueues=0 duplicate_suppressions=0 duplicate_rate=0 queue_thread_time=0.0093656 wall_time=0.001457
[Leiden] MoveNodesFast done
[Leiden] num_moves: 1807
[Leiden] num_visits: 11283
[Leiden] elapsed time: 0.00699554 seconds
[Leiden] RefinePartition start
[RefinePartition] done processed_parent_communities=440 total_parent_communities=440 processed_vertices=3047
[RefinePartition profile] member construction: 6.3542e-05 s
[RefinePartition profile] subset processing: 0.00124192 s
[RefinePartition profile] local result storage: 0.00124192 s (included in subset processing)
[RefinePartition profile] global ID prefix: 6.708e-06 s
[RefinePartition profile] global assignment reconstruction: 1.0417e-05 s
[RefinePartition profile] MakePartition rebuild: 7.6584e-05 s
[RefinePartition profile] total: 0.00147188 s
[RefineDetailed] level=4 n=3047 m=11895 community_slots=1322 active_parents=440 empty_slots=882 min_id=1 max_id=1321 member_vectors=1322
[RefineDetailed] wall_times member_construction=6.3542e-05 subset_processing=0.00124192 global_id_prefix=6.708e-06 global_assignment=1.0417e-05 make_partition=7.6584e-05 total=0.00147188
[RefineDetailed] subsets=440 vertices=3047 min_size=2 max_size=29 avg_size=6.925 adjacency_volume=20743 max_adjacency_volume=211 avg_adjacency_volume=47.1432
[RefineDetailed] size_bins=0,364,76,0,0
[RefineDetailed] candidates=3047 processed=3047 singleton_skips=965 neighbor_builds=2082 neighbor_adjacency_scans=13966 touched=10245 active_iterations=14241 sparse_iterations=7454 sparse_full_ratio=0.523418 exceptional_additions=0 max_sparse_targets=10 delta_evaluations=5372 nondecreasing=7453 selections=2082 moves=2082
[RefineDetailed] stats_build_calls=440 stats_build_vertices=3047 stats_build_adjacency_scans=20743 stats_update_calls=2082 stats_update_adjacency_scans=13966
[RefineDetailed refresh] initial_calls=440 move_calls=0 total_time=0.000105611 avg_time=2.40025e-07 max_time=1.459e-06 entries_scanned=3047 active_produced=3047 sort_elements=3047 refine_ratio=0.0717527
[RefineDetailed active_update] calls=2082 activations=0 deactivations=2082 no_change=0 total_time=9.3697e-05
[RefineDetailed] cpu_times reset=1.8665e-05 mass=1.3962e-05 candidate_scan=0.000190418 shuffle=6.1625e-05 scratch_init=0.000788258 stats_build=0.000483703 candidate_processing=0.00193183 compaction=0.000561761 subset_total=0.00424822
[RefineDetailed] local_communities_total=965 average=2.19318 max=8 local_result_vertices=3047 local_assignment_entries=3047
[RefineDetailed] threads=8 init_total_cpu=0.000108043 init_max_wall_proxy=2.8084e-05 init_avg=1.35054e-05 scratch_bytes_per_thread=88363 scratch_bytes_total=706904
[RefineDetailed] thread_work_min=0.0004 max=0.00073008 avg=0.000566343 max_avg=1.28911
[RefineDetailed top] rank=1 parent=1004 size=22 adjacency_volume=154 time=4.3958e-05 local_communities=6 max_active_communities=22 avg_sparse_targets=4.375 max_sparse_targets=9 delta_evaluations=54 refinement_moves=16 refresh_calls=1 refresh_time=1.459e-06
[RefineDetailed top] rank=2 parent=884 size=24 adjacency_volume=169 time=4.0417e-05 local_communities=7 max_active_communities=24 avg_sparse_targets=4.64706 max_sparse_targets=9 delta_evaluations=62 refinement_moves=17 refresh_calls=1 refresh_time=1.084e-06
[RefineDetailed top] rank=3 parent=251 size=25 adjacency_volume=164 time=3.7458e-05 local_communities=8 max_active_communities=25 avg_sparse_targets=4.88235 max_sparse_targets=8 delta_evaluations=66 refinement_moves=17 refresh_calls=1 refresh_time=1e-06
[RefineDetailed top] rank=4 parent=167 size=18 adjacency_volume=118 time=3.3708e-05 local_communities=6 max_active_communities=18 avg_sparse_targets=4.5 max_sparse_targets=8 delta_evaluations=42 refinement_moves=12 refresh_calls=1 refresh_time=8.75e-07
[RefineDetailed top] rank=5 parent=1012 size=19 adjacency_volume=120 time=3.2958e-05 local_communities=6 max_active_communities=19 avg_sparse_targets=4.69231 max_sparse_targets=9 delta_evaluations=48 refinement_moves=13 refresh_calls=1 refresh_time=7.08e-07
[Leiden] RefinePartition done
[Leiden] number of refined communities: 965
[Leiden] elapsed time: 0.00162483 seconds
[Leiden] AggregateGraph start
[Leiden] AggregateGraph done
[Leiden] aggregate vertices: 965
[Leiden] aggregate edges: 3693
[Leiden] elapsed time: 0.0003375 seconds
[Leiden] BuildCoarsePartition start
[Leiden] BuildCoarsePartition done
[Leiden] elapsed time: 4.4e-05 seconds
[Leiden] total level time: 0.00945763 seconds
[Leiden] level 5 start
[Leiden] current number of vertices: 965
[Leiden] current number of edges: 3693
[Leiden] MoveNodesFast start
[MoveNodesFast Stage4B.4] sweep=1 processed=2365 moves=473 failed_validations=3 neighbor_scans=13840 candidate_evaluations=8533 enqueue_attempts=2761 successful_enqueues=1400 duplicate_suppressions=1361 duplicate_rate=0.492937 queue_thread_time=0.00854834 wall_time=0.00138108
[MoveNodesFast Stage4B.4] sweep=2 processed=994 moves=11 failed_validations=0 neighbor_scans=5626 candidate_evaluations=2881 enqueue_attempts=39 successful_enqueues=29 duplicate_suppressions=10 duplicate_rate=0.25641 queue_thread_time=0.00283845 wall_time=0.000474375
[MoveNodesFast Stage4B.4] sweep=3 processed=969 moves=1 failed_validations=0 neighbor_scans=5485 candidate_evaluations=2783 enqueue_attempts=8 successful_enqueues=4 duplicate_suppressions=4 duplicate_rate=0.5 queue_thread_time=0.00247526 wall_time=0.000409625
[MoveNodesFast Stage4B.4] sweep=4 processed=965 moves=0 failed_validations=0 neighbor_scans=5456 candidate_evaluations=2767 enqueue_attempts=0 successful_enqueues=0 duplicate_suppressions=0 duplicate_rate=0 queue_thread_time=0.00249464 wall_time=0.000415875
[Leiden] MoveNodesFast done
[Leiden] num_moves: 485
[Leiden] num_visits: 5293
[Leiden] elapsed time: 0.00292229 seconds
[Leiden] RefinePartition start
[RefinePartition] done processed_parent_communities=181 total_parent_communities=181 processed_vertices=965
[RefinePartition profile] member construction: 2.025e-05 s
[RefinePartition profile] subset processing: 0.000458792 s
[RefinePartition profile] local result storage: 0.000458792 s (included in subset processing)
[RefinePartition profile] global ID prefix: 7.92e-07 s
[RefinePartition profile] global assignment reconstruction: 4.167e-06 s
[RefinePartition profile] MakePartition rebuild: 3.4083e-05 s
[RefinePartition profile] total: 0.000556542 s
[RefineDetailed] level=5 n=965 m=3693 community_slots=438 active_parents=181 empty_slots=257 min_id=1 max_id=437 member_vectors=438
[RefineDetailed] wall_times member_construction=2.025e-05 subset_processing=0.000458792 global_id_prefix=7.92e-07 global_assignment=4.167e-06 make_partition=3.4083e-05 total=0.000556542
[RefineDetailed] subsets=181 vertices=965 min_size=2 max_size=14 avg_size=5.33149 adjacency_volume=6421 max_adjacency_volume=94 avg_adjacency_volume=35.4751
[RefineDetailed] size_bins=0,170,11,0,0
[RefineDetailed] candidates=965 processed=965 singleton_skips=324 neighbor_builds=641 neighbor_adjacency_scans=4177 touched=3098 active_iterations=3232 sparse_iterations=2084 sparse_full_ratio=0.644802 exceptional_additions=0 max_sparse_targets=8 delta_evaluations=1443 nondecreasing=2084 selections=641 moves=641
[RefineDetailed] stats_build_calls=181 stats_build_vertices=965 stats_build_adjacency_scans=6421 stats_update_calls=641 stats_update_adjacency_scans=4177
[RefineDetailed refresh] initial_calls=181 move_calls=0 total_time=4.0879e-05 avg_time=2.25851e-07 max_time=6.67e-07 entries_scanned=965 active_produced=965 sort_elements=965 refine_ratio=0.0734518
[RefineDetailed active_update] calls=641 activations=0 deactivations=641 no_change=0 total_time=2.7587e-05
[RefineDetailed] cpu_times reset=6.213e-06 mass=5.405e-06 candidate_scan=7.0633e-05 shuffle=1.9337e-05 scratch_init=0.000207951 stats_build=0.000168078 candidate_processing=0.000593381 compaction=0.000111923 subset_total=0.00126538
[RefineDetailed] local_communities_total=324 average=1.79006 max=5 local_result_vertices=965 local_assignment_entries=965
[RefineDetailed] threads=8 init_total_cpu=6.4168e-05 init_max_wall_proxy=2.0292e-05 init_avg=8.021e-06 scratch_bytes_per_thread=27985 scratch_bytes_total=223880
[RefineDetailed] thread_work_min=0.000137963 max=0.000222707 avg=0.000173635 max_avg=1.28261
[RefineDetailed top] rank=1 parent=385 size=14 adjacency_volume=92 time=2.6834e-05 local_communities=5 max_active_communities=14 avg_sparse_targets=4.22222 max_sparse_targets=6 delta_evaluations=29 refinement_moves=9 refresh_calls=1 refresh_time=6.66e-07
[RefineDetailed top] rank=2 parent=330 size=11 adjacency_volume=77 time=2.1875e-05 local_communities=4 max_active_communities=11 avg_sparse_targets=4.28571 max_sparse_targets=6 delta_evaluations=23 refinement_moves=7 refresh_calls=1 refresh_time=6.67e-07
[RefineDetailed top] rank=3 parent=359 size=11 adjacency_volume=64 time=1.7541e-05 local_communities=3 max_active_communities=11 avg_sparse_targets=3.625 max_sparse_targets=7 delta_evaluations=21 refinement_moves=8 refresh_calls=1 refresh_time=5e-07
[RefineDetailed top] rank=4 parent=405 size=9 adjacency_volume=61 time=1.7333e-05 local_communities=2 max_active_communities=9 avg_sparse_targets=3.57143 max_sparse_targets=5 delta_evaluations=18 refinement_moves=7 refresh_calls=1 refresh_time=4.16e-07
[RefineDetailed top] rank=5 parent=342 size=10 adjacency_volume=64 time=1.6708e-05 local_communities=3 max_active_communities=10 avg_sparse_targets=3.42857 max_sparse_targets=5 delta_evaluations=17 refinement_moves=7 refresh_calls=1 refresh_time=5.83e-07
[Leiden] RefinePartition done
[Leiden] number of refined communities: 324
[Leiden] elapsed time: 0.000644625 seconds
[Leiden] AggregateGraph start
[Leiden] AggregateGraph done
[Leiden] aggregate vertices: 324
[Leiden] aggregate edges: 1204
[Leiden] elapsed time: 0.000206042 seconds
[Leiden] BuildCoarsePartition start
[Leiden] BuildCoarsePartition done
[Leiden] elapsed time: 1.6375e-05 seconds
[Leiden] total level time: 0.00417783 seconds
[Leiden] level 6 start
[Leiden] current number of vertices: 324
[Leiden] current number of edges: 1204
[Leiden] MoveNodesFast start
[MoveNodesFast Stage4B.4] sweep=1 processed=704 moves=135 failed_validations=1 neighbor_scans=3997 candidate_evaluations=2734 enqueue_attempts=766 successful_enqueues=380 duplicate_suppressions=386 duplicate_rate=0.503916 queue_thread_time=0.00188905 wall_time=0.000352708
[MoveNodesFast Stage4B.4] sweep=2 processed=328 moves=2 failed_validations=0 neighbor_scans=1782 candidate_evaluations=1081 enqueue_attempts=7 successful_enqueues=4 duplicate_suppressions=3 duplicate_rate=0.428571 queue_thread_time=0.000857884 wall_time=0.000169292
[MoveNodesFast Stage4B.4] sweep=3 processed=324 moves=0 failed_validations=0 neighbor_scans=1760 candidate_evaluations=1064 enqueue_attempts=0 successful_enqueues=0 duplicate_suppressions=0 duplicate_rate=0 queue_thread_time=0.000604283 wall_time=0.00013375
[Leiden] MoveNodesFast done
[Leiden] num_moves: 137
[Leiden] num_visits: 1356
[Leiden] elapsed time: 0.000807334 seconds
[Leiden] RefinePartition start
[RefinePartition] done processed_parent_communities=91 total_parent_communities=91 processed_vertices=324
[RefinePartition profile] member construction: 8.125e-06 s
[RefinePartition profile] subset processing: 0.000239167 s
[RefinePartition profile] local result storage: 0.000239167 s (included in subset processing)
[RefinePartition profile] global ID prefix: 5.41e-07 s
[RefinePartition profile] global assignment reconstruction: 2e-06 s
[RefinePartition profile] MakePartition rebuild: 1.6375e-05 s
[RefinePartition profile] total: 0.000288875 s
[RefineDetailed] level=6 n=324 m=1204 community_slots=181 active_parents=91 empty_slots=90 min_id=1 max_id=180 member_vectors=181
[RefineDetailed] wall_times member_construction=8.125e-06 subset_processing=0.000239167 global_id_prefix=5.41e-07 global_assignment=2e-06 make_partition=1.6375e-05 total=0.000288875
[RefineDetailed] subsets=91 vertices=324 min_size=2 max_size=8 avg_size=3.56044 adjacency_volume=2084 max_adjacency_volume=47 avg_adjacency_volume=22.9011
[RefineDetailed] size_bins=0,91,0,0,0
[RefineDetailed] candidates=324 processed=324 singleton_skips=120 neighbor_builds=204 neighbor_adjacency_scans=1295 touched=967 active_iterations=661 sparse_iterations=569 sparse_full_ratio=0.860817 exceptional_additions=0 max_sparse_targets=5 delta_evaluations=365 nondecreasing=561 selections=204 moves=204
[RefineDetailed] stats_build_calls=91 stats_build_vertices=324 stats_build_adjacency_scans=2084 stats_update_calls=204 stats_update_adjacency_scans=1295
[RefineDetailed refresh] initial_calls=91 move_calls=0 total_time=1.8249e-05 avg_time=2.00538e-07 max_time=4.58e-07 entries_scanned=324 active_produced=324 sort_elements=324 refine_ratio=0.0631727
[RefineDetailed active_update] calls=204 activations=0 deactivations=204 no_change=0 total_time=9.872e-06
[RefineDetailed] cpu_times reset=2.832e-06 mass=2.587e-06 candidate_scan=2.791e-05 shuffle=5.671e-06 scratch_init=0.000100539 stats_build=6.9172e-05 candidate_processing=0.000207716 compaction=4.7083e-05 subset_total=0.000507669
[RefineDetailed] local_communities_total=120 average=1.31868 max=3 local_result_vertices=324 local_assignment_entries=324
[RefineDetailed] threads=8 init_total_cpu=4.8248e-05 init_max_wall_proxy=1.15e-05 init_avg=6.031e-06 scratch_bytes_per_thread=9396 scratch_bytes_total=75168
[RefineDetailed] thread_work_min=5.0959e-05 max=8.8374e-05 avg=7.01718e-05 max_avg=1.2594
[RefineDetailed top] rank=1 parent=168 size=5 adjacency_volume=27 time=1.9625e-05 local_communities=2 max_active_communities=5 avg_sparse_targets=3.33333 max_sparse_targets=4 delta_evaluations=7 refinement_moves=3 refresh_calls=1 refresh_time=4.16e-07
[RefineDetailed top] rank=2 parent=32 size=2 adjacency_volume=16 time=1.5e-05 local_communities=1 max_active_communities=2 avg_sparse_targets=2 max_sparse_targets=2 delta_evaluations=1 refinement_moves=1 refresh_calls=1 refresh_time=3.34e-07
[RefineDetailed top] rank=3 parent=23 size=6 adjacency_volume=35 time=1.375e-05 local_communities=2 max_active_communities=6 avg_sparse_targets=3.25 max_sparse_targets=4 delta_evaluations=9 refinement_moves=4 refresh_calls=1 refresh_time=4.58e-07
[RefineDetailed top] rank=4 parent=160 size=5 adjacency_volume=31 time=1.3e-05 local_communities=1 max_active_communities=5 avg_sparse_targets=2.75 max_sparse_targets=3 delta_evaluations=7 refinement_moves=4 refresh_calls=1 refresh_time=4.17e-07
[RefineDetailed top] rank=5 parent=162 size=6 adjacency_volume=42 time=1.1958e-05 local_communities=3 max_active_communities=6 avg_sparse_targets=3.66667 max_sparse_targets=4 delta_evaluations=8 refinement_moves=3 refresh_calls=1 refresh_time=3.34e-07
[Leiden] RefinePartition done
[Leiden] number of refined communities: 120
[Leiden] elapsed time: 0.00036675 seconds
[Leiden] AggregateGraph start
[Leiden] AggregateGraph done
[Leiden] aggregate vertices: 120
[Leiden] aggregate edges: 426
[Leiden] elapsed time: 0.000141167 seconds
[Leiden] BuildCoarsePartition start
[Leiden] BuildCoarsePartition done
[Leiden] elapsed time: 1.0792e-05 seconds
[Leiden] total level time: 0.00166563 seconds
[Leiden] level 7 start
[Leiden] current number of vertices: 120
[Leiden] current number of edges: 426
[Leiden] MoveNodesFast start
[MoveNodesFast Stage4B.4] sweep=1 processed=206 moves=27 failed_validations=1 neighbor_scans=1092 candidate_evaluations=989 enqueue_attempts=163 successful_enqueues=86 duplicate_suppressions=77 duplicate_rate=0.472393 queue_thread_time=0.000478216 wall_time=0.000107375
[MoveNodesFast Stage4B.4] sweep=2 processed=120 moves=0 failed_validations=0 neighbor_scans=612 candidate_evaluations=526 enqueue_attempts=0 successful_enqueues=0 duplicate_suppressions=0 duplicate_rate=0 queue_thread_time=0.000173752 wall_time=6.2375e-05
[Leiden] MoveNodesFast done
[Leiden] num_moves: 27
[Leiden] num_visits: 326
[Leiden] elapsed time: 0.000279209 seconds
[Leiden] RefinePartition start
[RefinePartition] done processed_parent_communities=67 total_parent_communities=67 processed_vertices=120
[RefinePartition profile] member construction: 3.167e-06 s
[RefinePartition profile] subset processing: 0.000195958 s
[RefinePartition profile] local result storage: 0.000195958 s (included in subset processing)
[RefinePartition profile] global ID prefix: 2.09e-07 s
[RefinePartition profile] global assignment reconstruction: 9.59e-07 s
[RefinePartition profile] MakePartition rebuild: 3.042e-06 s
[RefinePartition profile] total: 0.000224292 s
[RefineDetailed] level=7 n=120 m=426 community_slots=91 active_parents=67 empty_slots=24 min_id=1 max_id=90 member_vectors=91
[RefineDetailed] wall_times member_construction=3.167e-06 subset_processing=0.000195958 global_id_prefix=2.09e-07 global_assignment=9.59e-07 make_partition=3.042e-06 total=0.000224292
[RefineDetailed] subsets=67 vertices=120 min_size=1 max_size=3 avg_size=1.79104 adjacency_volume=732 max_adjacency_volume=20 avg_adjacency_volume=10.9254
[RefineDetailed] size_bins=26,41,0,0,0
[RefineDetailed] candidates=120 processed=120 singleton_skips=41 neighbor_builds=79 neighbor_adjacency_scans=490 touched=388 active_iterations=144 sparse_iterations=143 sparse_full_ratio=0.993056 exceptional_additions=0 max_sparse_targets=3 delta_evaluations=64 nondecreasing=142 selections=79 moves=53
[RefineDetailed] stats_build_calls=67 stats_build_vertices=120 stats_build_adjacency_scans=732 stats_update_calls=53 stats_update_adjacency_scans=313
[RefineDetailed refresh] initial_calls=67 move_calls=0 total_time=8.583e-06 avg_time=1.28104e-07 max_time=2.92e-07 entries_scanned=120 active_produced=120 sort_elements=120 refine_ratio=0.0382671
[RefineDetailed active_update] calls=53 activations=0 deactivations=53 no_change=0 total_time=1.953e-06
[RefineDetailed] cpu_times reset=1.335e-06 mass=1.536e-06 candidate_scan=1.4337e-05 shuffle=2.003e-06 scratch_init=3.159e-05 stats_build=2.5425e-05 candidate_processing=5.0459e-05 compaction=1.8457e-05 subset_total=0.000171712
[RefineDetailed] local_communities_total=67 average=1 max=1 local_result_vertices=120 local_assignment_entries=120
[RefineDetailed] threads=8 init_total_cpu=1.3956e-05 init_max_wall_proxy=5.208e-06 init_avg=1.7445e-06 scratch_bytes_per_thread=3480 scratch_bytes_total=27840
[RefineDetailed] thread_work_min=1.7542e-05 max=4.7669e-05 avg=2.57815e-05 max_avg=1.84896
[RefineDetailed top] rank=1 parent=70 size=2 adjacency_volume=12 time=1.1708e-05 local_communities=1 max_active_communities=2 avg_sparse_targets=2 max_sparse_targets=2 delta_evaluations=1 refinement_moves=1 refresh_calls=1 refresh_time=1.25e-07
[RefineDetailed top] rank=2 parent=12 size=3 adjacency_volume=17 time=9.209e-06 local_communities=1 max_active_communities=3 avg_sparse_targets=2.5 max_sparse_targets=3 delta_evaluations=3 refinement_moves=2 refresh_calls=1 refresh_time=2.5e-07
[RefineDetailed top] rank=3 parent=61 size=2 adjacency_volume=13 time=7e-06 local_communities=1 max_active_communities=2 avg_sparse_targets=2 max_sparse_targets=2 delta_evaluations=1 refinement_moves=1 refresh_calls=1 refresh_time=1.25e-07
[RefineDetailed top] rank=4 parent=15 size=2 adjacency_volume=12 time=6.25e-06 local_communities=1 max_active_communities=2 avg_sparse_targets=2 max_sparse_targets=2 delta_evaluations=1 refinement_moves=1 refresh_calls=1 refresh_time=2.5e-07
[RefineDetailed top] rank=5 parent=13 size=2 adjacency_volume=13 time=5.5e-06 local_communities=1 max_active_communities=2 avg_sparse_targets=2 max_sparse_targets=2 delta_evaluations=1 refinement_moves=1 refresh_calls=1 refresh_time=2.5e-07
[Leiden] RefinePartition done
[Leiden] number of refined communities: 67
[Leiden] elapsed time: 0.000295667 seconds
[Leiden] AggregateGraph start
[Leiden] AggregateGraph done
[Leiden] aggregate vertices: 67
[Leiden] aggregate edges: 230
[Leiden] elapsed time: 0.000301041 seconds
[Leiden] BuildCoarsePartition start
[Leiden] BuildCoarsePartition done
[Leiden] elapsed time: 2.875e-06 seconds
[Leiden] total level time: 0.001213 seconds
[Leiden] level 8 start
[Leiden] current number of vertices: 67
[Leiden] current number of edges: 230
[Leiden] MoveNodesFast start
[MoveNodesFast Stage4B.4] sweep=1 processed=67 moves=0 failed_validations=0 neighbor_scans=326 candidate_evaluations=326 enqueue_attempts=0 successful_enqueues=0 duplicate_suppressions=0 duplicate_rate=0 queue_thread_time=6.623e-06 wall_time=3.1875e-05
[Leiden] MoveNodesFast done
[Leiden] num_moves: 0
[Leiden] num_visits: 67
[Leiden] elapsed time: 8.8959e-05 seconds
[Leiden] total level time: 0.000119334 seconds
[Leiden] converged because num_moves == 0
Method              : LeidenMD
Matrix              : ../0_florida/af_shell3.mtx
Resolution          : 1.0
Theta               : 0.01
Seed                : 0
Number of vertices  : 504855
Number of edges     : 8542010
Number of blocks    : 67
Number of colors    : 5
Leiden levels       : 8
Leiden moves        : 567590
MoveNodesFast time  : 1.76041 s
  Neighbor weights time : 0 s
  Candidate build time  : 0 s
  Delta evaluation time : 0 s
  Move node time        : 0 s
    Self-loop scan time     : 0 s
    Validation time         : 0 s
    EnsureCommunity time    : 0 s
    Statistics update time  : 0 s
    Empty-community time    : 0 s
    Move-node residual time : 0 s
  Neighbor requeue time : 0 s
  Residual time         : 1.76041 s
  MoveNodesFast visits  : 2328864
  MoveNodesFast moves   : 567590
  Total candidates      : 0
  Stage4A rounds        : 0
  Stage4A active scan   : 0 s
  Stage4A neighbor scan : 0 s
  Stage4A candidate eval: 0 s
  Stage4A proposal total: 0 s
  Stage4A commit total  : 0 s
  Stage4A revalidation  : 0 s
  Stage4A affected next : 0 s
  Stage4A buffer clear  : 0 s
  Stage4A total         : 0 s
  Stage4A active vertices: 0
  Stage4A positive proposals: 0
  Stage4A committed moves: 0
  Stage4A rejected proposals: 0
  Stage4A average active/round: 0
  Stage4A maximum active/round: 0
  Stage4A reactivation neighbor scans: 0
  Stage4A target-community exclusions: 0
  Stage4A newly activated neighbors: 0
  Stage4A duplicate activation attempts: 0
  Stage4A commit/proposal ratio: 0
  Stage4B processed vertices: 2328864
  Stage4B successful moves: 567590
  Stage4B failed validations: 68
  Stage4B neighbor scans: 72531410
  Stage4B candidate evaluations: 15837135
  Stage4B enqueue attempts/success/duplicate: 14018422/1177678/12840744
  Stage4B empty attempts/failures: 2328795/0
  Stage4B commit attempts/retries: 567658/68
  Stage4B lock attempts/contentions: 1135316/235
  Stage4B verification sweeps: 21
  Stage4B productive sweeps: 13
  Stage4B final verification wall: 0.285938 s
  Stage4B final verification processed: 549714
  Stage4B final verification neighbor scans: 17390082
  Stage4B final verification candidate evals: 1540414
  Stage4B final verification enqueue dup rate: 0
  Stage4B neighbor time: 1.45555 s
  Stage4B candidate time: 1.01243 s
  Stage4B lock wait: 0.0247875 s
  Stage4B commit/revalidation: 0.176846 s
  Stage4B affected update: 0.194244 s
  Stage4B queue management: 10.112 s
  Stage4B final rebuild: 0.0268147 s
  Stage4B total: 1.75666 s
RefinePartition time: 2.11192 s
AggregateGraph time : 0.0238203 s
BuildCoarse time    : 0.00248571 s
Leiden total time   : 4.03888 s
Execution time      : 4.14792 s
Quality value (internal objective): 1.63088e+07
Block file          : af_shell3_LeidenMD_gamma1.0.blk
Color file          : af_shell3_LeidenMD_gamma1.0.bcol
