[Driver] Matrix read start: ../0_florida/Emilia_923.mtx
[Driver] Matrix read done elapsed=9.6749 seconds vertices=923136 edges=20041035
[Driver] Binary edge-weight conversion start
[Driver] Binary edge-weight conversion done elapsed=0.0440925 seconds
[Driver] BuildLeidenGraphStats start
[Driver] BuildLeidenGraphStats done elapsed=0.0756513 seconds
[Leiden] graph copy start
[Leiden] graph copy done elapsed=0.0827706 seconds
[Leiden] stats copy start
[Leiden] stats copy done elapsed=0.00094425 seconds
[Leiden] singleton partition start
[Leiden] singleton partition done elapsed=0.0390365 seconds
[Leiden] original mapping initialization start
[Leiden] original mapping initialization done elapsed=8.1792e-05 seconds
[Leiden] level 1 start
[Leiden] current number of vertices: 923136
[Leiden] current number of edges: 20041035
[Leiden] MoveNodesFast start
[MoveNodesFast Stage4B.4] sweep=1 processed=5019194 moves=1252895 failed_validations=48 neighbor_scans=218805562 candidate_evaluations=44984448 enqueue_attempts=44243924 successful_enqueues=4096058 duplicate_suppressions=40147866 duplicate_rate=0.907421 queue_thread_time=24.018 wall_time=4.43624
[MoveNodesFast Stage4B.4] sweep=2 processed=923136 moves=0 failed_validations=0 neighbor_scans=40082070 candidate_evaluations=3674295 enqueue_attempts=0 successful_enqueues=0 duplicate_suppressions=0 duplicate_rate=0 queue_thread_time=2.94728 wall_time=0.548705
[Leiden] MoveNodesFast done
[Leiden] num_moves: 1252895
[Leiden] num_visits: 5942330
[Leiden] elapsed time: 5.07507 seconds
[Leiden] RefinePartition start
[RefinePartition] done processed_parent_communities=14934 total_parent_communities=14934 processed_vertices=923136
[RefinePartition profile] member construction: 0.00890542 s
[RefinePartition profile] subset processing: 3.85663 s
[RefinePartition profile] local result storage: 3.85663 s (included in subset processing)
[RefinePartition profile] global ID prefix: 0.00103433 s
[RefinePartition profile] global assignment reconstruction: 0.00298633 s
[RefinePartition profile] MakePartition rebuild: 0.0549475 s
[RefinePartition profile] total: 3.982 s
[RefineDetailed] level=1 n=923136 m=20041035 community_slots=923074 active_parents=14934 empty_slots=908140 min_id=57 max_id=923073 member_vectors=923074
[RefineDetailed] wall_times member_construction=0.00890542 subset_processing=3.85663 global_id_prefix=0.00103433 global_assignment=0.00298633 make_partition=0.0549475 total=3.982
[RefineDetailed] subsets=14934 vertices=923136 min_size=12 max_size=2022 avg_size=61.8144 adjacency_volume=40082070 max_adjacency_volume=89130 avg_adjacency_volume=2683.95
[RefineDetailed] size_bins=0,0,13145,1788,1
[RefineDetailed] candidates=923136 processed=923136 singleton_skips=59081 neighbor_builds=864055 neighbor_adjacency_scans=37512632 touched=23597713 active_iterations=45710920 sparse_iterations=12714814 sparse_full_ratio=0.278157 exceptional_additions=0 max_sparse_targets=57 delta_evaluations=11850759 nondecreasing=12714814 selections=864055 moves=864055
[RefineDetailed] stats_build_calls=14934 stats_build_vertices=923136 stats_build_adjacency_scans=40082070 stats_update_calls=864055 stats_update_adjacency_scans=37512632
[RefineDetailed refresh] initial_calls=14934 move_calls=0 total_time=0.0373443 avg_time=2.50062e-06 max_time=0.000159375 entries_scanned=923136 active_produced=923136 sort_elements=923136 refine_ratio=0.00937828
[RefineDetailed active_update] calls=864055 activations=0 deactivations=864055 no_change=0 total_time=0.0368706
[RefineDetailed] cpu_times reset=0.0524684 mass=0.00301495 candidate_scan=0.266167 shuffle=0.0222651 scratch_init=21.5132 stats_build=0.376834 candidate_processing=1.97407 compaction=4.67005 subset_total=28.9251
[RefineDetailed] local_communities_total=59081 average=3.95614 max=95 local_result_vertices=923136 local_assignment_entries=923136
[RefineDetailed] threads=8 init_total_cpu=0.0394258 init_max_wall_proxy=0.00617154 init_avg=0.00492822 scratch_bytes_per_thread=26770944 scratch_bytes_total=214167552
[RefineDetailed] thread_work_min=3.37675 max=3.83761 avg=3.62356 max_avg=1.05907
[RefineDetailed top] rank=1 parent=140961 size=42 adjacency_volume=1830 time=0.0121498 local_communities=2 max_active_communities=42 avg_sparse_targets=12.825 max_sparse_targets=36 delta_evaluations=473 refinement_moves=40 refresh_calls=1 refresh_time=3.292e-06
[RefineDetailed top] rank=2 parent=637389 size=36 adjacency_volume=1638 time=0.0110663 local_communities=2 max_active_communities=36 avg_sparse_targets=11.6176 max_sparse_targets=25 delta_evaluations=361 refinement_moves=34 refresh_calls=1 refresh_time=3.25e-06
[RefineDetailed top] rank=3 parent=807717 size=36 adjacency_volume=1341 time=0.0107855 local_communities=1 max_active_communities=36 avg_sparse_targets=11.3714 max_sparse_targets=25 delta_evaluations=363 refinement_moves=35 refresh_calls=1 refresh_time=3.75e-06
[RefineDetailed top] rank=4 parent=706368 size=171 adjacency_volume=7632 time=0.0106421 local_communities=9 max_active_communities=171 avg_sparse_targets=17.5679 max_sparse_targets=44 delta_evaluations=2684 refinement_moves=162 refresh_calls=1 refresh_time=8.542e-06
[RefineDetailed top] rank=5 parent=173247 size=72 adjacency_volume=3114 time=0.00983304 local_communities=6 max_active_communities=72 avg_sparse_targets=14.4545 max_sparse_targets=32 delta_evaluations=888 refinement_moves=66 refresh_calls=1 refresh_time=1.875e-06
[Leiden] RefinePartition done
[Leiden] number of refined communities: 59081
[Leiden] elapsed time: 4.01757 seconds
[Leiden] AggregateGraph start
[Leiden] AggregateGraph done
[Leiden] aggregate vertices: 59081
[Leiden] aggregate edges: 578680
[Leiden] elapsed time: 0.0565006 seconds
[Leiden] BuildCoarsePartition start
[Leiden] BuildCoarsePartition done
[Leiden] elapsed time: 0.00418558 seconds
[Leiden] total level time: 9.22408 seconds
[Leiden] level 2 start
[Leiden] current number of vertices: 59081
[Leiden] current number of edges: 578680
[Leiden] MoveNodesFast start
[MoveNodesFast Stage4B.4] sweep=1 processed=386883 moves=53851 failed_validations=38 neighbor_scans=7428872 candidate_evaluations=2457639 enqueue_attempts=903215 successful_enqueues=327802 duplicate_suppressions=575413 duplicate_rate=0.637072 queue_thread_time=1.6161 wall_time=0.275559
[MoveNodesFast Stage4B.4] sweep=2 processed=59169 moves=8 failed_validations=0 neighbor_scans=1040952 candidate_evaluations=241641 enqueue_attempts=143 successful_enqueues=88 duplicate_suppressions=55 duplicate_rate=0.384615 queue_thread_time=0.176828 wall_time=0.0278415
[MoveNodesFast Stage4B.4] sweep=3 processed=59081 moves=0 failed_validations=0 neighbor_scans=1039198 candidate_evaluations=241183 enqueue_attempts=0 successful_enqueues=0 duplicate_suppressions=0 duplicate_rate=0 queue_thread_time=0.174469 wall_time=0.0273909
[Leiden] MoveNodesFast done
[Leiden] num_moves: 53859
[Leiden] num_visits: 505133
[Leiden] elapsed time: 0.335192 seconds
[Leiden] RefinePartition start
[RefinePartition] done processed_parent_communities=2810 total_parent_communities=2810 processed_vertices=59081
[RefinePartition profile] member construction: 0.000612042 s
[RefinePartition profile] subset processing: 0.0362158 s
[RefinePartition profile] local result storage: 0.0362158 s (included in subset processing)
[RefinePartition profile] global ID prefix: 1.5542e-05 s
[RefinePartition profile] global assignment reconstruction: 0.000122541 s
[RefinePartition profile] MakePartition rebuild: 0.00217846 s
[RefinePartition profile] total: 0.0403938 s
[RefineDetailed] level=2 n=59081 m=578680 community_slots=14934 active_parents=2810 empty_slots=12124 min_id=2 max_id=14933 member_vectors=14934
[RefineDetailed] wall_times member_construction=0.000612042 subset_processing=0.0362158 global_id_prefix=1.5542e-05 global_assignment=0.000122541 make_partition=0.00217846 total=0.0403938
[RefineDetailed] subsets=2810 vertices=59081 min_size=2 max_size=1068 avg_size=21.0253 adjacency_volume=1098279 max_adjacency_volume=19989 avg_adjacency_volume=390.847
[RefineDetailed] size_bins=0,1538,1186,85,1
[RefineDetailed] candidates=59081 processed=59081 singleton_skips=13534 neighbor_builds=45547 neighbor_adjacency_scans=737419 touched=548045 active_iterations=3698987 sparse_iterations=311709 sparse_full_ratio=0.0842687 exceptional_additions=0 max_sparse_targets=41 delta_evaluations=266162 nondecreasing=311709 selections=45547 moves=45547
[RefineDetailed] stats_build_calls=2810 stats_build_vertices=59081 stats_build_adjacency_scans=1098279 stats_update_calls=45547 stats_update_adjacency_scans=737419
[RefineDetailed refresh] initial_calls=2810 move_calls=0 total_time=0.00218079 avg_time=7.76081e-07 max_time=5.0125e-05 entries_scanned=59081 active_produced=59081 sort_elements=59081 refine_ratio=0.0539882
[RefineDetailed active_update] calls=45547 activations=0 deactivations=45547 no_change=0 total_time=0.00219877
[RefineDetailed] cpu_times reset=0.000980143 mass=0.000187468 candidate_scan=0.00694508 shuffle=0.00126248 scratch_init=0.0766598 stats_build=0.0130552 candidate_processing=0.0576956 compaction=0.0537326 subset_total=0.2123
[RefineDetailed] local_communities_total=13534 average=4.81637 max=234 local_result_vertices=59081 local_assignment_entries=59081
[RefineDetailed] threads=8 init_total_cpu=0.00210596 init_max_wall_proxy=0.000736375 init_avg=0.000263245 scratch_bytes_per_thread=1713349 scratch_bytes_total=13706792
[RefineDetailed] thread_work_min=0.0214368 max=0.0331342 avg=0.0273389 max_avg=1.21198
[RefineDetailed top] rank=1 parent=12300 size=1068 adjacency_volume=19989 time=0.00298317 local_communities=234 max_active_communities=1068 avg_sparse_targets=11.307 max_sparse_targets=37 delta_evaluations=8596 refinement_moves=834 refresh_calls=1 refresh_time=5.0125e-05
[RefineDetailed top] rank=2 parent=2722 size=845 adjacency_volume=15969 time=0.00211125 local_communities=178 max_active_communities=845 avg_sparse_targets=10.4528 max_sparse_targets=37 delta_evaluations=6305 refinement_moves=667 refresh_calls=1 refresh_time=3.475e-05
[RefineDetailed top] rank=3 parent=13187 size=467 adjacency_volume=8697 time=0.00133433 local_communities=106 max_active_communities=467 avg_sparse_targets=9.89751 max_sparse_targets=25 delta_evaluations=3212 refinement_moves=361 refresh_calls=1 refresh_time=2.0292e-05
[RefineDetailed top] rank=4 parent=7516 size=81 adjacency_volume=1430 time=0.00122871 local_communities=18 max_active_communities=81 avg_sparse_targets=7.07937 max_sparse_targets=19 delta_evaluations=383 refinement_moves=63 refresh_calls=1 refresh_time=3.792e-06
[RefineDetailed top] rank=5 parent=11559 size=757 adjacency_volume=13774 time=0.000919084 local_communities=171 max_active_communities=757 avg_sparse_targets=10.5614 max_sparse_targets=36 delta_evaluations=5603 refinement_moves=586 refresh_calls=1 refresh_time=2e-05
[Leiden] RefinePartition done
[Leiden] number of refined communities: 13534
[Leiden] elapsed time: 0.0420835 seconds
[Leiden] AggregateGraph start
[Leiden] AggregateGraph done
[Leiden] aggregate vertices: 13534
[Leiden] aggregate edges: 114780
[Leiden] elapsed time: 0.00466392 seconds
[Leiden] BuildCoarsePartition start
[Leiden] BuildCoarsePartition done
[Leiden] elapsed time: 0.000666708 seconds
[Leiden] total level time: 0.387197 seconds
[Leiden] level 3 start
[Leiden] current number of vertices: 13534
[Leiden] current number of edges: 114780
[Leiden] MoveNodesFast start
[MoveNodesFast Stage4B.4] sweep=1 processed=56185 moves=8808 failed_validations=8 neighbor_scans=881036 candidate_evaluations=278370 enqueue_attempts=119996 successful_enqueues=42651 duplicate_suppressions=77345 duplicate_rate=0.644563 queue_thread_time=0.241335 wall_time=0.0385495
[MoveNodesFast Stage4B.4] sweep=2 processed=13713 moves=22 failed_validations=0 neighbor_scans=205557 candidate_evaluations=44755 enqueue_attempts=267 successful_enqueues=179 duplicate_suppressions=88 duplicate_rate=0.329588 queue_thread_time=0.0381724 wall_time=0.00586642
[MoveNodesFast Stage4B.4] sweep=3 processed=13534 moves=0 failed_validations=0 neighbor_scans=202492 candidate_evaluations=43884 enqueue_attempts=0 successful_enqueues=0 duplicate_suppressions=0 duplicate_rate=0 queue_thread_time=0.0378007 wall_time=0.00578712
[Leiden] MoveNodesFast done
[Leiden] num_moves: 8830
[Leiden] num_visits: 83432
[Leiden] elapsed time: 0.0512812 seconds
[Leiden] RefinePartition start
[RefinePartition] done processed_parent_communities=398 total_parent_communities=398 processed_vertices=13534
[RefinePartition profile] member construction: 0.000120083 s
[RefinePartition profile] subset processing: 0.00410404 s
[RefinePartition profile] local result storage: 0.00410404 s (included in subset processing)
[RefinePartition profile] global ID prefix: 5.833e-06 s
[RefinePartition profile] global assignment reconstruction: 1.6583e-05 s
[RefinePartition profile] MakePartition rebuild: 0.000493708 s
[RefinePartition profile] total: 0.00499513 s
[RefineDetailed] level=3 n=13534 m=114780 community_slots=2807 active_parents=398 empty_slots=2409 min_id=2 max_id=2806 member_vectors=2807
[RefineDetailed] wall_times member_construction=0.000120083 subset_processing=0.00410404 global_id_prefix=5.833e-06 global_assignment=1.6583e-05 make_partition=0.000493708 total=0.00499513
[RefineDetailed] subsets=398 vertices=13534 min_size=2 max_size=336 avg_size=34.005 adjacency_volume=216026 max_adjacency_volume=5454 avg_adjacency_volume=542.779
[RefineDetailed] size_bins=0,128,241,29,0
[RefineDetailed] candidates=13534 processed=13534 singleton_skips=3438 neighbor_builds=10096 neighbor_adjacency_scans=152532 touched=117637 active_iterations=579813 sparse_iterations=76551 sparse_full_ratio=0.132027 exceptional_additions=0 max_sparse_targets=30 delta_evaluations=66455 nondecreasing=76544 selections=10096 moves=10096
[RefineDetailed] stats_build_calls=398 stats_build_vertices=13534 stats_build_adjacency_scans=216026 stats_update_calls=10096 stats_update_adjacency_scans=152532
[RefineDetailed refresh] initial_calls=398 move_calls=0 total_time=0.000383743 avg_time=9.64178e-07 max_time=1.4041e-05 entries_scanned=13534 active_produced=13534 sort_elements=13534 refine_ratio=0.0768235
[RefineDetailed active_update] calls=10096 activations=0 deactivations=10096 no_change=0 total_time=0.000453309
[RefineDetailed] cpu_times reset=0.00012333 mass=3.0917e-05 candidate_scan=0.00102596 shuffle=0.000284129 scratch_init=0.00198787 stats_build=0.00247792 candidate_processing=0.0125269 compaction=0.00223188 subset_total=0.0209
[RefineDetailed] local_communities_total=3438 average=8.63819 max=82 local_result_vertices=13534 local_assignment_entries=13534
[RefineDetailed] threads=8 init_total_cpu=0.000384001 init_max_wall_proxy=9.3416e-05 init_avg=4.80001e-05 scratch_bytes_per_thread=392486 scratch_bytes_total=3139888
[RefineDetailed] thread_work_min=0.00193208 max=0.00350687 avg=0.00272175 max_avg=1.28846
[RefineDetailed top] rank=1 parent=2225 size=336 adjacency_volume=5454 time=0.00073275 local_communities=82 max_active_communities=336 avg_sparse_targets=10.2008 max_sparse_targets=22 delta_evaluations=2337 refinement_moves=254 refresh_calls=1 refresh_time=1.4041e-05
[RefineDetailed top] rank=2 parent=436 size=312 adjacency_volume=5110 time=0.000715125 local_communities=82 max_active_communities=312 avg_sparse_targets=9.7913 max_sparse_targets=30 delta_evaluations=2022 refinement_moves=230 refresh_calls=1 refresh_time=1.3916e-05
[RefineDetailed top] rank=3 parent=1911 size=167 adjacency_volume=2733 time=0.000384583 local_communities=46 max_active_communities=167 avg_sparse_targets=9 max_sparse_targets=22 delta_evaluations=968 refinement_moves=121 refresh_calls=1 refresh_time=6.75e-06
[RefineDetailed top] rank=4 parent=2340 size=163 adjacency_volume=2633 time=0.000334792 local_communities=41 max_active_communities=163 avg_sparse_targets=8.97541 max_sparse_targets=25 delta_evaluations=973 refinement_moves=122 refresh_calls=1 refresh_time=6.917e-06
[RefineDetailed top] rank=5 parent=2422 size=244 adjacency_volume=3765 time=0.000246958 local_communities=58 max_active_communities=244 avg_sparse_targets=9.7043 max_sparse_targets=28 delta_evaluations=1619 refinement_moves=186 refresh_calls=1 refresh_time=5.5e-06
[Leiden] RefinePartition done
[Leiden] number of refined communities: 3438
[Leiden] elapsed time: 0.00535467 seconds
[Leiden] AggregateGraph start
[Leiden] AggregateGraph done
[Leiden] aggregate vertices: 3438
[Leiden] aggregate edges: 28236
[Leiden] elapsed time: 0.00120633 seconds
[Leiden] BuildCoarsePartition start
[Leiden] BuildCoarsePartition done
[Leiden] elapsed time: 0.000167708 seconds
[Leiden] total level time: 0.0593417 seconds
[Leiden] level 4 start
[Leiden] current number of vertices: 3438
[Leiden] current number of edges: 28236
[Leiden] MoveNodesFast start
[MoveNodesFast Stage4B.4] sweep=1 processed=8017 moves=722 failed_validations=2 neighbor_scans=122365 candidate_evaluations=39938 enqueue_attempts=10152 successful_enqueues=4579 duplicate_suppressions=5573 duplicate_rate=0.548956 queue_thread_time=0.0324399 wall_time=0.00516004
[MoveNodesFast Stage4B.4] sweep=2 processed=3438 moves=0 failed_validations=0 neighbor_scans=49596 candidate_evaluations=14132 enqueue_attempts=0 successful_enqueues=0 duplicate_suppressions=0 duplicate_rate=0 queue_thread_time=0.0099453 wall_time=0.00160079
[Leiden] MoveNodesFast done
[Leiden] num_moves: 722
[Leiden] num_visits: 11455
[Leiden] elapsed time: 0.00709512 seconds
[Leiden] RefinePartition start
[RefinePartition] done processed_parent_communities=200 total_parent_communities=200 processed_vertices=3438
[RefinePartition profile] member construction: 4.05e-05 s
[RefinePartition profile] subset processing: 0.00120063 s
[RefinePartition profile] local result storage: 0.00120063 s (included in subset processing)
[RefinePartition profile] global ID prefix: 7.08e-07 s
[RefinePartition profile] global assignment reconstruction: 5.833e-06 s
[RefinePartition profile] MakePartition rebuild: 0.000124833 s
[RefinePartition profile] total: 0.00145058 s
[RefineDetailed] level=4 n=3438 m=28236 community_slots=397 active_parents=200 empty_slots=197 min_id=2 max_id=396 member_vectors=397
[RefineDetailed] wall_times member_construction=4.05e-05 subset_processing=0.00120063 global_id_prefix=7.08e-07 global_assignment=5.833e-06 make_partition=0.000124833 total=0.00145058
[RefineDetailed] subsets=200 vertices=3438 min_size=2 max_size=90 avg_size=17.19 adjacency_volume=53034 max_adjacency_volume=1403 avg_adjacency_volume=265.17
[RefineDetailed] size_bins=0,89,111,0,0
[RefineDetailed] candidates=3438 processed=3438 singleton_skips=812 neighbor_builds=2626 neighbor_adjacency_scans=37567 touched=29293 active_iterations=51184 sparse_iterations=15410 sparse_full_ratio=0.301071 exceptional_additions=0 max_sparse_targets=25 delta_evaluations=12784 nondecreasing=15339 selections=2626 moves=2626
[RefineDetailed] stats_build_calls=200 stats_build_vertices=3438 stats_build_adjacency_scans=53034 stats_update_calls=2626 stats_update_adjacency_scans=37567
[RefineDetailed refresh] initial_calls=200 move_calls=0 total_time=9.2493e-05 avg_time=4.62465e-07 max_time=2.375e-06 entries_scanned=3438 active_produced=3438 sort_elements=3438 refine_ratio=0.0637626
[RefineDetailed active_update] calls=2626 activations=0 deactivations=2626 no_change=0 total_time=0.000111435
[RefineDetailed] cpu_times reset=2.091e-05 mass=9.625e-06 candidate_scan=0.000220833 shuffle=7.3543e-05 scratch_init=0.000393543 stats_build=0.00058546 candidate_processing=0.00296883 compaction=0.000329987 subset_total=0.00470666
[RefineDetailed] local_communities_total=812 average=4.06 max=18 local_result_vertices=3438 local_assignment_entries=3438
[RefineDetailed] threads=8 init_total_cpu=0.000109127 init_max_wall_proxy=2.6375e-05 init_avg=1.36409e-05 scratch_bytes_per_thread=99702 scratch_bytes_total=797616
[RefineDetailed] thread_work_min=0.000400832 max=0.000893581 avg=0.000612874 max_avg=1.45802
[RefineDetailed top] rank=1 parent=319 size=90 adjacency_volume=1403 time=0.0001455 local_communities=18 max_active_communities=90 avg_sparse_targets=8.18056 max_sparse_targets=17 delta_evaluations=517 refinement_moves=72 refresh_calls=1 refresh_time=2.375e-06
[RefineDetailed top] rank=2 parent=307 size=63 adjacency_volume=878 time=0.000126334 local_communities=12 max_active_communities=63 avg_sparse_targets=6.92157 max_sparse_targets=13 delta_evaluations=302 refinement_moves=51 refresh_calls=1 refresh_time=2.041e-06
[RefineDetailed top] rank=3 parent=260 size=58 adjacency_volume=854 time=0.000124667 local_communities=9 max_active_communities=58 avg_sparse_targets=6.55102 max_sparse_targets=19 delta_evaluations=272 refinement_moves=49 refresh_calls=1 refresh_time=2.208e-06
[RefineDetailed top] rank=4 parent=57 size=55 adjacency_volume=810 time=0.000106083 local_communities=15 max_active_communities=55 avg_sparse_targets=7.45 max_sparse_targets=17 delta_evaluations=258 refinement_moves=40 refresh_calls=1 refresh_time=2.042e-06
[RefineDetailed top] rank=5 parent=263 size=42 adjacency_volume=727 time=8.7833e-05 local_communities=10 max_active_communities=42 avg_sparse_targets=7.0625 max_sparse_targets=16 delta_evaluations=194 refinement_moves=32 refresh_calls=1 refresh_time=1.708e-06
[Leiden] RefinePartition done
[Leiden] number of refined communities: 812
[Leiden] elapsed time: 0.00158975 seconds
[Leiden] AggregateGraph start
[Leiden] AggregateGraph done
[Leiden] aggregate vertices: 812
[Leiden] aggregate edges: 6454
[Leiden] elapsed time: 0.00037675 seconds
[Leiden] BuildCoarsePartition start
[Leiden] BuildCoarsePartition done
[Leiden] elapsed time: 4.9167e-05 seconds
[Leiden] total level time: 0.00984687 seconds
[Leiden] level 5 start
[Leiden] current number of vertices: 812
[Leiden] current number of edges: 6454
[Leiden] MoveNodesFast start
[MoveNodesFast Stage4B.4] sweep=1 processed=2247 moves=238 failed_validations=2 neighbor_scans=33527 candidate_evaluations=14457 enqueue_attempts=3453 successful_enqueues=1435 duplicate_suppressions=2018 duplicate_rate=0.584419 queue_thread_time=0.00833158 wall_time=0.00144992
[MoveNodesFast Stage4B.4] sweep=2 processed=817 moves=1 failed_validations=0 neighbor_scans=11351 candidate_evaluations=4335 enqueue_attempts=7 successful_enqueues=5 duplicate_suppressions=2 duplicate_rate=0.285714 queue_thread_time=0.00155879 wall_time=0.000284708
[MoveNodesFast Stage4B.4] sweep=3 processed=812 moves=0 failed_validations=0 neighbor_scans=11284 candidate_evaluations=4311 enqueue_attempts=0 successful_enqueues=0 duplicate_suppressions=0 duplicate_rate=0 queue_thread_time=0.00163682 wall_time=0.000315167
[Leiden] MoveNodesFast done
[Leiden] num_moves: 239
[Leiden] num_visits: 3876
[Leiden] elapsed time: 0.00224854 seconds
[Leiden] RefinePartition start
[RefinePartition] done processed_parent_communities=99 total_parent_communities=99 processed_vertices=812
[RefinePartition profile] member construction: 1.5291e-05 s
[RefinePartition profile] subset processing: 0.000367709 s
[RefinePartition profile] local result storage: 0.000367709 s (included in subset processing)
[RefinePartition profile] global ID prefix: 5e-07 s
[RefinePartition profile] global assignment reconstruction: 2.542e-06 s
[RefinePartition profile] MakePartition rebuild: 2.975e-05 s
[RefinePartition profile] total: 0.000458333 s
[RefineDetailed] level=5 n=812 m=6454 community_slots=200 active_parents=99 empty_slots=101 min_id=1 max_id=199 member_vectors=200
[RefineDetailed] wall_times member_construction=1.5291e-05 subset_processing=0.000367709 global_id_prefix=5e-07 global_assignment=2.542e-06 make_partition=2.975e-05 total=0.000458333
[RefineDetailed] subsets=99 vertices=812 min_size=2 max_size=23 avg_size=8.20202 adjacency_volume=12096 max_adjacency_volume=325 avg_adjacency_volume=122.182
[RefineDetailed] size_bins=0,68,31,0,0
[RefineDetailed] candidates=812 processed=812 singleton_skips=214 neighbor_builds=598 neighbor_adjacency_scans=8300 touched=6665 active_iterations=4447 sparse_iterations=2698 sparse_full_ratio=0.606701 exceptional_additions=0 max_sparse_targets=12 delta_evaluations=2100 nondecreasing=2643 selections=598 moves=598
[RefineDetailed] stats_build_calls=99 stats_build_vertices=812 stats_build_adjacency_scans=12096 stats_update_calls=598 stats_update_adjacency_scans=8300
[RefineDetailed refresh] initial_calls=99 move_calls=0 total_time=2.7998e-05 avg_time=2.82808e-07 max_time=9.58e-07 entries_scanned=812 active_produced=812 sort_elements=812 refine_ratio=0.0610866
[RefineDetailed active_update] calls=598 activations=0 deactivations=598 no_change=0 total_time=3.0204e-05
[RefineDetailed] cpu_times reset=1.3707e-05 mass=3.419e-06 candidate_scan=5.85e-05 shuffle=2.5079e-05 scratch_init=0.000111829 stats_build=0.000153581 candidate_processing=0.000684632 compaction=6.1003e-05 subset_total=0.001155
[RefineDetailed] local_communities_total=214 average=2.16162 max=6 local_result_vertices=812 local_assignment_entries=812
[RefineDetailed] threads=8 init_total_cpu=8.9126e-05 init_max_wall_proxy=2.2375e-05 init_avg=1.11408e-05 scratch_bytes_per_thread=23548 scratch_bytes_total=188384
[RefineDetailed] thread_work_min=9.4708e-05 max=0.000188416 avg=0.000155271 max_avg=1.21347
[RefineDetailed top] rank=1 parent=29 size=22 adjacency_volume=313 time=4.9834e-05 local_communities=5 max_active_communities=22 avg_sparse_targets=6.58824 max_sparse_targets=11 delta_evaluations=95 refinement_moves=17 refresh_calls=1 refresh_time=9.16e-07
[RefineDetailed top] rank=2 parent=158 size=23 adjacency_volume=325 time=4.4209e-05 local_communities=6 max_active_communities=23 avg_sparse_targets=5.17647 max_sparse_targets=11 delta_evaluations=71 refinement_moves=17 refresh_calls=1 refresh_time=9.58e-07
[RefineDetailed top] rank=3 parent=1 size=21 adjacency_volume=306 time=2.9333e-05 local_communities=6 max_active_communities=21 avg_sparse_targets=6.6 max_sparse_targets=12 delta_evaluations=84 refinement_moves=15 refresh_calls=1 refresh_time=6.66e-07
[RefineDetailed top] rank=4 parent=177 size=11 adjacency_volume=141 time=2.725e-05 local_communities=2 max_active_communities=11 avg_sparse_targets=5 max_sparse_targets=9 delta_evaluations=36 refinement_moves=9 refresh_calls=1 refresh_time=5.42e-07
[RefineDetailed top] rank=5 parent=151 size=13 adjacency_volume=184 time=2.6e-05 local_communities=4 max_active_communities=13 avg_sparse_targets=4.77778 max_sparse_targets=9 delta_evaluations=34 refinement_moves=9 refresh_calls=1 refresh_time=5.83e-07
[Leiden] RefinePartition done
[Leiden] number of refined communities: 214
[Leiden] elapsed time: 0.0005405 seconds
[Leiden] AggregateGraph start
[Leiden] AggregateGraph done
[Leiden] aggregate vertices: 214
[Leiden] aggregate edges: 1567
[Leiden] elapsed time: 0.000161791 seconds
[Leiden] BuildCoarsePartition start
[Leiden] BuildCoarsePartition done
[Leiden] elapsed time: 1.175e-05 seconds
[Leiden] total level time: 0.00353767 seconds
[Leiden] level 6 start
[Leiden] current number of vertices: 214
[Leiden] current number of edges: 1567
[Leiden] MoveNodesFast start
[MoveNodesFast Stage4B.4] sweep=1 processed=646 moves=73 failed_validations=1 neighbor_scans=8621 candidate_evaluations=4967 enqueue_attempts=1170 successful_enqueues=432 duplicate_suppressions=738 duplicate_rate=0.630769 queue_thread_time=0.00221969 wall_time=0.000405417
[MoveNodesFast Stage4B.4] sweep=2 processed=214 moves=0 failed_validations=0 neighbor_scans=2706 candidate_evaluations=1441 enqueue_attempts=0 successful_enqueues=0 duplicate_suppressions=0 duplicate_rate=0 queue_thread_time=0.00042304 wall_time=0.00012525
[Leiden] MoveNodesFast done
[Leiden] num_moves: 73
[Leiden] num_visits: 860
[Leiden] elapsed time: 0.000635584 seconds
[Leiden] RefinePartition start
[RefinePartition] done processed_parent_communities=54 total_parent_communities=54 processed_vertices=214
[RefinePartition profile] member construction: 9.5e-06 s
[RefinePartition profile] subset processing: 0.000181125 s
[RefinePartition profile] local result storage: 0.000181125 s (included in subset processing)
[RefinePartition profile] global ID prefix: 2.5e-07 s
[RefinePartition profile] global assignment reconstruction: 1.167e-06 s
[RefinePartition profile] MakePartition rebuild: 1.0667e-05 s
[RefinePartition profile] total: 0.000224209 s
[RefineDetailed] level=6 n=214 m=1567 community_slots=99 active_parents=54 empty_slots=45 min_id=0 max_id=98 member_vectors=99
[RefineDetailed] wall_times member_construction=9.5e-06 subset_processing=0.000181125 global_id_prefix=2.5e-07 global_assignment=1.167e-06 make_partition=1.0667e-05 total=0.000224209
[RefineDetailed] subsets=54 vertices=214 min_size=2 max_size=8 avg_size=3.96296 adjacency_volume=2920 max_adjacency_volume=112 avg_adjacency_volume=54.0741
[RefineDetailed] size_bins=0,54,0,0,0
[RefineDetailed] candidates=214 processed=214 singleton_skips=75 neighbor_builds=139 neighbor_adjacency_scans=1892 touched=1594 active_iterations=503 sparse_iterations=451 sparse_full_ratio=0.89662 exceptional_additions=0 max_sparse_targets=7 delta_evaluations=312 nondecreasing=436 selections=139 moves=139
[RefineDetailed] stats_build_calls=54 stats_build_vertices=214 stats_build_adjacency_scans=2920 stats_update_calls=139 stats_update_adjacency_scans=1892
[RefineDetailed refresh] initial_calls=54 move_calls=0 total_time=1.4205e-05 avg_time=2.63056e-07 max_time=6.25e-07 entries_scanned=214 active_produced=214 sort_elements=214 refine_ratio=0.0633561
[RefineDetailed active_update] calls=139 activations=0 deactivations=139 no_change=0 total_time=9.122e-06
[RefineDetailed] cpu_times reset=1.667e-06 mass=1.706e-06 candidate_scan=1.9e-05 shuffle=4.292e-06 scratch_init=4.4084e-05 stats_build=5.2289e-05 candidate_processing=0.000197209 compaction=2.5372e-05 subset_total=0.000372751
[RefineDetailed] local_communities_total=75 average=1.38889 max=3 local_result_vertices=214 local_assignment_entries=214
[RefineDetailed] threads=8 init_total_cpu=1.4414e-05 init_max_wall_proxy=5.958e-06 init_avg=1.80175e-06 scratch_bytes_per_thread=6206 scratch_bytes_total=49648
[RefineDetailed] thread_work_min=3.8958e-05 max=6.7916e-05 avg=5.188e-05 max_avg=1.3091
[RefineDetailed top] rank=1 parent=67 size=7 adjacency_volume=112 time=2.3708e-05 local_communities=2 max_active_communities=7 avg_sparse_targets=4.6 max_sparse_targets=7 delta_evaluations=18 refinement_moves=5 refresh_calls=1 refresh_time=4.17e-07
[RefineDetailed top] rank=2 parent=15 size=6 adjacency_volume=66 time=2.2375e-05 local_communities=2 max_active_communities=6 avg_sparse_targets=3.5 max_sparse_targets=5 delta_evaluations=10 refinement_moves=4 refresh_calls=1 refresh_time=3.75e-07
[RefineDetailed top] rank=3 parent=89 size=5 adjacency_volume=57 time=2.0833e-05 local_communities=2 max_active_communities=5 avg_sparse_targets=4 max_sparse_targets=5 delta_evaluations=9 refinement_moves=3 refresh_calls=1 refresh_time=2.5e-07
[RefineDetailed top] rank=4 parent=0 size=7 adjacency_volume=88 time=1.4542e-05 local_communities=2 max_active_communities=7 avg_sparse_targets=4.6 max_sparse_targets=7 delta_evaluations=18 refinement_moves=5 refresh_calls=1 refresh_time=3.75e-07
[RefineDetailed top] rank=5 parent=87 size=4 adjacency_volume=76 time=1.3625e-05 local_communities=1 max_active_communities=4 avg_sparse_targets=2.66667 max_sparse_targets=3 delta_evaluations=5 refinement_moves=3 refresh_calls=1 refresh_time=3.33e-07
[Leiden] RefinePartition done
[Leiden] number of refined communities: 75
[Leiden] elapsed time: 0.000293584 seconds
[Leiden] AggregateGraph start
[Leiden] AggregateGraph done
[Leiden] aggregate vertices: 75
[Leiden] aggregate edges: 520
[Leiden] elapsed time: 0.000142917 seconds
[Leiden] BuildCoarsePartition start
[Leiden] BuildCoarsePartition done
[Leiden] elapsed time: 5.666e-06 seconds
[Leiden] total level time: 0.00163117 seconds
[Leiden] level 7 start
[Leiden] current number of vertices: 75
[Leiden] current number of edges: 520
[Leiden] MoveNodesFast start
[MoveNodesFast Stage4B.4] sweep=1 processed=184 moves=18 failed_validations=2 neighbor_scans=2229 candidate_evaluations=1728 enqueue_attempts=310 successful_enqueues=109 duplicate_suppressions=201 duplicate_rate=0.648387 queue_thread_time=0.000500039 wall_time=0.000124417
[MoveNodesFast Stage4B.4] sweep=2 processed=75 moves=0 failed_validations=0 neighbor_scans=890 candidate_evaluations=667 enqueue_attempts=0 successful_enqueues=0 duplicate_suppressions=0 duplicate_rate=0 queue_thread_time=8.045e-06 wall_time=4.7417e-05
[Leiden] MoveNodesFast done
[Leiden] num_moves: 18
[Leiden] num_visits: 259
[Leiden] elapsed time: 0.000275292 seconds
[Leiden] RefinePartition start
[RefinePartition] done processed_parent_communities=39 total_parent_communities=39 processed_vertices=75
[RefinePartition profile] member construction: 2.167e-06 s
[RefinePartition profile] subset processing: 0.000139417 s
[RefinePartition profile] local result storage: 0.000139417 s (included in subset processing)
[RefinePartition profile] global ID prefix: 1.67e-07 s
[RefinePartition profile] global assignment reconstruction: 6.25e-07 s
[RefinePartition profile] MakePartition rebuild: 2e-06 s
[RefinePartition profile] total: 0.000171833 s
[RefineDetailed] level=7 n=75 m=520 community_slots=54 active_parents=39 empty_slots=15 min_id=0 max_id=53 member_vectors=54
[RefineDetailed] wall_times member_construction=2.167e-06 subset_processing=0.000139417 global_id_prefix=1.67e-07 global_assignment=6.25e-07 make_partition=2e-06 total=0.000171833
[RefineDetailed] subsets=39 vertices=75 min_size=1 max_size=4 avg_size=1.92308 adjacency_volume=965 max_adjacency_volume=44 avg_adjacency_volume=24.7436
[RefineDetailed] size_bins=11,28,0,0,0
[RefineDetailed] candidates=75 processed=75 singleton_skips=29 neighbor_builds=46 neighbor_adjacency_scans=595 touched=528 active_iterations=90 sparse_iterations=89 sparse_full_ratio=0.988889 exceptional_additions=0 max_sparse_targets=3 delta_evaluations=43 nondecreasing=87 selections=46 moves=35
[RefineDetailed] stats_build_calls=39 stats_build_vertices=75 stats_build_adjacency_scans=965 stats_update_calls=35 stats_update_adjacency_scans=413
[RefineDetailed refresh] initial_calls=39 move_calls=0 total_time=5.711e-06 avg_time=1.46436e-07 max_time=5.83e-07 entries_scanned=75 active_produced=75 sort_elements=75 refine_ratio=0.0332358
[RefineDetailed active_update] calls=35 activations=0 deactivations=35 no_change=0 total_time=1.627e-06
[RefineDetailed] cpu_times reset=1.001e-06 mass=9.16e-07 candidate_scan=5.292e-06 shuffle=1.125e-06 scratch_init=1.2961e-05 stats_build=1.717e-05 candidate_processing=3.7463e-05 compaction=1.0542e-05 subset_total=0.000102251
[RefineDetailed] local_communities_total=40 average=1.02564 max=2 local_result_vertices=75 local_assignment_entries=75
[RefineDetailed] threads=8 init_total_cpu=5.917e-06 init_max_wall_proxy=1.875e-06 init_avg=7.39625e-07 scratch_bytes_per_thread=2175 scratch_bytes_total=17400
[RefineDetailed] thread_work_min=8.957e-06 max=2.2583e-05 avg=1.45312e-05 max_avg=1.5541
[RefineDetailed top] rank=1 parent=8 size=1 adjacency_volume=15 time=6.291e-06 local_communities=1 max_active_communities=1 avg_sparse_targets=1 max_sparse_targets=1 delta_evaluations=0 refinement_moves=0 refresh_calls=1 refresh_time=4.59e-07
[RefineDetailed top] rank=2 parent=9 size=2 adjacency_volume=19 time=6.208e-06 local_communities=1 max_active_communities=2 avg_sparse_targets=2 max_sparse_targets=2 delta_evaluations=1 refinement_moves=1 refresh_calls=1 refresh_time=5.83e-07
[RefineDetailed top] rank=3 parent=22 size=4 adjacency_volume=35 time=4.292e-06 local_communities=2 max_active_communities=4 avg_sparse_targets=3 max_sparse_targets=3 delta_evaluations=4 refinement_moves=2 refresh_calls=1 refresh_time=2.09e-07
[RefineDetailed top] rank=4 parent=24 size=3 adjacency_volume=37 time=4.25e-06 local_communities=1 max_active_communities=3 avg_sparse_targets=2.5 max_sparse_targets=3 delta_evaluations=3 refinement_moves=2 refresh_calls=1 refresh_time=1.25e-07
[RefineDetailed top] rank=5 parent=29 size=3 adjacency_volume=30 time=4.125e-06 local_communities=1 max_active_communities=3 avg_sparse_targets=2.5 max_sparse_targets=3 delta_evaluations=3 refinement_moves=2 refresh_calls=1 refresh_time=2.09e-07
[Leiden] RefinePartition done
[Leiden] number of refined communities: 40
[Leiden] elapsed time: 0.000231292 seconds
[Leiden] AggregateGraph start
[Leiden] AggregateGraph done
[Leiden] aggregate vertices: 40
[Leiden] aggregate edges: 255
[Leiden] elapsed time: 0.000113791 seconds
[Leiden] BuildCoarsePartition start
[Leiden] BuildCoarsePartition done
[Leiden] elapsed time: 3.5e-06 seconds
[Leiden] total level time: 0.00116963 seconds
[Leiden] level 8 start
[Leiden] current number of vertices: 40
[Leiden] current number of edges: 255
[Leiden] MoveNodesFast start
[MoveNodesFast Stage4B.4] sweep=1 processed=59 moves=4 failed_validations=1 neighbor_scans=648 candidate_evaluations=665 enqueue_attempts=39 successful_enqueues=19 duplicate_suppressions=20 duplicate_rate=0.512821 queue_thread_time=8.2174e-05 wall_time=5.4625e-05
[MoveNodesFast Stage4B.4] sweep=2 processed=40 moves=0 failed_validations=0 neighbor_scans=430 candidate_evaluations=450 enqueue_attempts=0 successful_enqueues=0 duplicate_suppressions=0 duplicate_rate=0 queue_thread_time=1.3088e-05 wall_time=3.1625e-05
[Leiden] MoveNodesFast done
[Leiden] num_moves: 4
[Leiden] num_visits: 99
[Leiden] elapsed time: 0.000185833 seconds
[Leiden] RefinePartition start
[RefinePartition] done processed_parent_communities=37 total_parent_communities=37 processed_vertices=40
[RefinePartition profile] member construction: 1e-06 s
[RefinePartition profile] subset processing: 0.000106584 s
[RefinePartition profile] local result storage: 0.000106584 s (included in subset processing)
[RefinePartition profile] global ID prefix: 1.67e-07 s
[RefinePartition profile] global assignment reconstruction: 2.08e-07 s
[RefinePartition profile] MakePartition rebuild: 1.667e-06 s
[RefinePartition profile] total: 0.000142375 s
[RefineDetailed] level=8 n=40 m=255 community_slots=39 active_parents=37 empty_slots=2 min_id=0 max_id=38 member_vectors=39
[RefineDetailed] wall_times member_construction=1e-06 subset_processing=0.000106584 global_id_prefix=1.67e-07 global_assignment=2.08e-07 make_partition=1.667e-06 total=0.000142375
[RefineDetailed] subsets=37 vertices=40 min_size=1 max_size=2 avg_size=1.08108 adjacency_volume=470 max_adjacency_volume=23 avg_adjacency_volume=12.7027
[RefineDetailed] size_bins=34,3,0,0,0
[RefineDetailed] candidates=40 processed=40 singleton_skips=3 neighbor_builds=37 neighbor_adjacency_scans=440 touched=400 active_iterations=40 sparse_iterations=40 sparse_full_ratio=1 exceptional_additions=0 max_sparse_targets=2 delta_evaluations=3 nondecreasing=40 selections=37 moves=3
[RefineDetailed] stats_build_calls=37 stats_build_vertices=40 stats_build_adjacency_scans=470 stats_update_calls=3 stats_update_adjacency_scans=30
[RefineDetailed refresh] initial_calls=37 move_calls=0 total_time=6.208e-06 avg_time=1.67784e-07 max_time=5.84e-07 entries_scanned=40 active_produced=40 sort_elements=40 refine_ratio=0.0436032
[RefineDetailed active_update] calls=3 activations=0 deactivations=3 no_change=0 total_time=2.09e-07
[RefineDetailed] cpu_times reset=9.56e-07 mass=7.93e-07 candidate_scan=5.874e-06 shuffle=7.11e-07 scratch_init=1.475e-05 stats_build=1.5208e-05 candidate_processing=2.3417e-05 compaction=1.9331e-05 subset_total=0.000100041
[RefineDetailed] local_communities_total=37 average=1 max=1 local_result_vertices=40 local_assignment_entries=40
[RefineDetailed] threads=8 init_total_cpu=7.417e-06 init_max_wall_proxy=2.459e-06 init_avg=9.27125e-07 scratch_bytes_per_thread=1160 scratch_bytes_total=9280
[RefineDetailed] thread_work_min=8.499e-06 max=2.4042e-05 avg=1.45985e-05 max_avg=1.64688
[RefineDetailed top] rank=1 parent=6 size=1 adjacency_volume=20 time=1.2166e-05 local_communities=1 max_active_communities=1 avg_sparse_targets=1 max_sparse_targets=1 delta_evaluations=0 refinement_moves=0 refresh_calls=1 refresh_time=5.84e-07
[RefineDetailed top] rank=2 parent=35 size=1 adjacency_volume=20 time=7.916e-06 local_communities=1 max_active_communities=1 avg_sparse_targets=1 max_sparse_targets=1 delta_evaluations=0 refinement_moves=0 refresh_calls=1 refresh_time=2.91e-07
[RefineDetailed top] rank=3 parent=30 size=1 adjacency_volume=12 time=7.292e-06 local_communities=1 max_active_communities=1 avg_sparse_targets=1 max_sparse_targets=1 delta_evaluations=0 refinement_moves=0 refresh_calls=1 refresh_time=3.34e-07
[RefineDetailed top] rank=4 parent=31 size=1 adjacency_volume=8 time=5.625e-06 local_communities=1 max_active_communities=1 avg_sparse_targets=1 max_sparse_targets=1 delta_evaluations=0 refinement_moves=0 refresh_calls=1 refresh_time=4.17e-07
[RefineDetailed top] rank=5 parent=5 size=1 adjacency_volume=8 time=5.542e-06 local_communities=1 max_active_communities=1 avg_sparse_targets=1 max_sparse_targets=1 delta_evaluations=0 refinement_moves=0 refresh_calls=1 refresh_time=3.33e-07
[Leiden] RefinePartition done
[Leiden] number of refined communities: 37
[Leiden] elapsed time: 0.000204667 seconds
[Leiden] AggregateGraph start
[Leiden] AggregateGraph done
[Leiden] aggregate vertices: 37
[Leiden] aggregate edges: 236
[Leiden] elapsed time: 0.000103875 seconds
[Leiden] BuildCoarsePartition start
[Leiden] BuildCoarsePartition done
[Leiden] elapsed time: 5.625e-06 seconds
[Leiden] total level time: 0.001044 seconds
[Leiden] level 9 start
[Leiden] current number of vertices: 37
[Leiden] current number of edges: 236
[Leiden] MoveNodesFast start
[MoveNodesFast Stage4B.4] sweep=1 processed=37 moves=0 failed_validations=0 neighbor_scans=398 candidate_evaluations=398 enqueue_attempts=0 successful_enqueues=0 duplicate_suppressions=0 duplicate_rate=0 queue_thread_time=1.3085e-05 wall_time=3.4167e-05
[Leiden] MoveNodesFast done
[Leiden] num_moves: 0
[Leiden] num_visits: 37
[Leiden] elapsed time: 8.4125e-05 seconds
[Leiden] total level time: 0.000114292 seconds
[Leiden] converged because num_moves == 0
Method              : LeidenMD
Matrix              : ../0_florida/Emilia_923.mtx
Resolution          : 1.0
Theta               : 0.01
Seed                : 0
Number of vertices  : 923136
Number of edges     : 20041035
Number of blocks    : 37
Number of colors    : 7
Leiden levels       : 9
Leiden moves        : 1316640
MoveNodesFast time  : 5.47207 s
  Neighbor weights time : 0 s
  Candidate build time  : 0 s
  Delta evaluation time : 0 s
  Move node time        : 0 s
    Self-loop scan time     : 0 s
    Validation time         : 0 s
    EnsureCommunity time    : 0 s
    Statistics update time  : 0 s
    Empty-community time    : 0 s
    Move-node residual time : 0 s
  Neighbor requeue time : 0 s
  Residual time         : 5.47207 s
  MoveNodesFast visits  : 6547481
  MoveNodesFast moves   : 1316640
  Total candidates      : 0
  Stage4A rounds        : 0
  Stage4A active scan   : 0 s
  Stage4A neighbor scan : 0 s
  Stage4A candidate eval: 0 s
  Stage4A proposal total: 0 s
  Stage4A commit total  : 0 s
  Stage4A revalidation  : 0 s
  Stage4A affected next : 0 s
  Stage4A buffer clear  : 0 s
  Stage4A total         : 0 s
  Stage4A active vertices: 0
  Stage4A positive proposals: 0
  Stage4A committed moves: 0
  Stage4A rejected proposals: 0
  Stage4A average active/round: 0
  Stage4A maximum active/round: 0
  Stage4A reactivation neighbor scans: 0
  Stage4A target-community exclusions: 0
  Stage4A newly activated neighbors: 0
  Stage4A duplicate activation attempts: 0
  Stage4A commit/proposal ratio: 0
  Stage4B processed vertices: 6547481
  Stage4B successful moves: 1316640
  Stage4B failed validations: 102
  Stage4B neighbor scans: 269929784
  Stage4B candidate evaluations: 52053704
  Stage4B enqueue attempts/success/duplicate: 45282676/4473357/40809319
  Stage4B empty attempts/failures: 6547443/0
  Stage4B commit attempts/retries: 1316742/102
  Stage4B lock attempts/contentions: 2633484/9800
  Stage4B verification sweeps: 20
  Stage4B productive sweeps: 11
  Stage4B final verification wall: 0.584038 s
  Stage4B final verification processed: 1000367
  Stage4B final verification neighbor scans: 41389064
  Stage4B final verification candidate evals: 3980761
  Stage4B final verification enqueue dup rate: 0
  Stage4B neighbor time: 5.28697 s
  Stage4B candidate time: 4.85108 s
  Stage4B lock wait: 0.17007 s
  Stage4B commit/revalidation: 0.449782 s
  Stage4B affected update: 0.655427 s
  Stage4B queue management: 29.3072 s
  Stage4B final rebuild: 0.0624963 s
  Stage4B total: 5.46573 s
RefinePartition time: 4.06787 s
AggregateGraph time : 0.06327 s
BuildCoarse time    : 0.00509571 s
Leiden total time   : 9.88879 s
Execution time      : 10.1014 s
Quality value (internal objective): 3.59545e+07
Block file          : Emilia_923_LeidenMD_gamma1.0.blk
Color file          : Emilia_923_LeidenMD_gamma1.0.bcol
