==================
WARNING: ThreadSanitizer: data race (pid=19)
  Write of size 8 at 0x7ffd5b82f700 by main thread:
    #0 main tests/test_openmp_tsan_runtime.cpp:31 (test_openmp_tsan_runtime+0x17e0)

  Previous read of size 8 at 0x7ffd5b82f700 by thread T5 (mutexes: write M13):
    #0 operator() tests/test_openmp_tsan_runtime.cpp:28 (test_openmp_tsan_runtime+0x15d5)
    #1 main._omp_fn.0 tests/test_openmp_tsan_runtime.cpp:34 (test_openmp_tsan_runtime+0x15d5)
    #2 <null> <null> (libgomp.so.1+0x1dc0d)

  Location is stack of main thread.

  Location is global '<null>' at 0x000000000000 ([stack]+0x00000001f700)

  Mutex M13 (0x7ffd5b82f718) created at:
    #0 pthread_mutex_lock ../../../../src/libsanitizer/sanitizer_common/sanitizer_common_interceptors.inc:4240 (libtsan.so.0+0x53908)
    #1 __gthread_mutex_lock /usr/include/x86_64-linux-gnu/c++/11/bits/gthr-default.h:749 (test_openmp_tsan_runtime+0x15a9)
    #2 std::mutex::lock() /usr/include/c++/11/bits/std_mutex.h:100 (test_openmp_tsan_runtime+0x15a9)
    #3 std::lock_guard<std::mutex>::lock_guard(std::mutex&) /usr/include/c++/11/bits/std_mutex.h:229 (test_openmp_tsan_runtime+0x15a9)
    #4 operator() tests/test_openmp_tsan_runtime.cpp:29 (test_openmp_tsan_runtime+0x15a9)
    #5 main._omp_fn.0 tests/test_openmp_tsan_runtime.cpp:34 (test_openmp_tsan_runtime+0x15a9)
    #6 GOMP_parallel <null> (libgomp.so.1+0x14a15)
    #7 __libc_start_call_main ../sysdeps/nptl/libc_start_call_main.h:58 (libc.so.6+0x29d8f)

  Thread T5 (tid=25, running) created by main thread at:
    #0 pthread_create ../../../../src/libsanitizer/tsan/tsan_interceptors_posix.cpp:969 (libtsan.so.0+0x605b8)
    #1 <null> <null> (libgomp.so.1+0x1e25f)
    #2 __libc_start_call_main ../sysdeps/nptl/libc_start_call_main.h:58 (libc.so.6+0x29d8f)

SUMMARY: ThreadSanitizer: data race tests/test_openmp_tsan_runtime.cpp:31 in main
==================
==================
WARNING: ThreadSanitizer: data race (pid=19)
  Read of size 8 at 0x7ffd5b82f6e8 by thread T3:
    #0 main._omp_fn.0 tests/test_openmp_tsan_runtime.cpp:34 (test_openmp_tsan_runtime+0x14ab)
    #1 <null> <null> (libgomp.so.1+0x1dc0d)

  Previous write of size 8 at 0x7ffd5b82f6e8 by main thread:
    #0 main tests/test_openmp_tsan_runtime.cpp:33 (test_openmp_tsan_runtime+0x17f7)

  Location is stack of main thread.

  Location is global '<null>' at 0x000000000000 ([stack]+0x00000001f6e8)

  Thread T3 (tid=23, running) created by main thread at:
    #0 pthread_create ../../../../src/libsanitizer/tsan/tsan_interceptors_posix.cpp:969 (libtsan.so.0+0x605b8)
    #1 <null> <null> (libgomp.so.1+0x1e25f)
    #2 __libc_start_call_main ../sysdeps/nptl/libc_start_call_main.h:58 (libc.so.6+0x29d8f)

SUMMARY: ThreadSanitizer: data race tests/test_openmp_tsan_runtime.cpp:34 in main._omp_fn.0
==================
==================
WARNING: ThreadSanitizer: data race (pid=19)
  Read of size 8 at 0x7ffd5b82f6f0 by thread T1:
    #0 operator() tests/test_openmp_tsan_runtime.cpp:26 (test_openmp_tsan_runtime+0x14b6)
    #1 main._omp_fn.0 tests/test_openmp_tsan_runtime.cpp:34 (test_openmp_tsan_runtime+0x14b6)
    #2 <null> <null> (libgomp.so.1+0x1dc0d)

  Previous write of size 8 at 0x7ffd5b82f6f0 by main thread:
    #0 main tests/test_openmp_tsan_runtime.cpp:31 (test_openmp_tsan_runtime+0x17b6)

  Location is stack of main thread.

  Location is global '<null>' at 0x000000000000 ([stack]+0x00000001f6f0)

  Thread T1 (tid=21, running) created by main thread at:
    #0 pthread_create ../../../../src/libsanitizer/tsan/tsan_interceptors_posix.cpp:969 (libtsan.so.0+0x605b8)
    #1 <null> <null> (libgomp.so.1+0x1e25f)
    #2 __libc_start_call_main ../sysdeps/nptl/libc_start_call_main.h:58 (libc.so.6+0x29d8f)

SUMMARY: ThreadSanitizer: data race tests/test_openmp_tsan_runtime.cpp:26 in operator()
==================
==================
WARNING: ThreadSanitizer: data race (pid=19)
  Read of size 8 at 0x7ffd5b82f6f8 by thread T2:
    #0 operator() tests/test_openmp_tsan_runtime.cpp:27 (test_openmp_tsan_runtime+0x155f)
    #1 main._omp_fn.0 tests/test_openmp_tsan_runtime.cpp:34 (test_openmp_tsan_runtime+0x155f)
    #2 <null> <null> (libgomp.so.1+0x1dc0d)

  Previous write of size 8 at 0x7ffd5b82f6f8 by main thread:
    #0 main tests/test_openmp_tsan_runtime.cpp:31 (test_openmp_tsan_runtime+0x17d0)

  Location is stack of main thread.

  Location is global '<null>' at 0x000000000000 ([stack]+0x00000001f6f8)

  Thread T2 (tid=22, running) created by main thread at:
    #0 pthread_create ../../../../src/libsanitizer/tsan/tsan_interceptors_posix.cpp:969 (libtsan.so.0+0x605b8)
    #1 <null> <null> (libgomp.so.1+0x1e25f)
    #2 __libc_start_call_main ../sysdeps/nptl/libc_start_call_main.h:58 (libc.so.6+0x29d8f)

SUMMARY: ThreadSanitizer: data race tests/test_openmp_tsan_runtime.cpp:27 in operator()
==================
==================
WARNING: ThreadSanitizer: data race (pid=19)
  Read of size 4 at 0x7ffd5b82f6e0 by thread T7:
    #0 operator() tests/test_openmp_tsan_runtime.cpp:26 (test_openmp_tsan_runtime+0x14c1)
    #1 main._omp_fn.0 tests/test_openmp_tsan_runtime.cpp:34 (test_openmp_tsan_runtime+0x14c1)
    #2 <null> <null> (libgomp.so.1+0x1dc0d)

  Previous write of size 4 at 0x7ffd5b82f6e0 by main thread:
    #0 main tests/test_openmp_tsan_runtime.cpp:23 (test_openmp_tsan_runtime+0x184f)

  Location is stack of main thread.

  Location is global '<null>' at 0x000000000000 ([stack]+0x00000001f6e0)

  Thread T7 (tid=27, running) created by main thread at:
    #0 pthread_create ../../../../src/libsanitizer/tsan/tsan_interceptors_posix.cpp:969 (libtsan.so.0+0x605b8)
    #1 <null> <null> (libgomp.so.1+0x1e25f)
    #2 __libc_start_call_main ../sysdeps/nptl/libc_start_call_main.h:58 (libc.so.6+0x29d8f)

SUMMARY: ThreadSanitizer: data race tests/test_openmp_tsan_runtime.cpp:26 in operator()
==================
==================
WARNING: ThreadSanitizer: data race (pid=19)
  Atomic write of size 4 at 0x7ffd5b82f6e4 by thread T4:
    #0 __tsan_atomic32_fetch_add ../../../../src/libsanitizer/tsan/tsan_interface_atomic.cpp:615 (libtsan.so.0+0x81fe9)
    #1 std::__atomic_base<int>::fetch_add(int, std::memory_order) /usr/include/c++/11/bits/atomic_base.h:618 (test_openmp_tsan_runtime+0x1572)
    #2 operator() tests/test_openmp_tsan_runtime.cpp:27 (test_openmp_tsan_runtime+0x1572)
    #3 main._omp_fn.0 tests/test_openmp_tsan_runtime.cpp:34 (test_openmp_tsan_runtime+0x1572)
    #4 <null> <null> (libgomp.so.1+0x1dc0d)

  Previous write of size 4 at 0x7ffd5b82f6e4 by main thread:
    #0 main tests/test_openmp_tsan_runtime.cpp:24 (test_openmp_tsan_runtime+0x179d)

  Location is stack of main thread.

  Location is global '<null>' at 0x000000000000 ([stack]+0x00000001f6e4)

  Thread T4 (tid=24, running) created by main thread at:
    #0 pthread_create ../../../../src/libsanitizer/tsan/tsan_interceptors_posix.cpp:969 (libtsan.so.0+0x605b8)
    #1 <null> <null> (libgomp.so.1+0x1e25f)
    #2 __libc_start_call_main ../sysdeps/nptl/libc_start_call_main.h:58 (libc.so.6+0x29d8f)

SUMMARY: ThreadSanitizer: data race /usr/include/c++/11/bits/atomic_base.h:618 in std::__atomic_base<int>::fetch_add(int, std::memory_order)
==================
OpenMP runtime probe passed
ThreadSanitizer: reported 6 warnings
