==================
WARNING: ThreadSanitizer: data race (pid=2)
  Write of size 8 at 0x7ffc35d572d8 by main thread:
    #0 std::_Vector_base<double, std::allocator<double> >::_Vector_impl_data::_Vector_impl_data() /usr/include/c++/11/bits/stl_vector.h:98 (test_move_nodes_fast_stage4b_tsan+0x6ca9)
    #1 std::_Vector_base<double, std::allocator<double> >::_Vector_impl::_Vector_impl() /usr/include/c++/11/bits/stl_vector.h:133 (test_move_nodes_fast_stage4b_tsan+0x6ca9)
    #2 std::_Vector_base<double, std::allocator<double> >::_Vector_base() /usr/include/c++/11/bits/stl_vector.h:288 (test_move_nodes_fast_stage4b_tsan+0x6ca9)
    #3 std::vector<double, std::allocator<double> >::vector() /usr/include/c++/11/bits/stl_vector.h:487 (test_move_nodes_fast_stage4b_tsan+0x6ca9)
    #4 LeidenPartition::LeidenPartition() /home/stomo/WorkSpace/MyLeiden/LeidenTypes.hpp:21 (test_move_nodes_fast_stage4b_tsan+0x6ca9)
    #5 MakePartition(SimpleGraph const&, LeidenGraphStats const&, std::vector<int, std::allocator<int> > const&) /home/stomo/WorkSpace/MyLeiden/QualityFunction.cpp:273 (test_move_nodes_fast_stage4b_tsan+0x6ca9)
    #6 MoveNodesFastParallelStage4B(SimpleGraph const&, LeidenGraphStats const&, LeidenPartition, QualityFunction const&, unsigned long, unsigned long, LeidenOptions const*) /home/stomo/WorkSpace/MyLeiden/Leiden.cpp:1863 (test_move_nodes_fast_stage4b_tsan+0x127cc)
    #7 Run tests/test_move_nodes_fast_stage4b_tsan.cpp:67 (test_move_nodes_fast_stage4b_tsan+0x25958)
    #8 RunSuite tests/test_move_nodes_fast_stage4b_tsan.cpp:87 (test_move_nodes_fast_stage4b_tsan+0x261db)
    #9 main tests/test_move_nodes_fast_stage4b_tsan.cpp:138 (test_move_nodes_fast_stage4b_tsan+0x27bee)

  Previous read of size 8 at 0x7ffc35d572d8 by thread T2:
    #0 operator() /home/stomo/WorkSpace/MyLeiden/Leiden.cpp:1599 (test_move_nodes_fast_stage4b_tsan+0x1c34f)
    #1 MoveNodesFastParallelStage4B(SimpleGraph const&, LeidenGraphStats const&, LeidenPartition, QualityFunction const&, unsigned long, unsigned long, LeidenOptions const*) [clone ._omp_fn.0] /home/stomo/WorkSpace/MyLeiden/Leiden.cpp:1829 (test_move_nodes_fast_stage4b_tsan+0x1c34f)
    #2 <null> <null> (libgomp.so.1+0x1dc0d)

  Location is stack of main thread.

  Location is global '<null>' at 0x000000000000 ([stack]+0x00000001e2d8)

  Thread T2 (tid=23, running) created by main thread at:
    #0 pthread_create ../../../../src/libsanitizer/tsan/tsan_interceptors_posix.cpp:969 (libtsan.so.0+0x605b8)
    #1 <null> <null> (libgomp.so.1+0x1e25f)
    #2 Run tests/test_move_nodes_fast_stage4b_tsan.cpp:67 (test_move_nodes_fast_stage4b_tsan+0x25958)
    #3 RunSuite tests/test_move_nodes_fast_stage4b_tsan.cpp:87 (test_move_nodes_fast_stage4b_tsan+0x261db)
    #4 main tests/test_move_nodes_fast_stage4b_tsan.cpp:138 (test_move_nodes_fast_stage4b_tsan+0x27bee)

SUMMARY: ThreadSanitizer: data race /usr/include/c++/11/bits/stl_vector.h:98 in std::_Vector_base<double, std::allocator<double> >::_Vector_impl_data::_Vector_impl_data()
==================
==================
WARNING: ThreadSanitizer: data race (pid=2)
  Write of size 8 at 0x7b5400000138 by main thread:
    #0 operator delete(void*, unsigned long) ../../../../src/libsanitizer/tsan/tsan_new_delete.cpp:150 (libtsan.so.0+0x8e878)
    #1 deallocate /usr/include/c++/11/ext/new_allocator.h:145 (test_move_nodes_fast_stage4b_tsan+0x12df0)
    #2 deallocate /usr/include/c++/11/bits/alloc_traits.h:496 (test_move_nodes_fast_stage4b_tsan+0x12df0)
    #3 _M_deallocate /usr/include/c++/11/bits/stl_vector.h:354 (test_move_nodes_fast_stage4b_tsan+0x12df0)
    #4 ~_Vector_base /usr/include/c++/11/bits/stl_vector.h:335 (test_move_nodes_fast_stage4b_tsan+0x12df0)
    #5 ~vector /usr/include/c++/11/bits/stl_vector.h:683 (test_move_nodes_fast_stage4b_tsan+0x12df0)
    #6 MoveNodesFastParallelStage4B(SimpleGraph const&, LeidenGraphStats const&, LeidenPartition, QualityFunction const&, unsigned long, unsigned long, LeidenOptions const*) /home/stomo/WorkSpace/MyLeiden/Leiden.cpp:1902 (test_move_nodes_fast_stage4b_tsan+0x12df0)
    #7 Run tests/test_move_nodes_fast_stage4b_tsan.cpp:67 (test_move_nodes_fast_stage4b_tsan+0x25958)
    #8 RunSuite tests/test_move_nodes_fast_stage4b_tsan.cpp:87 (test_move_nodes_fast_stage4b_tsan+0x261db)
    #9 main tests/test_move_nodes_fast_stage4b_tsan.cpp:138 (test_move_nodes_fast_stage4b_tsan+0x27bee)

  Previous write of size 8 at 0x7b5400000138 by thread T1:
    #0 operator() /home/stomo/WorkSpace/MyLeiden/Leiden.cpp:1626 (test_move_nodes_fast_stage4b_tsan+0x1c33c)
    #1 MoveNodesFastParallelStage4B(SimpleGraph const&, LeidenGraphStats const&, LeidenPartition, QualityFunction const&, unsigned long, unsigned long, LeidenOptions const*) [clone ._omp_fn.0] /home/stomo/WorkSpace/MyLeiden/Leiden.cpp:1829 (test_move_nodes_fast_stage4b_tsan+0x1c33c)
    #2 <null> <null> (libgomp.so.1+0x1dc0d)

  Thread T1 (tid=22, running) created by main thread at:
    #0 pthread_create ../../../../src/libsanitizer/tsan/tsan_interceptors_posix.cpp:969 (libtsan.so.0+0x605b8)
    #1 <null> <null> (libgomp.so.1+0x1e25f)
    #2 Run tests/test_move_nodes_fast_stage4b_tsan.cpp:67 (test_move_nodes_fast_stage4b_tsan+0x25958)
    #3 RunSuite tests/test_move_nodes_fast_stage4b_tsan.cpp:87 (test_move_nodes_fast_stage4b_tsan+0x261db)
    #4 main tests/test_move_nodes_fast_stage4b_tsan.cpp:138 (test_move_nodes_fast_stage4b_tsan+0x27bee)

SUMMARY: ThreadSanitizer: data race ../../../../src/libsanitizer/tsan/tsan_new_delete.cpp:150 in operator delete(void*, unsigned long)
==================
==================
WARNING: ThreadSanitizer: data race (pid=2)
  Write of size 8 at 0x7ffc35d571a8 by main thread:
    #0 MoveNodesFastParallelStage4B(SimpleGraph const&, LeidenGraphStats const&, LeidenPartition, QualityFunction const&, unsigned long, unsigned long, LeidenOptions const*) /home/stomo/WorkSpace/MyLeiden/Leiden.cpp:1533 (test_move_nodes_fast_stage4b_tsan+0x11ee7)
    #1 Run tests/test_move_nodes_fast_stage4b_tsan.cpp:67 (test_move_nodes_fast_stage4b_tsan+0x25958)
    #2 RunSuite tests/test_move_nodes_fast_stage4b_tsan.cpp:91 (test_move_nodes_fast_stage4b_tsan+0x2651e)
    #3 main tests/test_move_nodes_fast_stage4b_tsan.cpp:138 (test_move_nodes_fast_stage4b_tsan+0x27bee)

  Previous atomic read of size 8 at 0x7ffc35d571a8 by thread T3:
    #0 __tsan_atomic64_load ../../../../src/libsanitizer/tsan/tsan_interface_atomic.cpp:539 (libtsan.so.0+0x7fe0e)
    #1 std::__atomic_base<unsigned long>::load(std::memory_order) const /usr/include/c++/11/bits/atomic_base.h:488 (test_move_nodes_fast_stage4b_tsan+0x1c35d)
    #2 operator() /home/stomo/WorkSpace/MyLeiden/Leiden.cpp:1629 (test_move_nodes_fast_stage4b_tsan+0x1c35d)
    #3 MoveNodesFastParallelStage4B(SimpleGraph const&, LeidenGraphStats const&, LeidenPartition, QualityFunction const&, unsigned long, unsigned long, LeidenOptions const*) [clone ._omp_fn.0] /home/stomo/WorkSpace/MyLeiden/Leiden.cpp:1829 (test_move_nodes_fast_stage4b_tsan+0x1c35d)
    #4 <null> <null> (libgomp.so.1+0x1dc0d)

  Location is stack of main thread.

  Location is global '<null>' at 0x000000000000 ([stack]+0x00000001e1a8)

  Thread T3 (tid=24, running) created by main thread at:
    #0 pthread_create ../../../../src/libsanitizer/tsan/tsan_interceptors_posix.cpp:969 (libtsan.so.0+0x605b8)
    #1 <null> <null> (libgomp.so.1+0x1e25f)
    #2 Run tests/test_move_nodes_fast_stage4b_tsan.cpp:67 (test_move_nodes_fast_stage4b_tsan+0x25958)
    #3 RunSuite tests/test_move_nodes_fast_stage4b_tsan.cpp:87 (test_move_nodes_fast_stage4b_tsan+0x261db)
    #4 main tests/test_move_nodes_fast_stage4b_tsan.cpp:138 (test_move_nodes_fast_stage4b_tsan+0x27bee)

SUMMARY: ThreadSanitizer: data race /home/stomo/WorkSpace/MyLeiden/Leiden.cpp:1533 in MoveNodesFastParallelStage4B(SimpleGraph const&, LeidenGraphStats const&, LeidenPartition, QualityFunction const&, unsigned long, unsigned long, LeidenOptions const*)
==================
==================
WARNING: ThreadSanitizer: data race (pid=2)
  Read of size 8 at 0x7ffc35d57210 by thread T3:
    #0 MoveNodesFastParallelStage4B(SimpleGraph const&, LeidenGraphStats const&, LeidenPartition, QualityFunction const&, unsigned long, unsigned long, LeidenOptions const*) [clone ._omp_fn.0] /home/stomo/WorkSpace/MyLeiden/Leiden.cpp:1829 (test_move_nodes_fast_stage4b_tsan+0x1a715)
    #1 <null> <null> (libgomp.so.1+0x1dc0d)

  Previous write of size 8 at 0x7ffc35d57210 by main thread:
    #0 MoveNodesFastParallelStage4B(SimpleGraph const&, LeidenGraphStats const&, LeidenPartition, QualityFunction const&, unsigned long, unsigned long, LeidenOptions const*) /home/stomo/WorkSpace/MyLeiden/Leiden.cpp:1826 (test_move_nodes_fast_stage4b_tsan+0x1236a)
    #1 Run tests/test_move_nodes_fast_stage4b_tsan.cpp:67 (test_move_nodes_fast_stage4b_tsan+0x25958)
    #2 RunSuite tests/test_move_nodes_fast_stage4b_tsan.cpp:91 (test_move_nodes_fast_stage4b_tsan+0x2651e)
    #3 main tests/test_move_nodes_fast_stage4b_tsan.cpp:138 (test_move_nodes_fast_stage4b_tsan+0x27bee)

  Location is stack of main thread.

  Location is global '<null>' at 0x000000000000 ([stack]+0x00000001e210)

  Thread T3 (tid=24, running) created by main thread at:
    #0 pthread_create ../../../../src/libsanitizer/tsan/tsan_interceptors_posix.cpp:969 (libtsan.so.0+0x605b8)
    #1 <null> <null> (libgomp.so.1+0x1e25f)
    #2 Run tests/test_move_nodes_fast_stage4b_tsan.cpp:67 (test_move_nodes_fast_stage4b_tsan+0x25958)
    #3 RunSuite tests/test_move_nodes_fast_stage4b_tsan.cpp:87 (test_move_nodes_fast_stage4b_tsan+0x261db)
    #4 main tests/test_move_nodes_fast_stage4b_tsan.cpp:138 (test_move_nodes_fast_stage4b_tsan+0x27bee)

SUMMARY: ThreadSanitizer: data race /home/stomo/WorkSpace/MyLeiden/Leiden.cpp:1829 in MoveNodesFastParallelStage4B(SimpleGraph const&, LeidenGraphStats const&, LeidenPartition, QualityFunction const&, unsigned long, unsigned long, LeidenOptions const*) [clone ._omp_fn.0]
==================
==================
WARNING: ThreadSanitizer: data race (pid=2)
  Read of size 8 at 0x7ffc35d572c8 by thread T3:
    #0 operator() /home/stomo/WorkSpace/MyLeiden/Leiden.cpp:1586 (test_move_nodes_fast_stage4b_tsan+0x1a755)
    #1 MoveNodesFastParallelStage4B(SimpleGraph const&, LeidenGraphStats const&, LeidenPartition, QualityFunction const&, unsigned long, unsigned long, LeidenOptions const*) [clone ._omp_fn.0] /home/stomo/WorkSpace/MyLeiden/Leiden.cpp:1829 (test_move_nodes_fast_stage4b_tsan+0x1a755)
    #2 <null> <null> (libgomp.so.1+0x1dc0d)

  Previous write of size 8 at 0x7ffc35d572c8 by main thread:
    #0 MoveNodesFastParallelStage4B(SimpleGraph const&, LeidenGraphStats const&, LeidenPartition, QualityFunction const&, unsigned long, unsigned long, LeidenOptions const*) /home/stomo/WorkSpace/MyLeiden/Leiden.cpp:1816 (test_move_nodes_fast_stage4b_tsan+0x12244)
    #1 Run tests/test_move_nodes_fast_stage4b_tsan.cpp:67 (test_move_nodes_fast_stage4b_tsan+0x25958)
    #2 RunSuite tests/test_move_nodes_fast_stage4b_tsan.cpp:91 (test_move_nodes_fast_stage4b_tsan+0x2651e)
    #3 main tests/test_move_nodes_fast_stage4b_tsan.cpp:138 (test_move_nodes_fast_stage4b_tsan+0x27bee)

  Location is stack of main thread.

  Location is global '<null>' at 0x000000000000 ([stack]+0x00000001e2c8)

  Thread T3 (tid=24, running) created by main thread at:
    #0 pthread_create ../../../../src/libsanitizer/tsan/tsan_interceptors_posix.cpp:969 (libtsan.so.0+0x605b8)
    #1 <null> <null> (libgomp.so.1+0x1e25f)
    #2 Run tests/test_move_nodes_fast_stage4b_tsan.cpp:67 (test_move_nodes_fast_stage4b_tsan+0x25958)
    #3 RunSuite tests/test_move_nodes_fast_stage4b_tsan.cpp:87 (test_move_nodes_fast_stage4b_tsan+0x261db)
    #4 main tests/test_move_nodes_fast_stage4b_tsan.cpp:138 (test_move_nodes_fast_stage4b_tsan+0x27bee)

SUMMARY: ThreadSanitizer: data race /home/stomo/WorkSpace/MyLeiden/Leiden.cpp:1586 in operator()
==================
==================
WARNING: ThreadSanitizer: data race (pid=2)
  Read of size 8 at 0x7ffc35d572d0 by thread T3:
    #0 operator() /home/stomo/WorkSpace/MyLeiden/Leiden.cpp:1595 (test_move_nodes_fast_stage4b_tsan+0x1a9b1)
    #1 MoveNodesFastParallelStage4B(SimpleGraph const&, LeidenGraphStats const&, LeidenPartition, QualityFunction const&, unsigned long, unsigned long, LeidenOptions const*) [clone ._omp_fn.0] /home/stomo/WorkSpace/MyLeiden/Leiden.cpp:1829 (test_move_nodes_fast_stage4b_tsan+0x1a9b1)
    #2 <null> <null> (libgomp.so.1+0x1dc0d)

  Previous write of size 8 at 0x7ffc35d572d0 by main thread:
    #0 MoveNodesFastParallelStage4B(SimpleGraph const&, LeidenGraphStats const&, LeidenPartition, QualityFunction const&, unsigned long, unsigned long, LeidenOptions const*) /home/stomo/WorkSpace/MyLeiden/Leiden.cpp:1816 (test_move_nodes_fast_stage4b_tsan+0x1225e)
    #1 Run tests/test_move_nodes_fast_stage4b_tsan.cpp:67 (test_move_nodes_fast_stage4b_tsan+0x25958)
    #2 RunSuite tests/test_move_nodes_fast_stage4b_tsan.cpp:91 (test_move_nodes_fast_stage4b_tsan+0x2651e)
    #3 main tests/test_move_nodes_fast_stage4b_tsan.cpp:138 (test_move_nodes_fast_stage4b_tsan+0x27bee)

  Location is stack of main thread.

  Location is global '<null>' at 0x000000000000 ([stack]+0x00000001e2d0)

  Thread T3 (tid=24, running) created by main thread at:
    #0 pthread_create ../../../../src/libsanitizer/tsan/tsan_interceptors_posix.cpp:969 (libtsan.so.0+0x605b8)
    #1 <null> <null> (libgomp.so.1+0x1e25f)
    #2 Run tests/test_move_nodes_fast_stage4b_tsan.cpp:67 (test_move_nodes_fast_stage4b_tsan+0x25958)
    #3 RunSuite tests/test_move_nodes_fast_stage4b_tsan.cpp:87 (test_move_nodes_fast_stage4b_tsan+0x261db)
    #4 main tests/test_move_nodes_fast_stage4b_tsan.cpp:138 (test_move_nodes_fast_stage4b_tsan+0x27bee)

SUMMARY: ThreadSanitizer: data race /home/stomo/WorkSpace/MyLeiden/Leiden.cpp:1595 in operator()
==================
==================
WARNING: ThreadSanitizer: data race (pid=2)
  Read of size 8 at 0x7ffc35d572e0 by thread T3:
    #0 operator() /home/stomo/WorkSpace/MyLeiden/Leiden.cpp:1602 (test_move_nodes_fast_stage4b_tsan+0x1a9f9)
    #1 MoveNodesFastParallelStage4B(SimpleGraph const&, LeidenGraphStats const&, LeidenPartition, QualityFunction const&, unsigned long, unsigned long, LeidenOptions const*) [clone ._omp_fn.0] /home/stomo/WorkSpace/MyLeiden/Leiden.cpp:1829 (test_move_nodes_fast_stage4b_tsan+0x1a9f9)
    #2 <null> <null> (libgomp.so.1+0x1dc0d)

  Previous write of size 8 at 0x7ffc35d572e0 by main thread:
    #0 MoveNodesFastParallelStage4B(SimpleGraph const&, LeidenGraphStats const&, LeidenPartition, QualityFunction const&, unsigned long, unsigned long, LeidenOptions const*) /home/stomo/WorkSpace/MyLeiden/Leiden.cpp:1816 (test_move_nodes_fast_stage4b_tsan+0x1228b)
    #1 Run tests/test_move_nodes_fast_stage4b_tsan.cpp:67 (test_move_nodes_fast_stage4b_tsan+0x25958)
    #2 RunSuite tests/test_move_nodes_fast_stage4b_tsan.cpp:91 (test_move_nodes_fast_stage4b_tsan+0x2651e)
    #3 main tests/test_move_nodes_fast_stage4b_tsan.cpp:138 (test_move_nodes_fast_stage4b_tsan+0x27bee)

  Location is stack of main thread.

  Location is global '<null>' at 0x000000000000 ([stack]+0x00000001e2e0)

  Thread T3 (tid=24, running) created by main thread at:
    #0 pthread_create ../../../../src/libsanitizer/tsan/tsan_interceptors_posix.cpp:969 (libtsan.so.0+0x605b8)
    #1 <null> <null> (libgomp.so.1+0x1e25f)
    #2 Run tests/test_move_nodes_fast_stage4b_tsan.cpp:67 (test_move_nodes_fast_stage4b_tsan+0x25958)
    #3 RunSuite tests/test_move_nodes_fast_stage4b_tsan.cpp:87 (test_move_nodes_fast_stage4b_tsan+0x261db)
    #4 main tests/test_move_nodes_fast_stage4b_tsan.cpp:138 (test_move_nodes_fast_stage4b_tsan+0x27bee)

SUMMARY: ThreadSanitizer: data race /home/stomo/WorkSpace/MyLeiden/Leiden.cpp:1602 in operator()
==================
==================
WARNING: ThreadSanitizer: data race (pid=2)
  Read of size 8 at 0x7ffc35d572e8 by thread T3:
    #0 operator() /home/stomo/WorkSpace/MyLeiden/Leiden.cpp:1603 (test_move_nodes_fast_stage4b_tsan+0x1aa1d)
    #1 MoveNodesFastParallelStage4B(SimpleGraph const&, LeidenGraphStats const&, LeidenPartition, QualityFunction const&, unsigned long, unsigned long, LeidenOptions const*) [clone ._omp_fn.0] /home/stomo/WorkSpace/MyLeiden/Leiden.cpp:1829 (test_move_nodes_fast_stage4b_tsan+0x1aa1d)
    #2 <null> <null> (libgomp.so.1+0x1dc0d)

  Previous write of size 8 at 0x7ffc35d572e8 by main thread:
    #0 MoveNodesFastParallelStage4B(SimpleGraph const&, LeidenGraphStats const&, LeidenPartition, QualityFunction const&, unsigned long, unsigned long, LeidenOptions const*) /home/stomo/WorkSpace/MyLeiden/Leiden.cpp:1816 (test_move_nodes_fast_stage4b_tsan+0x1229e)
    #1 Run tests/test_move_nodes_fast_stage4b_tsan.cpp:67 (test_move_nodes_fast_stage4b_tsan+0x25958)
    #2 RunSuite tests/test_move_nodes_fast_stage4b_tsan.cpp:91 (test_move_nodes_fast_stage4b_tsan+0x2651e)
    #3 main tests/test_move_nodes_fast_stage4b_tsan.cpp:138 (test_move_nodes_fast_stage4b_tsan+0x27bee)

  Location is stack of main thread.

  Location is global '<null>' at 0x000000000000 ([stack]+0x00000001e2e8)

  Thread T3 (tid=24, running) created by main thread at:
    #0 pthread_create ../../../../src/libsanitizer/tsan/tsan_interceptors_posix.cpp:969 (libtsan.so.0+0x605b8)
    #1 <null> <null> (libgomp.so.1+0x1e25f)
    #2 Run tests/test_move_nodes_fast_stage4b_tsan.cpp:67 (test_move_nodes_fast_stage4b_tsan+0x25958)
    #3 RunSuite tests/test_move_nodes_fast_stage4b_tsan.cpp:87 (test_move_nodes_fast_stage4b_tsan+0x261db)
    #4 main tests/test_move_nodes_fast_stage4b_tsan.cpp:138 (test_move_nodes_fast_stage4b_tsan+0x27bee)

SUMMARY: ThreadSanitizer: data race /home/stomo/WorkSpace/MyLeiden/Leiden.cpp:1603 in operator()
==================
==================
WARNING: ThreadSanitizer: data race (pid=2)
  Atomic read of size 1 at 0x7ffc35d573d0 by thread T3:
    #0 pthread_mutex_lock ../../../../src/libsanitizer/sanitizer_common/sanitizer_common_interceptors.inc:4240 (libtsan.so.0+0x53908)
    #1 __gthread_mutex_lock /usr/include/x86_64-linux-gnu/c++/11/bits/gthr-default.h:749 (test_move_nodes_fast_stage4b_tsan+0x1aa5d)
    #2 std::mutex::lock() /usr/include/c++/11/bits/std_mutex.h:100 (test_move_nodes_fast_stage4b_tsan+0x1aa5d)
    #3 std::lock_guard<std::mutex>::lock_guard(std::mutex&) /usr/include/c++/11/bits/std_mutex.h:229 (test_move_nodes_fast_stage4b_tsan+0x1aa5d)
    #4 operator() /home/stomo/WorkSpace/MyLeiden/Leiden.cpp:1620 (test_move_nodes_fast_stage4b_tsan+0x1aa5d)
    #5 MoveNodesFastParallelStage4B(SimpleGraph const&, LeidenGraphStats const&, LeidenPartition, QualityFunction const&, unsigned long, unsigned long, LeidenOptions const*) [clone ._omp_fn.0] /home/stomo/WorkSpace/MyLeiden/Leiden.cpp:1829 (test_move_nodes_fast_stage4b_tsan+0x1aa5d)
    #6 <null> <null> (libgomp.so.1+0x1dc0d)

  Previous write of size 8 at 0x7ffc35d573d0 by main thread:
    #0 MoveNodesFastParallelStage4B(SimpleGraph const&, LeidenGraphStats const&, LeidenPartition, QualityFunction const&, unsigned long, unsigned long, LeidenOptions const*) /home/stomo/WorkSpace/MyLeiden/Leiden.cpp:1532 (test_move_nodes_fast_stage4b_tsan+0x11ea4)
    #1 Run tests/test_move_nodes_fast_stage4b_tsan.cpp:67 (test_move_nodes_fast_stage4b_tsan+0x25958)
    #2 RunSuite tests/test_move_nodes_fast_stage4b_tsan.cpp:91 (test_move_nodes_fast_stage4b_tsan+0x2651e)
    #3 main tests/test_move_nodes_fast_stage4b_tsan.cpp:138 (test_move_nodes_fast_stage4b_tsan+0x27bee)

  Location is stack of main thread.

  Location is global '<null>' at 0x000000000000 ([stack]+0x00000001e3d0)

  Thread T3 (tid=24, running) created by main thread at:
    #0 pthread_create ../../../../src/libsanitizer/tsan/tsan_interceptors_posix.cpp:969 (libtsan.so.0+0x605b8)
    #1 <null> <null> (libgomp.so.1+0x1e25f)
    #2 Run tests/test_move_nodes_fast_stage4b_tsan.cpp:67 (test_move_nodes_fast_stage4b_tsan+0x25958)
    #3 RunSuite tests/test_move_nodes_fast_stage4b_tsan.cpp:87 (test_move_nodes_fast_stage4b_tsan+0x261db)
    #4 main tests/test_move_nodes_fast_stage4b_tsan.cpp:138 (test_move_nodes_fast_stage4b_tsan+0x27bee)

SUMMARY: ThreadSanitizer: data race /usr/include/x86_64-linux-gnu/c++/11/bits/gthr-default.h:749 in __gthread_mutex_lock
==================
==================
WARNING: ThreadSanitizer: data race (pid=2)
  Read of size 8 at 0x7ffc35d571d0 by thread T2:
    #0 operator[] /usr/include/c++/11/bits/stl_vector.h:1046 (test_move_nodes_fast_stage4b_tsan+0x1a72c)
    #1 operator() /home/stomo/WorkSpace/MyLeiden/Leiden.cpp:1585 (test_move_nodes_fast_stage4b_tsan+0x1a72c)
    #2 MoveNodesFastParallelStage4B(SimpleGraph const&, LeidenGraphStats const&, LeidenPartition, QualityFunction const&, unsigned long, unsigned long, LeidenOptions const*) [clone ._omp_fn.0] /home/stomo/WorkSpace/MyLeiden/Leiden.cpp:1829 (test_move_nodes_fast_stage4b_tsan+0x1a72c)
    #3 <null> <null> (libgomp.so.1+0x1dc0d)

  Previous write of size 8 at 0x7ffc35d571d0 by main thread:
    #0 _Vector_impl_data /usr/include/c++/11/bits/stl_vector.h:98 (test_move_nodes_fast_stage4b_tsan+0x11c76)
    #1 _Vector_impl /usr/include/c++/11/bits/stl_vector.h:137 (test_move_nodes_fast_stage4b_tsan+0x11c76)
    #2 _Vector_base /usr/include/c++/11/bits/stl_vector.h:304 (test_move_nodes_fast_stage4b_tsan+0x11c76)
    #3 vector /usr/include/c++/11/bits/stl_vector.h:511 (test_move_nodes_fast_stage4b_tsan+0x11c76)
    #4 MoveNodesFastParallelStage4B(SimpleGraph const&, LeidenGraphStats const&, LeidenPartition, QualityFunction const&, unsigned long, unsigned long, LeidenOptions const*) /home/stomo/WorkSpace/MyLeiden/Leiden.cpp:1528 (test_move_nodes_fast_stage4b_tsan+0x11c76)
    #5 Run tests/test_move_nodes_fast_stage4b_tsan.cpp:67 (test_move_nodes_fast_stage4b_tsan+0x25958)
    #6 RunSuite tests/test_move_nodes_fast_stage4b_tsan.cpp:91 (test_move_nodes_fast_stage4b_tsan+0x2651e)
    #7 main tests/test_move_nodes_fast_stage4b_tsan.cpp:138 (test_move_nodes_fast_stage4b_tsan+0x27bee)

  Location is stack of main thread.

  Location is global '<null>' at 0x000000000000 ([stack]+0x00000001e1d0)

  Thread T2 (tid=23, running) created by main thread at:
    #0 pthread_create ../../../../src/libsanitizer/tsan/tsan_interceptors_posix.cpp:969 (libtsan.so.0+0x605b8)
    #1 <null> <null> (libgomp.so.1+0x1e25f)
    #2 Run tests/test_move_nodes_fast_stage4b_tsan.cpp:67 (test_move_nodes_fast_stage4b_tsan+0x25958)
    #3 RunSuite tests/test_move_nodes_fast_stage4b_tsan.cpp:87 (test_move_nodes_fast_stage4b_tsan+0x261db)
    #4 main tests/test_move_nodes_fast_stage4b_tsan.cpp:138 (test_move_nodes_fast_stage4b_tsan+0x27bee)

SUMMARY: ThreadSanitizer: data race /usr/include/c++/11/bits/stl_vector.h:1046 in operator[]
==================
==================
WARNING: ThreadSanitizer: data race (pid=2)
  Read of size 8 at 0x7ffc35d572c0 by thread T1:
    #0 operator() /home/stomo/WorkSpace/MyLeiden/Leiden.cpp:1585 (test_move_nodes_fast_stage4b_tsan+0x1a721)
    #1 MoveNodesFastParallelStage4B(SimpleGraph const&, LeidenGraphStats const&, LeidenPartition, QualityFunction const&, unsigned long, unsigned long, LeidenOptions const*) [clone ._omp_fn.0] /home/stomo/WorkSpace/MyLeiden/Leiden.cpp:1829 (test_move_nodes_fast_stage4b_tsan+0x1a721)
    #2 <null> <null> (libgomp.so.1+0x1dc0d)

  Previous write of size 4 at 0x7ffc35d572c0 by main thread (mutexes: write M12):
    #0 MoveNodesFastParallelStage4B(SimpleGraph const&, LeidenGraphStats const&, LeidenPartition, QualityFunction const&, unsigned long, unsigned long, LeidenOptions const*) /home/stomo/WorkSpace/MyLeiden/Leiden.cpp:1571 (test_move_nodes_fast_stage4b_tsan+0x1212f)
    #1 Run tests/test_move_nodes_fast_stage4b_tsan.cpp:67 (test_move_nodes_fast_stage4b_tsan+0x25958)
    #2 RunSuite tests/test_move_nodes_fast_stage4b_tsan.cpp:91 (test_move_nodes_fast_stage4b_tsan+0x2651e)
    #3 main tests/test_move_nodes_fast_stage4b_tsan.cpp:138 (test_move_nodes_fast_stage4b_tsan+0x27bee)

  Location is stack of main thread.

  Location is global '<null>' at 0x000000000000 ([stack]+0x00000001e2c0)

  Mutex M12 (0x7ffc35d573d0) created at:
    #0 pthread_mutex_lock ../../../../src/libsanitizer/sanitizer_common/sanitizer_common_interceptors.inc:4240 (libtsan.so.0+0x53908)
    #1 __gthread_mutex_lock /usr/include/x86_64-linux-gnu/c++/11/bits/gthr-default.h:749 (test_move_nodes_fast_stage4b_tsan+0x1249c)
    #2 std::mutex::lock() /usr/include/c++/11/bits/std_mutex.h:100 (test_move_nodes_fast_stage4b_tsan+0x1249c)
    #3 std::lock_guard<std::mutex>::lock_guard(std::mutex&) /usr/include/c++/11/bits/std_mutex.h:229 (test_move_nodes_fast_stage4b_tsan+0x1249c)
    #4 MoveNodesFastParallelStage4B(SimpleGraph const&, LeidenGraphStats const&, LeidenPartition, QualityFunction const&, unsigned long, unsigned long, LeidenOptions const*) /home/stomo/WorkSpace/MyLeiden/Leiden.cpp:1569 (test_move_nodes_fast_stage4b_tsan+0x1249c)
    #5 Run tests/test_move_nodes_fast_stage4b_tsan.cpp:67 (test_move_nodes_fast_stage4b_tsan+0x25958)
    #6 RunSuite tests/test_move_nodes_fast_stage4b_tsan.cpp:87 (test_move_nodes_fast_stage4b_tsan+0x261db)
    #7 main tests/test_move_nodes_fast_stage4b_tsan.cpp:138 (test_move_nodes_fast_stage4b_tsan+0x27bee)

  Thread T1 (tid=22, running) created by main thread at:
    #0 pthread_create ../../../../src/libsanitizer/tsan/tsan_interceptors_posix.cpp:969 (libtsan.so.0+0x605b8)
    #1 <null> <null> (libgomp.so.1+0x1e25f)
    #2 Run tests/test_move_nodes_fast_stage4b_tsan.cpp:67 (test_move_nodes_fast_stage4b_tsan+0x25958)
    #3 RunSuite tests/test_move_nodes_fast_stage4b_tsan.cpp:87 (test_move_nodes_fast_stage4b_tsan+0x261db)
    #4 main tests/test_move_nodes_fast_stage4b_tsan.cpp:138 (test_move_nodes_fast_stage4b_tsan+0x27bee)

SUMMARY: ThreadSanitizer: data race /home/stomo/WorkSpace/MyLeiden/Leiden.cpp:1585 in operator()
==================
==================
WARNING: ThreadSanitizer: data race (pid=2)
  Read of size 8 at 0x7ffc35d572f0 by thread T3:
    #0 operator() /home/stomo/WorkSpace/MyLeiden/Leiden.cpp:1636 (test_move_nodes_fast_stage4b_tsan+0x1ab87)
    #1 MoveNodesFastParallelStage4B(SimpleGraph const&, LeidenGraphStats const&, LeidenPartition, QualityFunction const&, unsigned long, unsigned long, LeidenOptions const*) [clone ._omp_fn.0] /home/stomo/WorkSpace/MyLeiden/Leiden.cpp:1829 (test_move_nodes_fast_stage4b_tsan+0x1ab87)
    #2 <null> <null> (libgomp.so.1+0x1dc0d)

  Previous write of size 8 at 0x7ffc35d572f0 by main thread:
    #0 MoveNodesFastParallelStage4B(SimpleGraph const&, LeidenGraphStats const&, LeidenPartition, QualityFunction const&, unsigned long, unsigned long, LeidenOptions const*) /home/stomo/WorkSpace/MyLeiden/Leiden.cpp:1816 (test_move_nodes_fast_stage4b_tsan+0x122b8)
    #1 Run tests/test_move_nodes_fast_stage4b_tsan.cpp:67 (test_move_nodes_fast_stage4b_tsan+0x25958)
    #2 RunSuite tests/test_move_nodes_fast_stage4b_tsan.cpp:97 (test_move_nodes_fast_stage4b_tsan+0x26890)
    #3 main tests/test_move_nodes_fast_stage4b_tsan.cpp:138 (test_move_nodes_fast_stage4b_tsan+0x27bee)

  Location is stack of main thread.

  Location is global '<null>' at 0x000000000000 ([stack]+0x00000001e2f0)

  Thread T3 (tid=24, running) created by main thread at:
    #0 pthread_create ../../../../src/libsanitizer/tsan/tsan_interceptors_posix.cpp:969 (libtsan.so.0+0x605b8)
    #1 <null> <null> (libgomp.so.1+0x1e25f)
    #2 Run tests/test_move_nodes_fast_stage4b_tsan.cpp:67 (test_move_nodes_fast_stage4b_tsan+0x25958)
    #3 RunSuite tests/test_move_nodes_fast_stage4b_tsan.cpp:87 (test_move_nodes_fast_stage4b_tsan+0x261db)
    #4 main tests/test_move_nodes_fast_stage4b_tsan.cpp:138 (test_move_nodes_fast_stage4b_tsan+0x27bee)

SUMMARY: ThreadSanitizer: data race /home/stomo/WorkSpace/MyLeiden/Leiden.cpp:1636 in operator()
==================
==================
WARNING: ThreadSanitizer: data race (pid=2)
  Read of size 8 at 0x7ffc35d572f8 by thread T2:
    #0 operator() /home/stomo/WorkSpace/MyLeiden/Leiden.cpp:1644 (test_move_nodes_fast_stage4b_tsan+0x1ac1e)
    #1 MoveNodesFastParallelStage4B(SimpleGraph const&, LeidenGraphStats const&, LeidenPartition, QualityFunction const&, unsigned long, unsigned long, LeidenOptions const*) [clone ._omp_fn.0] /home/stomo/WorkSpace/MyLeiden/Leiden.cpp:1829 (test_move_nodes_fast_stage4b_tsan+0x1ac1e)
    #2 <null> <null> (libgomp.so.1+0x1dc0d)

  Previous write of size 8 at 0x7ffc35d572f8 by main thread:
    #0 MoveNodesFastParallelStage4B(SimpleGraph const&, LeidenGraphStats const&, LeidenPartition, QualityFunction const&, unsigned long, unsigned long, LeidenOptions const*) /home/stomo/WorkSpace/MyLeiden/Leiden.cpp:1816 (test_move_nodes_fast_stage4b_tsan+0x122d2)
    #1 Run tests/test_move_nodes_fast_stage4b_tsan.cpp:67 (test_move_nodes_fast_stage4b_tsan+0x25958)
    #2 RunSuite tests/test_move_nodes_fast_stage4b_tsan.cpp:97 (test_move_nodes_fast_stage4b_tsan+0x26890)
    #3 main tests/test_move_nodes_fast_stage4b_tsan.cpp:138 (test_move_nodes_fast_stage4b_tsan+0x27bee)

  Location is stack of main thread.

  Location is global '<null>' at 0x000000000000 ([stack]+0x00000001e2f8)

  Thread T2 (tid=23, running) created by main thread at:
    #0 pthread_create ../../../../src/libsanitizer/tsan/tsan_interceptors_posix.cpp:969 (libtsan.so.0+0x605b8)
    #1 <null> <null> (libgomp.so.1+0x1e25f)
    #2 Run tests/test_move_nodes_fast_stage4b_tsan.cpp:67 (test_move_nodes_fast_stage4b_tsan+0x25958)
    #3 RunSuite tests/test_move_nodes_fast_stage4b_tsan.cpp:87 (test_move_nodes_fast_stage4b_tsan+0x261db)
    #4 main tests/test_move_nodes_fast_stage4b_tsan.cpp:138 (test_move_nodes_fast_stage4b_tsan+0x27bee)

SUMMARY: ThreadSanitizer: data race /home/stomo/WorkSpace/MyLeiden/Leiden.cpp:1644 in operator()
==================
==================
WARNING: ThreadSanitizer: data race (pid=2)
  Read of size 8 at 0x7ffc35d57300 by thread T3:
    #0 operator() /home/stomo/WorkSpace/MyLeiden/Leiden.cpp:1688 (test_move_nodes_fast_stage4b_tsan+0x1b250)
    #1 MoveNodesFastParallelStage4B(SimpleGraph const&, LeidenGraphStats const&, LeidenPartition, QualityFunction const&, unsigned long, unsigned long, LeidenOptions const*) [clone ._omp_fn.0] /home/stomo/WorkSpace/MyLeiden/Leiden.cpp:1829 (test_move_nodes_fast_stage4b_tsan+0x1b250)
    #2 <null> <null> (libgomp.so.1+0x1dc0d)

  Previous write of size 8 at 0x7ffc35d57300 by main thread:
    #0 MoveNodesFastParallelStage4B(SimpleGraph const&, LeidenGraphStats const&, LeidenPartition, QualityFunction const&, unsigned long, unsigned long, LeidenOptions const*) /home/stomo/WorkSpace/MyLeiden/Leiden.cpp:1816 (test_move_nodes_fast_stage4b_tsan+0x122ec)
    #1 Run tests/test_move_nodes_fast_stage4b_tsan.cpp:67 (test_move_nodes_fast_stage4b_tsan+0x25958)
    #2 RunSuite tests/test_move_nodes_fast_stage4b_tsan.cpp:107 (test_move_nodes_fast_stage4b_tsan+0x26de0)
    #3 main tests/test_move_nodes_fast_stage4b_tsan.cpp:138 (test_move_nodes_fast_stage4b_tsan+0x27bee)

  Location is stack of main thread.

  Location is global '<null>' at 0x000000000000 ([stack]+0x00000001e300)

  Thread T3 (tid=24, running) created by main thread at:
    #0 pthread_create ../../../../src/libsanitizer/tsan/tsan_interceptors_posix.cpp:969 (libtsan.so.0+0x605b8)
    #1 <null> <null> (libgomp.so.1+0x1e25f)
    #2 Run tests/test_move_nodes_fast_stage4b_tsan.cpp:67 (test_move_nodes_fast_stage4b_tsan+0x25958)
    #3 RunSuite tests/test_move_nodes_fast_stage4b_tsan.cpp:87 (test_move_nodes_fast_stage4b_tsan+0x261db)
    #4 main tests/test_move_nodes_fast_stage4b_tsan.cpp:138 (test_move_nodes_fast_stage4b_tsan+0x27bee)

SUMMARY: ThreadSanitizer: data race /home/stomo/WorkSpace/MyLeiden/Leiden.cpp:1688 in operator()
==================
==================
WARNING: ThreadSanitizer: data race (pid=2)
  Read of size 8 at 0x7ffc35d57308 by thread T3:
    #0 operator() /home/stomo/WorkSpace/MyLeiden/Leiden.cpp:1689 (test_move_nodes_fast_stage4b_tsan+0x1b2ed)
    #1 MoveNodesFastParallelStage4B(SimpleGraph const&, LeidenGraphStats const&, LeidenPartition, QualityFunction const&, unsigned long, unsigned long, LeidenOptions const*) [clone ._omp_fn.0] /home/stomo/WorkSpace/MyLeiden/Leiden.cpp:1829 (test_move_nodes_fast_stage4b_tsan+0x1b2ed)
    #2 <null> <null> (libgomp.so.1+0x1dc0d)

  Previous write of size 8 at 0x7ffc35d57308 by main thread:
    #0 MoveNodesFastParallelStage4B(SimpleGraph const&, LeidenGraphStats const&, LeidenPartition, QualityFunction const&, unsigned long, unsigned long, LeidenOptions const*) /home/stomo/WorkSpace/MyLeiden/Leiden.cpp:1816 (test_move_nodes_fast_stage4b_tsan+0x12306)
    #1 Run tests/test_move_nodes_fast_stage4b_tsan.cpp:67 (test_move_nodes_fast_stage4b_tsan+0x25958)
    #2 RunSuite tests/test_move_nodes_fast_stage4b_tsan.cpp:107 (test_move_nodes_fast_stage4b_tsan+0x26de0)
    #3 main tests/test_move_nodes_fast_stage4b_tsan.cpp:138 (test_move_nodes_fast_stage4b_tsan+0x27bee)

  Location is stack of main thread.

  Location is global '<null>' at 0x000000000000 ([stack]+0x00000001e308)

  Thread T3 (tid=24, running) created by main thread at:
    #0 pthread_create ../../../../src/libsanitizer/tsan/tsan_interceptors_posix.cpp:969 (libtsan.so.0+0x605b8)
    #1 <null> <null> (libgomp.so.1+0x1e25f)
    #2 Run tests/test_move_nodes_fast_stage4b_tsan.cpp:67 (test_move_nodes_fast_stage4b_tsan+0x25958)
    #3 RunSuite tests/test_move_nodes_fast_stage4b_tsan.cpp:87 (test_move_nodes_fast_stage4b_tsan+0x261db)
    #4 main tests/test_move_nodes_fast_stage4b_tsan.cpp:138 (test_move_nodes_fast_stage4b_tsan+0x27bee)

SUMMARY: ThreadSanitizer: data race /home/stomo/WorkSpace/MyLeiden/Leiden.cpp:1689 in operator()
==================
==================
WARNING: ThreadSanitizer: data race (pid=2)
  Read of size 8 at 0x7ffc35d57310 by thread T3:
    #0 operator() /home/stomo/WorkSpace/MyLeiden/Leiden.cpp:1698 (test_move_nodes_fast_stage4b_tsan+0x1b346)
    #1 MoveNodesFastParallelStage4B(SimpleGraph const&, LeidenGraphStats const&, LeidenPartition, QualityFunction const&, unsigned long, unsigned long, LeidenOptions const*) [clone ._omp_fn.0] /home/stomo/WorkSpace/MyLeiden/Leiden.cpp:1829 (test_move_nodes_fast_stage4b_tsan+0x1b346)
    #2 <null> <null> (libgomp.so.1+0x1dc0d)

  Previous write of size 8 at 0x7ffc35d57310 by main thread:
    #0 MoveNodesFastParallelStage4B(SimpleGraph const&, LeidenGraphStats const&, LeidenPartition, QualityFunction const&, unsigned long, unsigned long, LeidenOptions const*) /home/stomo/WorkSpace/MyLeiden/Leiden.cpp:1816 (test_move_nodes_fast_stage4b_tsan+0x12320)
    #1 Run tests/test_move_nodes_fast_stage4b_tsan.cpp:67 (test_move_nodes_fast_stage4b_tsan+0x25958)
    #2 RunSuite tests/test_move_nodes_fast_stage4b_tsan.cpp:107 (test_move_nodes_fast_stage4b_tsan+0x26de0)
    #3 main tests/test_move_nodes_fast_stage4b_tsan.cpp:138 (test_move_nodes_fast_stage4b_tsan+0x27bee)

  Location is stack of main thread.

  Location is global '<null>' at 0x000000000000 ([stack]+0x00000001e310)

  Thread T3 (tid=24, running) created by main thread at:
    #0 pthread_create ../../../../src/libsanitizer/tsan/tsan_interceptors_posix.cpp:969 (libtsan.so.0+0x605b8)
    #1 <null> <null> (libgomp.so.1+0x1e25f)
    #2 Run tests/test_move_nodes_fast_stage4b_tsan.cpp:67 (test_move_nodes_fast_stage4b_tsan+0x25958)
    #3 RunSuite tests/test_move_nodes_fast_stage4b_tsan.cpp:87 (test_move_nodes_fast_stage4b_tsan+0x261db)
    #4 main tests/test_move_nodes_fast_stage4b_tsan.cpp:138 (test_move_nodes_fast_stage4b_tsan+0x27bee)

SUMMARY: ThreadSanitizer: data race /home/stomo/WorkSpace/MyLeiden/Leiden.cpp:1698 in operator()
==================
ThreadSanitizer: reported 16 warnings
