==================
WARNING: ThreadSanitizer: data race (pid=7)
  Write of size 8 at 0x7fff65f44d48 by main thread:
    #0 std::_Vector_base<double, std::allocator<double> >::_Vector_impl_data::_Vector_impl_data() /usr/include/c++/11/bits/stl_vector.h:98 (test_move_nodes_fast_stage4b_tsan+0x6ca9)
    #1 std::_Vector_base<double, std::allocator<double> >::_Vector_impl::_Vector_impl() /usr/include/c++/11/bits/stl_vector.h:133 (test_move_nodes_fast_stage4b_tsan+0x6ca9)
    #2 std::_Vector_base<double, std::allocator<double> >::_Vector_base() /usr/include/c++/11/bits/stl_vector.h:288 (test_move_nodes_fast_stage4b_tsan+0x6ca9)
    #3 std::vector<double, std::allocator<double> >::vector() /usr/include/c++/11/bits/stl_vector.h:487 (test_move_nodes_fast_stage4b_tsan+0x6ca9)
    #4 LeidenPartition::LeidenPartition() /home/stomo/WorkSpace/MyLeiden/LeidenTypes.hpp:21 (test_move_nodes_fast_stage4b_tsan+0x6ca9)
    #5 MakePartition(SimpleGraph const&, LeidenGraphStats const&, std::vector<int, std::allocator<int> > const&) /home/stomo/WorkSpace/MyLeiden/QualityFunction.cpp:273 (test_move_nodes_fast_stage4b_tsan+0x6ca9)
    #6 MoveNodesFastParallelStage4B(SimpleGraph const&, LeidenGraphStats const&, LeidenPartition, QualityFunction const&, unsigned long, unsigned long, LeidenOptions const*) /home/stomo/WorkSpace/MyLeiden/Leiden.cpp:1880 (test_move_nodes_fast_stage4b_tsan+0x127cc)
    #7 Run tests/test_move_nodes_fast_stage4b_tsan.cpp:85 (test_move_nodes_fast_stage4b_tsan+0x25958)
    #8 RunSuite tests/test_move_nodes_fast_stage4b_tsan.cpp:105 (test_move_nodes_fast_stage4b_tsan+0x2640a)
    #9 main tests/test_move_nodes_fast_stage4b_tsan.cpp:156 (test_move_nodes_fast_stage4b_tsan+0x27e1d)

  Previous read of size 8 at 0x7fff65f44d48 by thread T3:
    #0 operator() /home/stomo/WorkSpace/MyLeiden/Leiden.cpp:1616 (test_move_nodes_fast_stage4b_tsan+0x1c34f)
    #1 MoveNodesFastParallelStage4B(SimpleGraph const&, LeidenGraphStats const&, LeidenPartition, QualityFunction const&, unsigned long, unsigned long, LeidenOptions const*) [clone ._omp_fn.0] /home/stomo/WorkSpace/MyLeiden/Leiden.cpp:1846 (test_move_nodes_fast_stage4b_tsan+0x1c34f)
    #2 <null> <null> (libgomp.so.1+0x1dc0d)

  Location is stack of main thread.

  Location is global '<null>' at 0x000000000000 ([stack]+0x00000001dd48)

  Thread T3 (tid=11, running) created by main thread at:
    #0 pthread_create ../../../../src/libsanitizer/tsan/tsan_interceptors_posix.cpp:969 (libtsan.so.0+0x605b8)
    #1 <null> <null> (libgomp.so.1+0x1e25f)
    #2 Run tests/test_move_nodes_fast_stage4b_tsan.cpp:85 (test_move_nodes_fast_stage4b_tsan+0x25958)
    #3 RunSuite tests/test_move_nodes_fast_stage4b_tsan.cpp:105 (test_move_nodes_fast_stage4b_tsan+0x2640a)
    #4 main tests/test_move_nodes_fast_stage4b_tsan.cpp:156 (test_move_nodes_fast_stage4b_tsan+0x27e1d)

SUMMARY: ThreadSanitizer: data race /usr/include/c++/11/bits/stl_vector.h:98 in std::_Vector_base<double, std::allocator<double> >::_Vector_impl_data::_Vector_impl_data()
==================
==================
WARNING: ThreadSanitizer: data race (pid=7)
  Write of size 8 at 0x7b5400000138 by main thread:
    #0 operator delete(void*, unsigned long) ../../../../src/libsanitizer/tsan/tsan_new_delete.cpp:150 (libtsan.so.0+0x8e878)
    #1 deallocate /usr/include/c++/11/ext/new_allocator.h:145 (test_move_nodes_fast_stage4b_tsan+0x12df0)
    #2 deallocate /usr/include/c++/11/bits/alloc_traits.h:496 (test_move_nodes_fast_stage4b_tsan+0x12df0)
    #3 _M_deallocate /usr/include/c++/11/bits/stl_vector.h:354 (test_move_nodes_fast_stage4b_tsan+0x12df0)
    #4 ~_Vector_base /usr/include/c++/11/bits/stl_vector.h:335 (test_move_nodes_fast_stage4b_tsan+0x12df0)
    #5 ~vector /usr/include/c++/11/bits/stl_vector.h:683 (test_move_nodes_fast_stage4b_tsan+0x12df0)
    #6 MoveNodesFastParallelStage4B(SimpleGraph const&, LeidenGraphStats const&, LeidenPartition, QualityFunction const&, unsigned long, unsigned long, LeidenOptions const*) /home/stomo/WorkSpace/MyLeiden/Leiden.cpp:1919 (test_move_nodes_fast_stage4b_tsan+0x12df0)
    #7 Run tests/test_move_nodes_fast_stage4b_tsan.cpp:85 (test_move_nodes_fast_stage4b_tsan+0x25958)
    #8 RunSuite tests/test_move_nodes_fast_stage4b_tsan.cpp:105 (test_move_nodes_fast_stage4b_tsan+0x2640a)
    #9 main tests/test_move_nodes_fast_stage4b_tsan.cpp:156 (test_move_nodes_fast_stage4b_tsan+0x27e1d)

  Previous write of size 8 at 0x7b5400000138 by thread T1:
    #0 operator() /home/stomo/WorkSpace/MyLeiden/Leiden.cpp:1643 (test_move_nodes_fast_stage4b_tsan+0x1c33c)
    #1 MoveNodesFastParallelStage4B(SimpleGraph const&, LeidenGraphStats const&, LeidenPartition, QualityFunction const&, unsigned long, unsigned long, LeidenOptions const*) [clone ._omp_fn.0] /home/stomo/WorkSpace/MyLeiden/Leiden.cpp:1846 (test_move_nodes_fast_stage4b_tsan+0x1c33c)
    #2 <null> <null> (libgomp.so.1+0x1dc0d)

  Thread T1 (tid=9, running) created by main thread at:
    #0 pthread_create ../../../../src/libsanitizer/tsan/tsan_interceptors_posix.cpp:969 (libtsan.so.0+0x605b8)
    #1 <null> <null> (libgomp.so.1+0x1e25f)
    #2 Run tests/test_move_nodes_fast_stage4b_tsan.cpp:85 (test_move_nodes_fast_stage4b_tsan+0x25958)
    #3 RunSuite tests/test_move_nodes_fast_stage4b_tsan.cpp:105 (test_move_nodes_fast_stage4b_tsan+0x2640a)
    #4 main tests/test_move_nodes_fast_stage4b_tsan.cpp:156 (test_move_nodes_fast_stage4b_tsan+0x27e1d)

SUMMARY: ThreadSanitizer: data race ../../../../src/libsanitizer/tsan/tsan_new_delete.cpp:150 in operator delete(void*, unsigned long)
==================
==================
WARNING: ThreadSanitizer: data race (pid=7)
  Write of size 8 at 0x7fff65f44c18 by main thread:
    #0 MoveNodesFastParallelStage4B(SimpleGraph const&, LeidenGraphStats const&, LeidenPartition, QualityFunction const&, unsigned long, unsigned long, LeidenOptions const*) /home/stomo/WorkSpace/MyLeiden/Leiden.cpp:1550 (test_move_nodes_fast_stage4b_tsan+0x11ee7)
    #1 Run tests/test_move_nodes_fast_stage4b_tsan.cpp:85 (test_move_nodes_fast_stage4b_tsan+0x25958)
    #2 RunSuite tests/test_move_nodes_fast_stage4b_tsan.cpp:109 (test_move_nodes_fast_stage4b_tsan+0x2674d)
    #3 main tests/test_move_nodes_fast_stage4b_tsan.cpp:156 (test_move_nodes_fast_stage4b_tsan+0x27e1d)

  Previous atomic read of size 8 at 0x7fff65f44c18 by thread T3:
    #0 __tsan_atomic64_load ../../../../src/libsanitizer/tsan/tsan_interface_atomic.cpp:539 (libtsan.so.0+0x7fe0e)
    #1 std::__atomic_base<unsigned long>::load(std::memory_order) const /usr/include/c++/11/bits/atomic_base.h:488 (test_move_nodes_fast_stage4b_tsan+0x1c35d)
    #2 operator() /home/stomo/WorkSpace/MyLeiden/Leiden.cpp:1646 (test_move_nodes_fast_stage4b_tsan+0x1c35d)
    #3 MoveNodesFastParallelStage4B(SimpleGraph const&, LeidenGraphStats const&, LeidenPartition, QualityFunction const&, unsigned long, unsigned long, LeidenOptions const*) [clone ._omp_fn.0] /home/stomo/WorkSpace/MyLeiden/Leiden.cpp:1846 (test_move_nodes_fast_stage4b_tsan+0x1c35d)
    #4 <null> <null> (libgomp.so.1+0x1dc0d)

  Location is stack of main thread.

  Location is global '<null>' at 0x000000000000 ([stack]+0x00000001dc18)

  Thread T3 (tid=11, running) created by main thread at:
    #0 pthread_create ../../../../src/libsanitizer/tsan/tsan_interceptors_posix.cpp:969 (libtsan.so.0+0x605b8)
    #1 <null> <null> (libgomp.so.1+0x1e25f)
    #2 Run tests/test_move_nodes_fast_stage4b_tsan.cpp:85 (test_move_nodes_fast_stage4b_tsan+0x25958)
    #3 RunSuite tests/test_move_nodes_fast_stage4b_tsan.cpp:105 (test_move_nodes_fast_stage4b_tsan+0x2640a)
    #4 main tests/test_move_nodes_fast_stage4b_tsan.cpp:156 (test_move_nodes_fast_stage4b_tsan+0x27e1d)

SUMMARY: ThreadSanitizer: data race /home/stomo/WorkSpace/MyLeiden/Leiden.cpp:1550 in MoveNodesFastParallelStage4B(SimpleGraph const&, LeidenGraphStats const&, LeidenPartition, QualityFunction const&, unsigned long, unsigned long, LeidenOptions const*)
==================
==================
WARNING: ThreadSanitizer: data race (pid=7)
  Read of size 8 at 0x7fff65f44c80 by thread T2:
    #0 MoveNodesFastParallelStage4B(SimpleGraph const&, LeidenGraphStats const&, LeidenPartition, QualityFunction const&, unsigned long, unsigned long, LeidenOptions const*) [clone ._omp_fn.0] /home/stomo/WorkSpace/MyLeiden/Leiden.cpp:1846 (test_move_nodes_fast_stage4b_tsan+0x1a715)
    #1 <null> <null> (libgomp.so.1+0x1dc0d)

  Previous write of size 8 at 0x7fff65f44c80 by main thread:
    #0 MoveNodesFastParallelStage4B(SimpleGraph const&, LeidenGraphStats const&, LeidenPartition, QualityFunction const&, unsigned long, unsigned long, LeidenOptions const*) /home/stomo/WorkSpace/MyLeiden/Leiden.cpp:1843 (test_move_nodes_fast_stage4b_tsan+0x1236a)
    #1 Run tests/test_move_nodes_fast_stage4b_tsan.cpp:85 (test_move_nodes_fast_stage4b_tsan+0x25958)
    #2 RunSuite tests/test_move_nodes_fast_stage4b_tsan.cpp:109 (test_move_nodes_fast_stage4b_tsan+0x2674d)
    #3 main tests/test_move_nodes_fast_stage4b_tsan.cpp:156 (test_move_nodes_fast_stage4b_tsan+0x27e1d)

  Location is stack of main thread.

  Location is global '<null>' at 0x000000000000 ([stack]+0x00000001dc80)

  Thread T2 (tid=10, running) created by main thread at:
    #0 pthread_create ../../../../src/libsanitizer/tsan/tsan_interceptors_posix.cpp:969 (libtsan.so.0+0x605b8)
    #1 <null> <null> (libgomp.so.1+0x1e25f)
    #2 Run tests/test_move_nodes_fast_stage4b_tsan.cpp:85 (test_move_nodes_fast_stage4b_tsan+0x25958)
    #3 RunSuite tests/test_move_nodes_fast_stage4b_tsan.cpp:105 (test_move_nodes_fast_stage4b_tsan+0x2640a)
    #4 main tests/test_move_nodes_fast_stage4b_tsan.cpp:156 (test_move_nodes_fast_stage4b_tsan+0x27e1d)

SUMMARY: ThreadSanitizer: data race /home/stomo/WorkSpace/MyLeiden/Leiden.cpp:1846 in MoveNodesFastParallelStage4B(SimpleGraph const&, LeidenGraphStats const&, LeidenPartition, QualityFunction const&, unsigned long, unsigned long, LeidenOptions const*) [clone ._omp_fn.0]
==================
==================
WARNING: ThreadSanitizer: data race (pid=7)
  Read of size 8 at 0x7fff65f44d38 by thread T2:
    #0 operator() /home/stomo/WorkSpace/MyLeiden/Leiden.cpp:1603 (test_move_nodes_fast_stage4b_tsan+0x1a755)
    #1 MoveNodesFastParallelStage4B(SimpleGraph const&, LeidenGraphStats const&, LeidenPartition, QualityFunction const&, unsigned long, unsigned long, LeidenOptions const*) [clone ._omp_fn.0] /home/stomo/WorkSpace/MyLeiden/Leiden.cpp:1846 (test_move_nodes_fast_stage4b_tsan+0x1a755)
    #2 <null> <null> (libgomp.so.1+0x1dc0d)

  Previous write of size 8 at 0x7fff65f44d38 by main thread:
    #0 MoveNodesFastParallelStage4B(SimpleGraph const&, LeidenGraphStats const&, LeidenPartition, QualityFunction const&, unsigned long, unsigned long, LeidenOptions const*) /home/stomo/WorkSpace/MyLeiden/Leiden.cpp:1833 (test_move_nodes_fast_stage4b_tsan+0x12244)
    #1 Run tests/test_move_nodes_fast_stage4b_tsan.cpp:85 (test_move_nodes_fast_stage4b_tsan+0x25958)
    #2 RunSuite tests/test_move_nodes_fast_stage4b_tsan.cpp:109 (test_move_nodes_fast_stage4b_tsan+0x2674d)
    #3 main tests/test_move_nodes_fast_stage4b_tsan.cpp:156 (test_move_nodes_fast_stage4b_tsan+0x27e1d)

  Location is stack of main thread.

  Location is global '<null>' at 0x000000000000 ([stack]+0x00000001dd38)

  Thread T2 (tid=10, running) created by main thread at:
    #0 pthread_create ../../../../src/libsanitizer/tsan/tsan_interceptors_posix.cpp:969 (libtsan.so.0+0x605b8)
    #1 <null> <null> (libgomp.so.1+0x1e25f)
    #2 Run tests/test_move_nodes_fast_stage4b_tsan.cpp:85 (test_move_nodes_fast_stage4b_tsan+0x25958)
    #3 RunSuite tests/test_move_nodes_fast_stage4b_tsan.cpp:105 (test_move_nodes_fast_stage4b_tsan+0x2640a)
    #4 main tests/test_move_nodes_fast_stage4b_tsan.cpp:156 (test_move_nodes_fast_stage4b_tsan+0x27e1d)

SUMMARY: ThreadSanitizer: data race /home/stomo/WorkSpace/MyLeiden/Leiden.cpp:1603 in operator()
==================
==================
WARNING: ThreadSanitizer: data race (pid=7)
  Read of size 8 at 0x7fff65f44c40 by thread T3:
    #0 operator[] /usr/include/c++/11/bits/stl_vector.h:1046 (test_move_nodes_fast_stage4b_tsan+0x1a72c)
    #1 operator() /home/stomo/WorkSpace/MyLeiden/Leiden.cpp:1602 (test_move_nodes_fast_stage4b_tsan+0x1a72c)
    #2 MoveNodesFastParallelStage4B(SimpleGraph const&, LeidenGraphStats const&, LeidenPartition, QualityFunction const&, unsigned long, unsigned long, LeidenOptions const*) [clone ._omp_fn.0] /home/stomo/WorkSpace/MyLeiden/Leiden.cpp:1846 (test_move_nodes_fast_stage4b_tsan+0x1a72c)
    #3 <null> <null> (libgomp.so.1+0x1dc0d)

  Previous write of size 8 at 0x7fff65f44c40 by main thread:
    #0 _Vector_impl_data /usr/include/c++/11/bits/stl_vector.h:98 (test_move_nodes_fast_stage4b_tsan+0x11c76)
    #1 _Vector_impl /usr/include/c++/11/bits/stl_vector.h:137 (test_move_nodes_fast_stage4b_tsan+0x11c76)
    #2 _Vector_base /usr/include/c++/11/bits/stl_vector.h:304 (test_move_nodes_fast_stage4b_tsan+0x11c76)
    #3 vector /usr/include/c++/11/bits/stl_vector.h:511 (test_move_nodes_fast_stage4b_tsan+0x11c76)
    #4 MoveNodesFastParallelStage4B(SimpleGraph const&, LeidenGraphStats const&, LeidenPartition, QualityFunction const&, unsigned long, unsigned long, LeidenOptions const*) /home/stomo/WorkSpace/MyLeiden/Leiden.cpp:1534 (test_move_nodes_fast_stage4b_tsan+0x11c76)
    #5 Run tests/test_move_nodes_fast_stage4b_tsan.cpp:85 (test_move_nodes_fast_stage4b_tsan+0x25958)
    #6 RunSuite tests/test_move_nodes_fast_stage4b_tsan.cpp:109 (test_move_nodes_fast_stage4b_tsan+0x2674d)
    #7 main tests/test_move_nodes_fast_stage4b_tsan.cpp:156 (test_move_nodes_fast_stage4b_tsan+0x27e1d)

  Location is stack of main thread.

  Location is global '<null>' at 0x000000000000 ([stack]+0x00000001dc40)

  Thread T3 (tid=11, running) created by main thread at:
    #0 pthread_create ../../../../src/libsanitizer/tsan/tsan_interceptors_posix.cpp:969 (libtsan.so.0+0x605b8)
    #1 <null> <null> (libgomp.so.1+0x1e25f)
    #2 Run tests/test_move_nodes_fast_stage4b_tsan.cpp:85 (test_move_nodes_fast_stage4b_tsan+0x25958)
    #3 RunSuite tests/test_move_nodes_fast_stage4b_tsan.cpp:105 (test_move_nodes_fast_stage4b_tsan+0x2640a)
    #4 main tests/test_move_nodes_fast_stage4b_tsan.cpp:156 (test_move_nodes_fast_stage4b_tsan+0x27e1d)

SUMMARY: ThreadSanitizer: data race /usr/include/c++/11/bits/stl_vector.h:1046 in operator[]
==================
==================
WARNING: ThreadSanitizer: data race (pid=7)
  Read of size 8 at 0x7fff65f44d50 by thread T3:
    #0 operator() /home/stomo/WorkSpace/MyLeiden/Leiden.cpp:1619 (test_move_nodes_fast_stage4b_tsan+0x1a9f9)
    #1 MoveNodesFastParallelStage4B(SimpleGraph const&, LeidenGraphStats const&, LeidenPartition, QualityFunction const&, unsigned long, unsigned long, LeidenOptions const*) [clone ._omp_fn.0] /home/stomo/WorkSpace/MyLeiden/Leiden.cpp:1846 (test_move_nodes_fast_stage4b_tsan+0x1a9f9)
    #2 <null> <null> (libgomp.so.1+0x1dc0d)

  Previous write of size 8 at 0x7fff65f44d50 by main thread:
    #0 MoveNodesFastParallelStage4B(SimpleGraph const&, LeidenGraphStats const&, LeidenPartition, QualityFunction const&, unsigned long, unsigned long, LeidenOptions const*) /home/stomo/WorkSpace/MyLeiden/Leiden.cpp:1833 (test_move_nodes_fast_stage4b_tsan+0x1228b)
    #1 Run tests/test_move_nodes_fast_stage4b_tsan.cpp:85 (test_move_nodes_fast_stage4b_tsan+0x25958)
    #2 RunSuite tests/test_move_nodes_fast_stage4b_tsan.cpp:109 (test_move_nodes_fast_stage4b_tsan+0x2674d)
    #3 main tests/test_move_nodes_fast_stage4b_tsan.cpp:156 (test_move_nodes_fast_stage4b_tsan+0x27e1d)

  Location is stack of main thread.

  Location is global '<null>' at 0x000000000000 ([stack]+0x00000001dd50)

  Thread T3 (tid=11, running) created by main thread at:
    #0 pthread_create ../../../../src/libsanitizer/tsan/tsan_interceptors_posix.cpp:969 (libtsan.so.0+0x605b8)
    #1 <null> <null> (libgomp.so.1+0x1e25f)
    #2 Run tests/test_move_nodes_fast_stage4b_tsan.cpp:85 (test_move_nodes_fast_stage4b_tsan+0x25958)
    #3 RunSuite tests/test_move_nodes_fast_stage4b_tsan.cpp:105 (test_move_nodes_fast_stage4b_tsan+0x2640a)
    #4 main tests/test_move_nodes_fast_stage4b_tsan.cpp:156 (test_move_nodes_fast_stage4b_tsan+0x27e1d)

SUMMARY: ThreadSanitizer: data race /home/stomo/WorkSpace/MyLeiden/Leiden.cpp:1619 in operator()
==================
==================
WARNING: ThreadSanitizer: data race (pid=7)
  Read of size 8 at 0x7fff65f44d58 by thread T3:
    #0 operator() /home/stomo/WorkSpace/MyLeiden/Leiden.cpp:1620 (test_move_nodes_fast_stage4b_tsan+0x1aa1d)
    #1 MoveNodesFastParallelStage4B(SimpleGraph const&, LeidenGraphStats const&, LeidenPartition, QualityFunction const&, unsigned long, unsigned long, LeidenOptions const*) [clone ._omp_fn.0] /home/stomo/WorkSpace/MyLeiden/Leiden.cpp:1846 (test_move_nodes_fast_stage4b_tsan+0x1aa1d)
    #2 <null> <null> (libgomp.so.1+0x1dc0d)

  Previous write of size 8 at 0x7fff65f44d58 by main thread:
    #0 MoveNodesFastParallelStage4B(SimpleGraph const&, LeidenGraphStats const&, LeidenPartition, QualityFunction const&, unsigned long, unsigned long, LeidenOptions const*) /home/stomo/WorkSpace/MyLeiden/Leiden.cpp:1833 (test_move_nodes_fast_stage4b_tsan+0x1229e)
    #1 Run tests/test_move_nodes_fast_stage4b_tsan.cpp:85 (test_move_nodes_fast_stage4b_tsan+0x25958)
    #2 RunSuite tests/test_move_nodes_fast_stage4b_tsan.cpp:109 (test_move_nodes_fast_stage4b_tsan+0x2674d)
    #3 main tests/test_move_nodes_fast_stage4b_tsan.cpp:156 (test_move_nodes_fast_stage4b_tsan+0x27e1d)

  Location is stack of main thread.

  Location is global '<null>' at 0x000000000000 ([stack]+0x00000001dd58)

  Thread T3 (tid=11, running) created by main thread at:
    #0 pthread_create ../../../../src/libsanitizer/tsan/tsan_interceptors_posix.cpp:969 (libtsan.so.0+0x605b8)
    #1 <null> <null> (libgomp.so.1+0x1e25f)
    #2 Run tests/test_move_nodes_fast_stage4b_tsan.cpp:85 (test_move_nodes_fast_stage4b_tsan+0x25958)
    #3 RunSuite tests/test_move_nodes_fast_stage4b_tsan.cpp:105 (test_move_nodes_fast_stage4b_tsan+0x2640a)
    #4 main tests/test_move_nodes_fast_stage4b_tsan.cpp:156 (test_move_nodes_fast_stage4b_tsan+0x27e1d)

SUMMARY: ThreadSanitizer: data race /home/stomo/WorkSpace/MyLeiden/Leiden.cpp:1620 in operator()
==================
==================
WARNING: ThreadSanitizer: data race (pid=7)
  Atomic read of size 1 at 0x7fff65f44e40 by thread T3:
    #0 pthread_mutex_lock ../../../../src/libsanitizer/sanitizer_common/sanitizer_common_interceptors.inc:4240 (libtsan.so.0+0x53908)
    #1 __gthread_mutex_lock /usr/include/x86_64-linux-gnu/c++/11/bits/gthr-default.h:749 (test_move_nodes_fast_stage4b_tsan+0x1aa5d)
    #2 std::mutex::lock() /usr/include/c++/11/bits/std_mutex.h:100 (test_move_nodes_fast_stage4b_tsan+0x1aa5d)
    #3 std::lock_guard<std::mutex>::lock_guard(std::mutex&) /usr/include/c++/11/bits/std_mutex.h:229 (test_move_nodes_fast_stage4b_tsan+0x1aa5d)
    #4 operator() /home/stomo/WorkSpace/MyLeiden/Leiden.cpp:1637 (test_move_nodes_fast_stage4b_tsan+0x1aa5d)
    #5 MoveNodesFastParallelStage4B(SimpleGraph const&, LeidenGraphStats const&, LeidenPartition, QualityFunction const&, unsigned long, unsigned long, LeidenOptions const*) [clone ._omp_fn.0] /home/stomo/WorkSpace/MyLeiden/Leiden.cpp:1846 (test_move_nodes_fast_stage4b_tsan+0x1aa5d)
    #6 <null> <null> (libgomp.so.1+0x1dc0d)

  Previous write of size 8 at 0x7fff65f44e40 by main thread:
    #0 MoveNodesFastParallelStage4B(SimpleGraph const&, LeidenGraphStats const&, LeidenPartition, QualityFunction const&, unsigned long, unsigned long, LeidenOptions const*) /home/stomo/WorkSpace/MyLeiden/Leiden.cpp:1545 (test_move_nodes_fast_stage4b_tsan+0x11ea4)
    #1 Run tests/test_move_nodes_fast_stage4b_tsan.cpp:85 (test_move_nodes_fast_stage4b_tsan+0x25958)
    #2 RunSuite tests/test_move_nodes_fast_stage4b_tsan.cpp:109 (test_move_nodes_fast_stage4b_tsan+0x2674d)
    #3 main tests/test_move_nodes_fast_stage4b_tsan.cpp:156 (test_move_nodes_fast_stage4b_tsan+0x27e1d)

  Location is stack of main thread.

  Location is global '<null>' at 0x000000000000 ([stack]+0x00000001de40)

  Thread T3 (tid=11, running) created by main thread at:
    #0 pthread_create ../../../../src/libsanitizer/tsan/tsan_interceptors_posix.cpp:969 (libtsan.so.0+0x605b8)
    #1 <null> <null> (libgomp.so.1+0x1e25f)
    #2 Run tests/test_move_nodes_fast_stage4b_tsan.cpp:85 (test_move_nodes_fast_stage4b_tsan+0x25958)
    #3 RunSuite tests/test_move_nodes_fast_stage4b_tsan.cpp:105 (test_move_nodes_fast_stage4b_tsan+0x2640a)
    #4 main tests/test_move_nodes_fast_stage4b_tsan.cpp:156 (test_move_nodes_fast_stage4b_tsan+0x27e1d)

SUMMARY: ThreadSanitizer: data race /usr/include/x86_64-linux-gnu/c++/11/bits/gthr-default.h:749 in __gthread_mutex_lock
==================
==================
WARNING: ThreadSanitizer: data race (pid=7)
  Read of size 8 at 0x7fff65f44d40 by thread T2:
    #0 operator() /home/stomo/WorkSpace/MyLeiden/Leiden.cpp:1612 (test_move_nodes_fast_stage4b_tsan+0x1a9b1)
    #1 MoveNodesFastParallelStage4B(SimpleGraph const&, LeidenGraphStats const&, LeidenPartition, QualityFunction const&, unsigned long, unsigned long, LeidenOptions const*) [clone ._omp_fn.0] /home/stomo/WorkSpace/MyLeiden/Leiden.cpp:1846 (test_move_nodes_fast_stage4b_tsan+0x1a9b1)
    #2 <null> <null> (libgomp.so.1+0x1dc0d)

  Previous write of size 8 at 0x7fff65f44d40 by main thread:
    #0 MoveNodesFastParallelStage4B(SimpleGraph const&, LeidenGraphStats const&, LeidenPartition, QualityFunction const&, unsigned long, unsigned long, LeidenOptions const*) /home/stomo/WorkSpace/MyLeiden/Leiden.cpp:1833 (test_move_nodes_fast_stage4b_tsan+0x1225e)
    #1 Run tests/test_move_nodes_fast_stage4b_tsan.cpp:85 (test_move_nodes_fast_stage4b_tsan+0x25958)
    #2 RunSuite tests/test_move_nodes_fast_stage4b_tsan.cpp:109 (test_move_nodes_fast_stage4b_tsan+0x2674d)
    #3 main tests/test_move_nodes_fast_stage4b_tsan.cpp:156 (test_move_nodes_fast_stage4b_tsan+0x27e1d)

  Location is stack of main thread.

  Location is global '<null>' at 0x000000000000 ([stack]+0x00000001dd40)

  Thread T2 (tid=10, running) created by main thread at:
    #0 pthread_create ../../../../src/libsanitizer/tsan/tsan_interceptors_posix.cpp:969 (libtsan.so.0+0x605b8)
    #1 <null> <null> (libgomp.so.1+0x1e25f)
    #2 Run tests/test_move_nodes_fast_stage4b_tsan.cpp:85 (test_move_nodes_fast_stage4b_tsan+0x25958)
    #3 RunSuite tests/test_move_nodes_fast_stage4b_tsan.cpp:105 (test_move_nodes_fast_stage4b_tsan+0x2640a)
    #4 main tests/test_move_nodes_fast_stage4b_tsan.cpp:156 (test_move_nodes_fast_stage4b_tsan+0x27e1d)

SUMMARY: ThreadSanitizer: data race /home/stomo/WorkSpace/MyLeiden/Leiden.cpp:1612 in operator()
==================
==================
WARNING: ThreadSanitizer: data race (pid=7)
  Read of size 8 at 0x7fff65f44d30 by thread T1:
    #0 operator() /home/stomo/WorkSpace/MyLeiden/Leiden.cpp:1602 (test_move_nodes_fast_stage4b_tsan+0x1a721)
    #1 MoveNodesFastParallelStage4B(SimpleGraph const&, LeidenGraphStats const&, LeidenPartition, QualityFunction const&, unsigned long, unsigned long, LeidenOptions const*) [clone ._omp_fn.0] /home/stomo/WorkSpace/MyLeiden/Leiden.cpp:1846 (test_move_nodes_fast_stage4b_tsan+0x1a721)
    #2 <null> <null> (libgomp.so.1+0x1dc0d)

  Previous write of size 4 at 0x7fff65f44d30 by main thread (mutexes: write M12):
    #0 MoveNodesFastParallelStage4B(SimpleGraph const&, LeidenGraphStats const&, LeidenPartition, QualityFunction const&, unsigned long, unsigned long, LeidenOptions const*) /home/stomo/WorkSpace/MyLeiden/Leiden.cpp:1588 (test_move_nodes_fast_stage4b_tsan+0x1212f)
    #1 Run tests/test_move_nodes_fast_stage4b_tsan.cpp:85 (test_move_nodes_fast_stage4b_tsan+0x25958)
    #2 RunSuite tests/test_move_nodes_fast_stage4b_tsan.cpp:109 (test_move_nodes_fast_stage4b_tsan+0x2674d)
    #3 main tests/test_move_nodes_fast_stage4b_tsan.cpp:156 (test_move_nodes_fast_stage4b_tsan+0x27e1d)

  Location is stack of main thread.

  Location is global '<null>' at 0x000000000000 ([stack]+0x00000001dd30)

  Mutex M12 (0x7fff65f44e40) created at:
    #0 pthread_mutex_lock ../../../../src/libsanitizer/sanitizer_common/sanitizer_common_interceptors.inc:4240 (libtsan.so.0+0x53908)
    #1 __gthread_mutex_lock /usr/include/x86_64-linux-gnu/c++/11/bits/gthr-default.h:749 (test_move_nodes_fast_stage4b_tsan+0x1249c)
    #2 std::mutex::lock() /usr/include/c++/11/bits/std_mutex.h:100 (test_move_nodes_fast_stage4b_tsan+0x1249c)
    #3 std::lock_guard<std::mutex>::lock_guard(std::mutex&) /usr/include/c++/11/bits/std_mutex.h:229 (test_move_nodes_fast_stage4b_tsan+0x1249c)
    #4 MoveNodesFastParallelStage4B(SimpleGraph const&, LeidenGraphStats const&, LeidenPartition, QualityFunction const&, unsigned long, unsigned long, LeidenOptions const*) /home/stomo/WorkSpace/MyLeiden/Leiden.cpp:1586 (test_move_nodes_fast_stage4b_tsan+0x1249c)
    #5 Run tests/test_move_nodes_fast_stage4b_tsan.cpp:85 (test_move_nodes_fast_stage4b_tsan+0x25958)
    #6 RunSuite tests/test_move_nodes_fast_stage4b_tsan.cpp:105 (test_move_nodes_fast_stage4b_tsan+0x2640a)
    #7 main tests/test_move_nodes_fast_stage4b_tsan.cpp:156 (test_move_nodes_fast_stage4b_tsan+0x27e1d)

  Thread T1 (tid=9, running) created by main thread at:
    #0 pthread_create ../../../../src/libsanitizer/tsan/tsan_interceptors_posix.cpp:969 (libtsan.so.0+0x605b8)
    #1 <null> <null> (libgomp.so.1+0x1e25f)
    #2 Run tests/test_move_nodes_fast_stage4b_tsan.cpp:85 (test_move_nodes_fast_stage4b_tsan+0x25958)
    #3 RunSuite tests/test_move_nodes_fast_stage4b_tsan.cpp:105 (test_move_nodes_fast_stage4b_tsan+0x2640a)
    #4 main tests/test_move_nodes_fast_stage4b_tsan.cpp:156 (test_move_nodes_fast_stage4b_tsan+0x27e1d)

SUMMARY: ThreadSanitizer: data race /home/stomo/WorkSpace/MyLeiden/Leiden.cpp:1602 in operator()
==================
==================
WARNING: ThreadSanitizer: data race (pid=7)
  Read of size 8 at 0x7fff65f44d60 by thread T2:
    #0 operator() /home/stomo/WorkSpace/MyLeiden/Leiden.cpp:1653 (test_move_nodes_fast_stage4b_tsan+0x1ab87)
    #1 MoveNodesFastParallelStage4B(SimpleGraph const&, LeidenGraphStats const&, LeidenPartition, QualityFunction const&, unsigned long, unsigned long, LeidenOptions const*) [clone ._omp_fn.0] /home/stomo/WorkSpace/MyLeiden/Leiden.cpp:1846 (test_move_nodes_fast_stage4b_tsan+0x1ab87)
    #2 <null> <null> (libgomp.so.1+0x1dc0d)

  Previous write of size 8 at 0x7fff65f44d60 by main thread:
    #0 MoveNodesFastParallelStage4B(SimpleGraph const&, LeidenGraphStats const&, LeidenPartition, QualityFunction const&, unsigned long, unsigned long, LeidenOptions const*) /home/stomo/WorkSpace/MyLeiden/Leiden.cpp:1833 (test_move_nodes_fast_stage4b_tsan+0x122b8)
    #1 Run tests/test_move_nodes_fast_stage4b_tsan.cpp:85 (test_move_nodes_fast_stage4b_tsan+0x25958)
    #2 RunSuite tests/test_move_nodes_fast_stage4b_tsan.cpp:115 (test_move_nodes_fast_stage4b_tsan+0x26abf)
    #3 main tests/test_move_nodes_fast_stage4b_tsan.cpp:156 (test_move_nodes_fast_stage4b_tsan+0x27e1d)

  Location is stack of main thread.

  Location is global '<null>' at 0x000000000000 ([stack]+0x00000001dd60)

  Thread T2 (tid=10, running) created by main thread at:
    #0 pthread_create ../../../../src/libsanitizer/tsan/tsan_interceptors_posix.cpp:969 (libtsan.so.0+0x605b8)
    #1 <null> <null> (libgomp.so.1+0x1e25f)
    #2 Run tests/test_move_nodes_fast_stage4b_tsan.cpp:85 (test_move_nodes_fast_stage4b_tsan+0x25958)
    #3 RunSuite tests/test_move_nodes_fast_stage4b_tsan.cpp:105 (test_move_nodes_fast_stage4b_tsan+0x2640a)
    #4 main tests/test_move_nodes_fast_stage4b_tsan.cpp:156 (test_move_nodes_fast_stage4b_tsan+0x27e1d)

SUMMARY: ThreadSanitizer: data race /home/stomo/WorkSpace/MyLeiden/Leiden.cpp:1653 in operator()
==================
==================
WARNING: ThreadSanitizer: data race (pid=7)
  Read of size 8 at 0x7fff65f44d68 by thread T2:
    #0 operator() /home/stomo/WorkSpace/MyLeiden/Leiden.cpp:1661 (test_move_nodes_fast_stage4b_tsan+0x1ac1e)
    #1 MoveNodesFastParallelStage4B(SimpleGraph const&, LeidenGraphStats const&, LeidenPartition, QualityFunction const&, unsigned long, unsigned long, LeidenOptions const*) [clone ._omp_fn.0] /home/stomo/WorkSpace/MyLeiden/Leiden.cpp:1846 (test_move_nodes_fast_stage4b_tsan+0x1ac1e)
    #2 <null> <null> (libgomp.so.1+0x1dc0d)

  Previous write of size 8 at 0x7fff65f44d68 by main thread:
    #0 MoveNodesFastParallelStage4B(SimpleGraph const&, LeidenGraphStats const&, LeidenPartition, QualityFunction const&, unsigned long, unsigned long, LeidenOptions const*) /home/stomo/WorkSpace/MyLeiden/Leiden.cpp:1833 (test_move_nodes_fast_stage4b_tsan+0x122d2)
    #1 Run tests/test_move_nodes_fast_stage4b_tsan.cpp:85 (test_move_nodes_fast_stage4b_tsan+0x25958)
    #2 RunSuite tests/test_move_nodes_fast_stage4b_tsan.cpp:115 (test_move_nodes_fast_stage4b_tsan+0x26abf)
    #3 main tests/test_move_nodes_fast_stage4b_tsan.cpp:156 (test_move_nodes_fast_stage4b_tsan+0x27e1d)

  Location is stack of main thread.

  Location is global '<null>' at 0x000000000000 ([stack]+0x00000001dd68)

  Thread T2 (tid=10, running) created by main thread at:
    #0 pthread_create ../../../../src/libsanitizer/tsan/tsan_interceptors_posix.cpp:969 (libtsan.so.0+0x605b8)
    #1 <null> <null> (libgomp.so.1+0x1e25f)
    #2 Run tests/test_move_nodes_fast_stage4b_tsan.cpp:85 (test_move_nodes_fast_stage4b_tsan+0x25958)
    #3 RunSuite tests/test_move_nodes_fast_stage4b_tsan.cpp:105 (test_move_nodes_fast_stage4b_tsan+0x2640a)
    #4 main tests/test_move_nodes_fast_stage4b_tsan.cpp:156 (test_move_nodes_fast_stage4b_tsan+0x27e1d)

SUMMARY: ThreadSanitizer: data race /home/stomo/WorkSpace/MyLeiden/Leiden.cpp:1661 in operator()
==================
==================
WARNING: ThreadSanitizer: data race (pid=7)
  Read of size 8 at 0x7fff65f44d70 by thread T2:
    #0 operator() /home/stomo/WorkSpace/MyLeiden/Leiden.cpp:1705 (test_move_nodes_fast_stage4b_tsan+0x1b250)
    #1 MoveNodesFastParallelStage4B(SimpleGraph const&, LeidenGraphStats const&, LeidenPartition, QualityFunction const&, unsigned long, unsigned long, LeidenOptions const*) [clone ._omp_fn.0] /home/stomo/WorkSpace/MyLeiden/Leiden.cpp:1846 (test_move_nodes_fast_stage4b_tsan+0x1b250)
    #2 <null> <null> (libgomp.so.1+0x1dc0d)

  Previous write of size 8 at 0x7fff65f44d70 by main thread:
    #0 MoveNodesFastParallelStage4B(SimpleGraph const&, LeidenGraphStats const&, LeidenPartition, QualityFunction const&, unsigned long, unsigned long, LeidenOptions const*) /home/stomo/WorkSpace/MyLeiden/Leiden.cpp:1833 (test_move_nodes_fast_stage4b_tsan+0x122ec)
    #1 Run tests/test_move_nodes_fast_stage4b_tsan.cpp:85 (test_move_nodes_fast_stage4b_tsan+0x25958)
    #2 RunSuite tests/test_move_nodes_fast_stage4b_tsan.cpp:115 (test_move_nodes_fast_stage4b_tsan+0x26abf)
    #3 main tests/test_move_nodes_fast_stage4b_tsan.cpp:156 (test_move_nodes_fast_stage4b_tsan+0x27e1d)

  Location is stack of main thread.

  Location is global '<null>' at 0x000000000000 ([stack]+0x00000001dd70)

  Thread T2 (tid=10, running) created by main thread at:
    #0 pthread_create ../../../../src/libsanitizer/tsan/tsan_interceptors_posix.cpp:969 (libtsan.so.0+0x605b8)
    #1 <null> <null> (libgomp.so.1+0x1e25f)
    #2 Run tests/test_move_nodes_fast_stage4b_tsan.cpp:85 (test_move_nodes_fast_stage4b_tsan+0x25958)
    #3 RunSuite tests/test_move_nodes_fast_stage4b_tsan.cpp:105 (test_move_nodes_fast_stage4b_tsan+0x2640a)
    #4 main tests/test_move_nodes_fast_stage4b_tsan.cpp:156 (test_move_nodes_fast_stage4b_tsan+0x27e1d)

SUMMARY: ThreadSanitizer: data race /home/stomo/WorkSpace/MyLeiden/Leiden.cpp:1705 in operator()
==================
==================
WARNING: ThreadSanitizer: data race (pid=7)
  Read of size 8 at 0x7fff65f44d80 by thread T3:
    #0 operator() /home/stomo/WorkSpace/MyLeiden/Leiden.cpp:1715 (test_move_nodes_fast_stage4b_tsan+0x1b346)
    #1 MoveNodesFastParallelStage4B(SimpleGraph const&, LeidenGraphStats const&, LeidenPartition, QualityFunction const&, unsigned long, unsigned long, LeidenOptions const*) [clone ._omp_fn.0] /home/stomo/WorkSpace/MyLeiden/Leiden.cpp:1846 (test_move_nodes_fast_stage4b_tsan+0x1b346)
    #2 <null> <null> (libgomp.so.1+0x1dc0d)

  Previous write of size 8 at 0x7fff65f44d80 by main thread:
    #0 MoveNodesFastParallelStage4B(SimpleGraph const&, LeidenGraphStats const&, LeidenPartition, QualityFunction const&, unsigned long, unsigned long, LeidenOptions const*) /home/stomo/WorkSpace/MyLeiden/Leiden.cpp:1833 (test_move_nodes_fast_stage4b_tsan+0x12320)
    #1 Run tests/test_move_nodes_fast_stage4b_tsan.cpp:85 (test_move_nodes_fast_stage4b_tsan+0x25958)
    #2 RunSuite tests/test_move_nodes_fast_stage4b_tsan.cpp:115 (test_move_nodes_fast_stage4b_tsan+0x26abf)
    #3 main tests/test_move_nodes_fast_stage4b_tsan.cpp:156 (test_move_nodes_fast_stage4b_tsan+0x27e1d)

  Location is stack of main thread.

  Location is global '<null>' at 0x000000000000 ([stack]+0x00000001dd80)

  Thread T3 (tid=11, running) created by main thread at:
    #0 pthread_create ../../../../src/libsanitizer/tsan/tsan_interceptors_posix.cpp:969 (libtsan.so.0+0x605b8)
    #1 <null> <null> (libgomp.so.1+0x1e25f)
    #2 Run tests/test_move_nodes_fast_stage4b_tsan.cpp:85 (test_move_nodes_fast_stage4b_tsan+0x25958)
    #3 RunSuite tests/test_move_nodes_fast_stage4b_tsan.cpp:105 (test_move_nodes_fast_stage4b_tsan+0x2640a)
    #4 main tests/test_move_nodes_fast_stage4b_tsan.cpp:156 (test_move_nodes_fast_stage4b_tsan+0x27e1d)

SUMMARY: ThreadSanitizer: data race /home/stomo/WorkSpace/MyLeiden/Leiden.cpp:1715 in operator()
==================
==================
WARNING: ThreadSanitizer: data race (pid=7)
  Read of size 8 at 0x7fff65f44d78 by thread T2:
    #0 operator() /home/stomo/WorkSpace/MyLeiden/Leiden.cpp:1706 (test_move_nodes_fast_stage4b_tsan+0x1b2ed)
    #1 MoveNodesFastParallelStage4B(SimpleGraph const&, LeidenGraphStats const&, LeidenPartition, QualityFunction const&, unsigned long, unsigned long, LeidenOptions const*) [clone ._omp_fn.0] /home/stomo/WorkSpace/MyLeiden/Leiden.cpp:1846 (test_move_nodes_fast_stage4b_tsan+0x1b2ed)
    #2 <null> <null> (libgomp.so.1+0x1dc0d)

  Previous write of size 8 at 0x7fff65f44d78 by main thread:
    #0 MoveNodesFastParallelStage4B(SimpleGraph const&, LeidenGraphStats const&, LeidenPartition, QualityFunction const&, unsigned long, unsigned long, LeidenOptions const*) /home/stomo/WorkSpace/MyLeiden/Leiden.cpp:1833 (test_move_nodes_fast_stage4b_tsan+0x12306)
    #1 Run tests/test_move_nodes_fast_stage4b_tsan.cpp:85 (test_move_nodes_fast_stage4b_tsan+0x25958)
    #2 RunSuite tests/test_move_nodes_fast_stage4b_tsan.cpp:115 (test_move_nodes_fast_stage4b_tsan+0x26abf)
    #3 main tests/test_move_nodes_fast_stage4b_tsan.cpp:156 (test_move_nodes_fast_stage4b_tsan+0x27e1d)

  Location is stack of main thread.

  Location is global '<null>' at 0x000000000000 ([stack]+0x00000001dd78)

  Thread T2 (tid=10, running) created by main thread at:
    #0 pthread_create ../../../../src/libsanitizer/tsan/tsan_interceptors_posix.cpp:969 (libtsan.so.0+0x605b8)
    #1 <null> <null> (libgomp.so.1+0x1e25f)
    #2 Run tests/test_move_nodes_fast_stage4b_tsan.cpp:85 (test_move_nodes_fast_stage4b_tsan+0x25958)
    #3 RunSuite tests/test_move_nodes_fast_stage4b_tsan.cpp:105 (test_move_nodes_fast_stage4b_tsan+0x2640a)
    #4 main tests/test_move_nodes_fast_stage4b_tsan.cpp:156 (test_move_nodes_fast_stage4b_tsan+0x27e1d)

SUMMARY: ThreadSanitizer: data race /home/stomo/WorkSpace/MyLeiden/Leiden.cpp:1706 in operator()
==================
==================
WARNING: ThreadSanitizer: data race (pid=7)
  Read of size 8 at 0x7fff65f44d88 by thread T2 (mutexes: write M92, write M93):
    #0 operator() /home/stomo/WorkSpace/MyLeiden/Leiden.cpp:1798 (test_move_nodes_fast_stage4b_tsan+0x1c06f)
    #1 MoveNodesFastParallelStage4B(SimpleGraph const&, LeidenGraphStats const&, LeidenPartition, QualityFunction const&, unsigned long, unsigned long, LeidenOptions const*) [clone ._omp_fn.0] /home/stomo/WorkSpace/MyLeiden/Leiden.cpp:1846 (test_move_nodes_fast_stage4b_tsan+0x1c06f)
    #2 <null> <null> (libgomp.so.1+0x1dc0d)

  Previous write of size 8 at 0x7fff65f44d88 by main thread:
    #0 MoveNodesFastParallelStage4B(SimpleGraph const&, LeidenGraphStats const&, LeidenPartition, QualityFunction const&, unsigned long, unsigned long, LeidenOptions const*) /home/stomo/WorkSpace/MyLeiden/Leiden.cpp:1833 (test_move_nodes_fast_stage4b_tsan+0x1233a)
    #1 Run tests/test_move_nodes_fast_stage4b_tsan.cpp:85 (test_move_nodes_fast_stage4b_tsan+0x25958)
    #2 RunSuite tests/test_move_nodes_fast_stage4b_tsan.cpp:125 (test_move_nodes_fast_stage4b_tsan+0x2700f)
    #3 main tests/test_move_nodes_fast_stage4b_tsan.cpp:156 (test_move_nodes_fast_stage4b_tsan+0x27e1d)

  Location is stack of main thread.

  Location is global '<null>' at 0x000000000000 ([stack]+0x00000001dd88)

  Mutex M92 (0x7b4c00000118) created at:
    #0 pthread_mutex_lock ../../../../src/libsanitizer/sanitizer_common/sanitizer_common_interceptors.inc:4240 (libtsan.so.0+0x53908)
    #1 __gthread_mutex_lock /usr/include/x86_64-linux-gnu/c++/11/bits/gthr-default.h:749 (test_move_nodes_fast_stage4b_tsan+0x1aff1)
    #2 std::mutex::lock() /usr/include/c++/11/bits/std_mutex.h:100 (test_move_nodes_fast_stage4b_tsan+0x1aff1)
    #3 std::lock_guard<std::mutex>::lock_guard(std::mutex&) /usr/include/c++/11/bits/std_mutex.h:229 (test_move_nodes_fast_stage4b_tsan+0x1aff1)
    #4 operator() /home/stomo/WorkSpace/MyLeiden/Leiden.cpp:1689 (test_move_nodes_fast_stage4b_tsan+0x1aff1)
    #5 MoveNodesFastParallelStage4B(SimpleGraph const&, LeidenGraphStats const&, LeidenPartition, QualityFunction const&, unsigned long, unsigned long, LeidenOptions const*) [clone ._omp_fn.0] /home/stomo/WorkSpace/MyLeiden/Leiden.cpp:1846 (test_move_nodes_fast_stage4b_tsan+0x1aff1)
    #6 <null> <null> (libgomp.so.1+0x1dc0d)

  Mutex M93 (0x7b4c00000140) created at:
    #0 pthread_mutex_lock ../../../../src/libsanitizer/sanitizer_common/sanitizer_common_interceptors.inc:4240 (libtsan.so.0+0x53908)
    #1 __gthread_mutex_lock /usr/include/x86_64-linux-gnu/c++/11/bits/gthr-default.h:749 (test_move_nodes_fast_stage4b_tsan+0x1b1f8)
    #2 std::mutex::lock() /usr/include/c++/11/bits/std_mutex.h:100 (test_move_nodes_fast_stage4b_tsan+0x1b1f8)
    #3 std::lock_guard<std::mutex>::lock_guard(std::mutex&) /usr/include/c++/11/bits/std_mutex.h:229 (test_move_nodes_fast_stage4b_tsan+0x1b1f8)
    #4 operator() /home/stomo/WorkSpace/MyLeiden/Leiden.cpp:1700 (test_move_nodes_fast_stage4b_tsan+0x1b1f8)
    #5 MoveNodesFastParallelStage4B(SimpleGraph const&, LeidenGraphStats const&, LeidenPartition, QualityFunction const&, unsigned long, unsigned long, LeidenOptions const*) [clone ._omp_fn.0] /home/stomo/WorkSpace/MyLeiden/Leiden.cpp:1846 (test_move_nodes_fast_stage4b_tsan+0x1b1f8)
    #6 <null> <null> (libgomp.so.1+0x1dc0d)

  Thread T2 (tid=10, running) created by main thread at:
    #0 pthread_create ../../../../src/libsanitizer/tsan/tsan_interceptors_posix.cpp:969 (libtsan.so.0+0x605b8)
    #1 <null> <null> (libgomp.so.1+0x1e25f)
    #2 Run tests/test_move_nodes_fast_stage4b_tsan.cpp:85 (test_move_nodes_fast_stage4b_tsan+0x25958)
    #3 RunSuite tests/test_move_nodes_fast_stage4b_tsan.cpp:105 (test_move_nodes_fast_stage4b_tsan+0x2640a)
    #4 main tests/test_move_nodes_fast_stage4b_tsan.cpp:156 (test_move_nodes_fast_stage4b_tsan+0x27e1d)

SUMMARY: ThreadSanitizer: data race /home/stomo/WorkSpace/MyLeiden/Leiden.cpp:1798 in operator()
==================
==================
WARNING: ThreadSanitizer: data race (pid=7)
  Atomic write of size 8 at 0x7fff65f44c28 by thread T3 (mutexes: write M99, write M95):
    #0 __tsan_atomic64_fetch_add ../../../../src/libsanitizer/tsan/tsan_interface_atomic.cpp:620 (libtsan.so.0+0x82239)
    #1 std::__atomic_base<unsigned long>::fetch_add(unsigned long, std::memory_order) /usr/include/c++/11/bits/atomic_base.h:618 (test_move_nodes_fast_stage4b_tsan+0x1bf49)
    #2 operator() /home/stomo/WorkSpace/MyLeiden/Leiden.cpp:1801 (test_move_nodes_fast_stage4b_tsan+0x1bf49)
    #3 MoveNodesFastParallelStage4B(SimpleGraph const&, LeidenGraphStats const&, LeidenPartition, QualityFunction const&, unsigned long, unsigned long, LeidenOptions const*) [clone ._omp_fn.0] /home/stomo/WorkSpace/MyLeiden/Leiden.cpp:1846 (test_move_nodes_fast_stage4b_tsan+0x1bf49)
    #4 <null> <null> (libgomp.so.1+0x1dc0d)

  Previous write of size 8 at 0x7fff65f44c28 by main thread:
    #0 MoveNodesFastParallelStage4B(SimpleGraph const&, LeidenGraphStats const&, LeidenPartition, QualityFunction const&, unsigned long, unsigned long, LeidenOptions const*) /home/stomo/WorkSpace/MyLeiden/Leiden.cpp:1596 (test_move_nodes_fast_stage4b_tsan+0x12210)
    #1 Run tests/test_move_nodes_fast_stage4b_tsan.cpp:85 (test_move_nodes_fast_stage4b_tsan+0x25958)
    #2 RunSuite tests/test_move_nodes_fast_stage4b_tsan.cpp:125 (test_move_nodes_fast_stage4b_tsan+0x2700f)
    #3 main tests/test_move_nodes_fast_stage4b_tsan.cpp:156 (test_move_nodes_fast_stage4b_tsan+0x27e1d)

  Location is stack of main thread.

  Location is global '<null>' at 0x000000000000 ([stack]+0x00000001dc28)

  Mutex M99 (0x7b4c000000c8) created at:
    #0 pthread_mutex_lock ../../../../src/libsanitizer/sanitizer_common/sanitizer_common_interceptors.inc:4240 (libtsan.so.0+0x53908)
    #1 __gthread_mutex_lock /usr/include/x86_64-linux-gnu/c++/11/bits/gthr-default.h:749 (test_move_nodes_fast_stage4b_tsan+0x1b1f8)
    #2 std::mutex::lock() /usr/include/c++/11/bits/std_mutex.h:100 (test_move_nodes_fast_stage4b_tsan+0x1b1f8)
    #3 std::lock_guard<std::mutex>::lock_guard(std::mutex&) /usr/include/c++/11/bits/std_mutex.h:229 (test_move_nodes_fast_stage4b_tsan+0x1b1f8)
    #4 operator() /home/stomo/WorkSpace/MyLeiden/Leiden.cpp:1700 (test_move_nodes_fast_stage4b_tsan+0x1b1f8)
    #5 MoveNodesFastParallelStage4B(SimpleGraph const&, LeidenGraphStats const&, LeidenPartition, QualityFunction const&, unsigned long, unsigned long, LeidenOptions const*) [clone ._omp_fn.0] /home/stomo/WorkSpace/MyLeiden/Leiden.cpp:1846 (test_move_nodes_fast_stage4b_tsan+0x1b1f8)
    #6 <null> <null> (libgomp.so.1+0x1dc0d)

  Mutex M95 (0x7b4c000000f0) created at:
    #0 pthread_mutex_lock ../../../../src/libsanitizer/sanitizer_common/sanitizer_common_interceptors.inc:4240 (libtsan.so.0+0x53908)
    #1 __gthread_mutex_lock /usr/include/x86_64-linux-gnu/c++/11/bits/gthr-default.h:749 (test_move_nodes_fast_stage4b_tsan+0x1aff1)
    #2 std::mutex::lock() /usr/include/c++/11/bits/std_mutex.h:100 (test_move_nodes_fast_stage4b_tsan+0x1aff1)
    #3 std::lock_guard<std::mutex>::lock_guard(std::mutex&) /usr/include/c++/11/bits/std_mutex.h:229 (test_move_nodes_fast_stage4b_tsan+0x1aff1)
    #4 operator() /home/stomo/WorkSpace/MyLeiden/Leiden.cpp:1689 (test_move_nodes_fast_stage4b_tsan+0x1aff1)
    #5 MoveNodesFastParallelStage4B(SimpleGraph const&, LeidenGraphStats const&, LeidenPartition, QualityFunction const&, unsigned long, unsigned long, LeidenOptions const*) [clone ._omp_fn.0] /home/stomo/WorkSpace/MyLeiden/Leiden.cpp:1846 (test_move_nodes_fast_stage4b_tsan+0x1aff1)
    #6 <null> <null> (libgomp.so.1+0x1dc0d)

  Thread T3 (tid=11, running) created by main thread at:
    #0 pthread_create ../../../../src/libsanitizer/tsan/tsan_interceptors_posix.cpp:969 (libtsan.so.0+0x605b8)
    #1 <null> <null> (libgomp.so.1+0x1e25f)
    #2 Run tests/test_move_nodes_fast_stage4b_tsan.cpp:85 (test_move_nodes_fast_stage4b_tsan+0x25958)
    #3 RunSuite tests/test_move_nodes_fast_stage4b_tsan.cpp:105 (test_move_nodes_fast_stage4b_tsan+0x2640a)
    #4 main tests/test_move_nodes_fast_stage4b_tsan.cpp:156 (test_move_nodes_fast_stage4b_tsan+0x27e1d)

SUMMARY: ThreadSanitizer: data race /usr/include/c++/11/bits/atomic_base.h:618 in std::__atomic_base<unsigned long>::fetch_add(unsigned long, std::memory_order)
==================
==================
WARNING: ThreadSanitizer: data race (pid=7)
  Read of size 8 at 0x7fff65f44d90 by thread T1 (mutexes: write M94, write M97):
    #0 operator() /home/stomo/WorkSpace/MyLeiden/Leiden.cpp:1801 (test_move_nodes_fast_stage4b_tsan+0x1bf36)
    #1 MoveNodesFastParallelStage4B(SimpleGraph const&, LeidenGraphStats const&, LeidenPartition, QualityFunction const&, unsigned long, unsigned long, LeidenOptions const*) [clone ._omp_fn.0] /home/stomo/WorkSpace/MyLeiden/Leiden.cpp:1846 (test_move_nodes_fast_stage4b_tsan+0x1bf36)
    #2 <null> <null> (libgomp.so.1+0x1dc0d)

  Previous write of size 8 at 0x7fff65f44d90 by main thread:
    #0 MoveNodesFastParallelStage4B(SimpleGraph const&, LeidenGraphStats const&, LeidenPartition, QualityFunction const&, unsigned long, unsigned long, LeidenOptions const*) /home/stomo/WorkSpace/MyLeiden/Leiden.cpp:1833 (test_move_nodes_fast_stage4b_tsan+0x12354)
    #1 Run tests/test_move_nodes_fast_stage4b_tsan.cpp:85 (test_move_nodes_fast_stage4b_tsan+0x25958)
    #2 RunSuite tests/test_move_nodes_fast_stage4b_tsan.cpp:125 (test_move_nodes_fast_stage4b_tsan+0x2700f)
    #3 main tests/test_move_nodes_fast_stage4b_tsan.cpp:156 (test_move_nodes_fast_stage4b_tsan+0x27e1d)

  Location is stack of main thread.

  Location is global '<null>' at 0x000000000000 ([stack]+0x00000001dd90)

  Mutex M94 (0x7b4c00000000) created at:
    #0 pthread_mutex_lock ../../../../src/libsanitizer/sanitizer_common/sanitizer_common_interceptors.inc:4240 (libtsan.so.0+0x53908)
    #1 __gthread_mutex_lock /usr/include/x86_64-linux-gnu/c++/11/bits/gthr-default.h:749 (test_move_nodes_fast_stage4b_tsan+0x1aff1)
    #2 std::mutex::lock() /usr/include/c++/11/bits/std_mutex.h:100 (test_move_nodes_fast_stage4b_tsan+0x1aff1)
    #3 std::lock_guard<std::mutex>::lock_guard(std::mutex&) /usr/include/c++/11/bits/std_mutex.h:229 (test_move_nodes_fast_stage4b_tsan+0x1aff1)
    #4 operator() /home/stomo/WorkSpace/MyLeiden/Leiden.cpp:1689 (test_move_nodes_fast_stage4b_tsan+0x1aff1)
    #5 MoveNodesFastParallelStage4B(SimpleGraph const&, LeidenGraphStats const&, LeidenPartition, QualityFunction const&, unsigned long, unsigned long, LeidenOptions const*) [clone ._omp_fn.0] /home/stomo/WorkSpace/MyLeiden/Leiden.cpp:1846 (test_move_nodes_fast_stage4b_tsan+0x1aff1)
    #6 <null> <null> (libgomp.so.1+0x1dc0d)

  Mutex M97 (0x7b4c00000028) created at:
    #0 pthread_mutex_lock ../../../../src/libsanitizer/sanitizer_common/sanitizer_common_interceptors.inc:4240 (libtsan.so.0+0x53908)
    #1 __gthread_mutex_lock /usr/include/x86_64-linux-gnu/c++/11/bits/gthr-default.h:749 (test_move_nodes_fast_stage4b_tsan+0x1b1f8)
    #2 std::mutex::lock() /usr/include/c++/11/bits/std_mutex.h:100 (test_move_nodes_fast_stage4b_tsan+0x1b1f8)
    #3 std::lock_guard<std::mutex>::lock_guard(std::mutex&) /usr/include/c++/11/bits/std_mutex.h:229 (test_move_nodes_fast_stage4b_tsan+0x1b1f8)
    #4 operator() /home/stomo/WorkSpace/MyLeiden/Leiden.cpp:1700 (test_move_nodes_fast_stage4b_tsan+0x1b1f8)
    #5 MoveNodesFastParallelStage4B(SimpleGraph const&, LeidenGraphStats const&, LeidenPartition, QualityFunction const&, unsigned long, unsigned long, LeidenOptions const*) [clone ._omp_fn.0] /home/stomo/WorkSpace/MyLeiden/Leiden.cpp:1846 (test_move_nodes_fast_stage4b_tsan+0x1b1f8)
    #6 <null> <null> (libgomp.so.1+0x1dc0d)

  Thread T1 (tid=9, running) created by main thread at:
    #0 pthread_create ../../../../src/libsanitizer/tsan/tsan_interceptors_posix.cpp:969 (libtsan.so.0+0x605b8)
    #1 <null> <null> (libgomp.so.1+0x1e25f)
    #2 Run tests/test_move_nodes_fast_stage4b_tsan.cpp:85 (test_move_nodes_fast_stage4b_tsan+0x25958)
    #3 RunSuite tests/test_move_nodes_fast_stage4b_tsan.cpp:105 (test_move_nodes_fast_stage4b_tsan+0x2640a)
    #4 main tests/test_move_nodes_fast_stage4b_tsan.cpp:156 (test_move_nodes_fast_stage4b_tsan+0x27e1d)

SUMMARY: ThreadSanitizer: data race /home/stomo/WorkSpace/MyLeiden/Leiden.cpp:1801 in operator()
==================
Stage4B isolated tests passed (iterations=1).
ThreadSanitizer: reported 19 warnings
